

================================================================
== Vitis HLS Report for 'convolution_Pipeline_VITIS_LOOP_67_19_VITIS_LOOP_68_20_VITIS_LOOP_69_21'
================================================================
* Date:           Tue Sep 22 23:27:52 2026

* Version:        2025.2 (Build 6295257 on Nov 14 2025)
* Project:        lesion
* Solution:       solution1 (Vivado IP Flow Target)
* Product family: zynq
* Target device:  xc7z020-clg400-1


================================================================
== Performance Estimates
================================================================
+ Timing: 
    * Summary: 
    +--------+----------+----------+------------+
    |  Clock |  Target  | Estimated| Uncertainty|
    +--------+----------+----------+------------+
    |ap_clk  |  10.00 ns|  7.300 ns|     2.70 ns|
    +--------+----------+----------+------------+

+ Latency: 
    * Summary: 
    +---------+---------+----------+----------+-----+-----+-------------------+
    |  Latency (cycles) |  Latency (absolute) |  Interval |      Pipeline     |
    |   min   |   max   |    min   |    max   | min | max |        Type       |
    +---------+---------+----------+----------+-----+-----+-------------------+
    |      529|      529|  5.290 us|  5.290 us|    0|    0|  loop pipeline stp|
    +---------+---------+----------+----------+-----+-----+-------------------+

    + Detail: 
        * Instance: 
        N/A

        * Loop: 
        +------------------------------------------------------+---------+---------+----------+-----------+-----------+------+----------+
        |                                                      |  Latency (cycles) | Iteration|  Initiation Interval  | Trip |          |
        |                       Loop Name                      |   min   |   max   |  Latency |  achieved |   target  | Count| Pipelined|
        +------------------------------------------------------+---------+---------+----------+-----------+-----------+------+----------+
        |- VITIS_LOOP_67_19_VITIS_LOOP_68_20_VITIS_LOOP_69_21  |      527|      527|        17|          1|          1|   512|       yes|
        +------------------------------------------------------+---------+---------+----------+-----------+-----------+------+----------+



================================================================
== Utilization Estimates
================================================================
* Summary: 
+-----------------+---------+-----+--------+-------+-----+
|       Name      | BRAM_18K| DSP |   FF   |  LUT  | URAM|
+-----------------+---------+-----+--------+-------+-----+
|DSP              |        -|    -|       -|      -|    -|
|Expression       |        -|    -|       0|   1448|    -|
|FIFO             |        -|    -|       -|      -|    -|
|Instance         |        -|    3|     165|     92|    -|
|Memory           |        -|    -|       -|      -|    -|
|Multiplexer      |        -|    -|       0|    117|    -|
|Register         |        -|    -|    1300|    160|    -|
+-----------------+---------+-----+--------+-------+-----+
|Total            |        0|    3|    1465|   1817|    0|
+-----------------+---------+-----+--------+-------+-----+
|Available        |      280|  220|  106400|  53200|    0|
+-----------------+---------+-----+--------+-------+-----+
|Utilization (%)  |        0|    1|       1|      3|    0|
+-----------------+---------+-----+--------+-------+-----+

+ Detail: 
    * Instance: 
    +----------------------------+-----------------------+---------+----+-----+----+-----+
    |          Instance          |         Module        | BRAM_18K| DSP|  FF | LUT| URAM|
    +----------------------------+-----------------------+---------+----+-----+----+-----+
    |mul_32s_32s_32_2_1_U395     |mul_32s_32s_32_2_1     |        0|   3|  165|  50|    0|
    |sparsemux_17_3_32_1_1_U397  |sparsemux_17_3_32_1_1  |        0|   0|    0|  42|    0|
    +----------------------------+-----------------------+---------+----+-----+----+-----+
    |Total                       |                       |        0|   3|  165|  92|    0|
    +----------------------------+-----------------------+---------+----+-----+----+-----+

    * DSP: 
    N/A

    * Memory: 
    N/A

    * FIFO: 
    N/A

    * Expression: 
    +-----------------------------------------+----------+----+---+-----+------------+------------+
    |              Variable Name              | Operation| DSP| FF| LUT | Bitwidth P0| Bitwidth P1|
    +-----------------------------------------+----------+----+---+-----+------------+------------+
    |add_ln67_1_fu_465_p2                     |         +|   0|  0|   13|          10|           1|
    |add_ln67_fu_474_p2                       |         +|   0|  0|   13|           4|           1|
    |add_ln68_1_fu_508_p2                     |         +|   0|  0|   15|           8|           1|
    |add_ln68_fu_567_p2                       |         +|   0|  0|   13|           4|           1|
    |add_ln69_fu_602_p2                       |         +|   0|  0|   13|           4|           1|
    |add_ln71_1_fu_621_p2                     |         +|   0|  0|   39|          32|          32|
    |add_ln71_2_fu_644_p2                     |         +|   0|  0|   39|          32|          32|
    |add_ln71_fu_502_p2                       |         +|   0|  0|   39|          32|          32|
    |add_ln72_1_fu_690_p2                     |         +|   0|  0|   32|          32|          32|
    |add_ln72_2_fu_751_p2                     |         +|   0|  0|   39|          32|          32|
    |add_ln72_3_fu_665_p2                     |         +|   0|  0|   14|           6|           6|
    |add_ln72_4_fu_792_p2                     |         +|   0|  0|   64|          64|          64|
    |add_ln72_5_fu_782_p2                     |         +|   0|  0|   40|          33|          33|
    |add_ln72_6_fu_799_p2                     |         +|   0|  0|   64|          64|          64|
    |add_ln72_fu_683_p2                       |         +|   0|  0|   32|          32|          32|
    |add_ln7_fu_777_p2                        |         +|   0|  0|   71|          64|          64|
    |sub_ln7_fu_762_p2                        |         -|   0|  0|   70|           1|          63|
    |sub_ln8_fu_811_p2                        |         -|   0|  0|   71|           1|          64|
    |and_ln67_fu_561_p2                       |       and|   0|  0|    2|           1|           1|
    |and_ln71_1_fu_659_p2                     |       and|   0|  0|    2|           1|           1|
    |and_ln71_fu_654_p2                       |       and|   0|  0|    2|           1|           1|
    |ap_block_pp0_stage0_01001_grp1           |       and|   0|  0|    2|           1|           1|
    |ap_block_state11_io_grp1                 |       and|   0|  0|    2|           1|           1|
    |ap_block_state12_io_grp1                 |       and|   0|  0|    2|           1|           1|
    |ap_block_state17_pp0_stage0_iter16_grp1  |       and|   0|  0|    2|           1|           1|
    |y_4_fu_788_p2                            |      ashr|   0|  0|  182|          64|          64|
    |icmp_ln10_fu_843_p2                      |      icmp|   0|  0|   71|          64|          64|
    |icmp_ln67_fu_459_p2                      |      icmp|   0|  0|   12|          10|          11|
    |icmp_ln68_fu_480_p2                      |      icmp|   0|  0|   15|           8|           7|
    |icmp_ln69_fu_555_p2                      |      icmp|   0|  0|   13|           4|           5|
    |icmp_ln71_1_fu_626_p2                    |      icmp|   0|  0|   39|          32|          32|
    |icmp_ln71_2_fu_649_p2                    |      icmp|   0|  0|   39|          32|          32|
    |icmp_ln71_fu_594_p2                      |      icmp|   0|  0|   39|          32|          32|
    |icmp_ln72_fu_422_p2                      |      icmp|   0|  0|   39|          32|           1|
    |icmp_ln9_fu_832_p2                       |      icmp|   0|  0|   64|          57|           1|
    |ap_block_pp0_stage0_11001                |        or|   0|  0|    2|           1|           1|
    |empty_fu_573_p2                          |        or|   0|  0|    2|           1|           1|
    |select_ln10_1_fu_859_p3                  |    select|   0|  0|    8|           1|           8|
    |select_ln10_fu_848_p3                    |    select|   0|  0|    9|           1|           1|
    |select_ln67_1_fu_486_p3                  |    select|   0|  0|    4|           1|           4|
    |select_ln67_fu_543_p3                    |    select|   0|  0|    4|           1|           1|
    |select_ln68_1_fu_514_p3                  |    select|   0|  0|    8|           1|           1|
    |select_ln68_fu_586_p3                    |    select|   0|  0|    4|           1|           4|
    |select_ln7_fu_767_p3                     |    select|   0|  0|   63|           1|          63|
    |x_5_mid2_fu_578_p3                       |    select|   0|  0|    4|           1|           1|
    |y_5_fu_816_p3                            |    select|   0|  0|   64|           1|          64|
    |y_6_fu_837_p3                            |    select|   0|  0|   64|           1|           7|
    |ap_enable_pp0                            |       xor|   0|  0|    2|           1|           2|
    |xor_ln67_fu_550_p2                       |       xor|   0|  0|    2|           1|           2|
    +-----------------------------------------+----------+----+---+-----+------------+------------+
    |Total                                    |          |   0|  0| 1448|         811|         971|
    +-----------------------------------------+----------+----+---+-----+------------+------------+

    * Multiplexer: 
    +-----------------------------------------+----+-----------+-----+-----------+
    |                   Name                  | LUT| Input Size| Bits| Total Bits|
    +-----------------------------------------+----+-----------+-----+-----------+
    |ap_done_int                              |   9|          2|    1|          2|
    |ap_enable_reg_pp0_iter1                  |   9|          2|    1|          2|
    |ap_sig_allocacmp_indvar_flatten117_load  |   9|          2|    8|         16|
    |ap_sig_allocacmp_indvar_flatten130_load  |   9|          2|   10|         20|
    |ap_sig_allocacmp_o_load                  |   9|          2|    4|          8|
    |gmem_blk_n_AW                            |   9|          2|    1|          2|
    |gmem_blk_n_B                             |   9|          2|    1|          2|
    |gmem_blk_n_W                             |   9|          2|    1|          2|
    |indvar_flatten117_fu_162                 |   9|          2|    8|         16|
    |indvar_flatten130_fu_170                 |   9|          2|   10|         20|
    |o_fu_166                                 |   9|          2|    4|          8|
    |x_fu_154                                 |   9|          2|    4|          8|
    |y_fu_158                                 |   9|          2|    4|          8|
    +-----------------------------------------+----+-----------+-----+-----------+
    |Total                                    | 117|         26|   57|        114|
    +-----------------------------------------+----+-----------+-----+-----------+

    * Register: 
    +-----------------------------------+----+----+-----+-----------+
    |                Name               | FF | LUT| Bits| Const Bits|
    +-----------------------------------+----+----+-----+-----------+
    |add_ln71_reg_986                   |  32|   0|   32|          0|
    |add_ln72_1_reg_1064                |  32|   0|   32|          0|
    |add_ln72_5_reg_1101                |  33|   0|   33|          0|
    |add_ln7_reg_1096                   |  64|   0|   64|          0|
    |and_ln71_1_reg_1020                |   1|   0|    1|          0|
    |ap_CS_fsm                          |   1|   0|    1|          0|
    |ap_done_reg                        |   1|   0|    1|          0|
    |ap_enable_reg_pp0_iter1            |   1|   0|    1|          0|
    |ap_enable_reg_pp0_iter10           |   1|   0|    1|          0|
    |ap_enable_reg_pp0_iter11           |   1|   0|    1|          0|
    |ap_enable_reg_pp0_iter12           |   1|   0|    1|          0|
    |ap_enable_reg_pp0_iter13           |   1|   0|    1|          0|
    |ap_enable_reg_pp0_iter14           |   1|   0|    1|          0|
    |ap_enable_reg_pp0_iter15           |   1|   0|    1|          0|
    |ap_enable_reg_pp0_iter16           |   1|   0|    1|          0|
    |ap_enable_reg_pp0_iter2            |   1|   0|    1|          0|
    |ap_enable_reg_pp0_iter3            |   1|   0|    1|          0|
    |ap_enable_reg_pp0_iter4            |   1|   0|    1|          0|
    |ap_enable_reg_pp0_iter5            |   1|   0|    1|          0|
    |ap_enable_reg_pp0_iter6            |   1|   0|    1|          0|
    |ap_enable_reg_pp0_iter7            |   1|   0|    1|          0|
    |ap_enable_reg_pp0_iter8            |   1|   0|    1|          0|
    |ap_enable_reg_pp0_iter9            |   1|   0|    1|          0|
    |ap_loop_exit_ready_pp0_iter10_reg  |   1|   0|    1|          0|
    |ap_loop_exit_ready_pp0_iter11_reg  |   1|   0|    1|          0|
    |ap_loop_exit_ready_pp0_iter12_reg  |   1|   0|    1|          0|
    |ap_loop_exit_ready_pp0_iter13_reg  |   1|   0|    1|          0|
    |ap_loop_exit_ready_pp0_iter14_reg  |   1|   0|    1|          0|
    |ap_loop_exit_ready_pp0_iter15_reg  |   1|   0|    1|          0|
    |ap_loop_exit_ready_pp0_iter1_reg   |   1|   0|    1|          0|
    |ap_loop_exit_ready_pp0_iter2_reg   |   1|   0|    1|          0|
    |ap_loop_exit_ready_pp0_iter3_reg   |   1|   0|    1|          0|
    |ap_loop_exit_ready_pp0_iter4_reg   |   1|   0|    1|          0|
    |ap_loop_exit_ready_pp0_iter5_reg   |   1|   0|    1|          0|
    |ap_loop_exit_ready_pp0_iter6_reg   |   1|   0|    1|          0|
    |ap_loop_exit_ready_pp0_iter7_reg   |   1|   0|    1|          0|
    |ap_loop_exit_ready_pp0_iter8_reg   |   1|   0|    1|          0|
    |ap_loop_exit_ready_pp0_iter9_reg   |   1|   0|    1|          0|
    |gmem_addr_reg_1112                 |  64|   0|   64|          0|
    |icmp_ln68_reg_974                  |   1|   0|    1|          0|
    |icmp_ln71_reg_1004                 |   1|   0|    1|          0|
    |icmp_ln72_reg_965                  |   1|   0|    1|          0|
    |icmp_ln9_reg_1129                  |   1|   0|    1|          0|
    |indvar_flatten117_fu_162           |   8|   0|    8|          0|
    |indvar_flatten130_fu_170           |  10|   0|   10|          0|
    |mul_ln72_1_reg_1079                |  32|   0|   32|          0|
    |mul_ln72_reg_1015                  |  32|   0|   32|          0|
    |o_fu_166                           |   4|   0|    4|          0|
    |select_ln10_1_reg_1134             |   8|   0|    8|          0|
    |select_ln68_reg_999                |   4|   0|    4|          0|
    |select_ln72_cast_reg_939           |  64|   0|   64|          0|
    |sext_ln6_cast_reg_949              |  64|   0|   64|          0|
    |tmp_16_reg_1124                    |  57|   0|   57|          0|
    |tmp_reg_1090                       |   1|   0|    1|          0|
    |trunc_ln67_reg_981                 |   3|   0|    3|          0|
    |trunc_ln6_reg_1084                 |  63|   0|   63|          0|
    |trunc_ln72_reg_1009                |   3|   0|    3|          0|
    |trunc_ln72_reg_1009_pp0_iter2_reg  |   3|   0|    3|          0|
    |tx_cast_reg_954                    |  31|   0|   32|          1|
    |ty_cast_reg_959                    |  31|   0|   32|          1|
    |x_5_mid2_reg_992                   |   4|   0|    4|          0|
    |x_assign_reg_1069                  |  32|   0|   32|          0|
    |x_fu_154                           |   4|   0|    4|          0|
    |y_4_reg_1106                       |  64|   0|   64|          0|
    |y_5_reg_1119                       |  64|   0|   64|          0|
    |y_5_reg_1119_pp0_iter9_reg         |  64|   0|   64|          0|
    |y_fu_158                           |   4|   0|    4|          0|
    |zext_ln25_cast_reg_934             |  31|   0|   64|         33|
    |zext_ln7_2_cast_reg_944            |  32|   0|   64|         32|
    |and_ln71_1_reg_1020                |  64|  32|    1|          0|
    |gmem_addr_reg_1112                 |  64|  32|   64|          0|
    |tmp_reg_1090                       |  64|  32|    1|          0|
    |trunc_ln67_reg_981                 |  64|  32|    3|          0|
    |x_5_mid2_reg_992                   |  64|  32|    4|          0|
    +-----------------------------------+----+----+-----+-----------+
    |Total                              |1300| 160| 1120|         67|
    +-----------------------------------+----+----+-----+-----------+



================================================================
== Interface
================================================================
* Summary: 
+-----------------------+-----+-----+------------+-------------------------------------------------------------------------+--------------+
|       RTL Ports       | Dir | Bits|  Protocol  |                              Source Object                              |    C Type    |
+-----------------------+-----+-----+------------+-------------------------------------------------------------------------+--------------+
|ap_clk                 |   in|    1|  ap_ctrl_hs|  convolution_Pipeline_VITIS_LOOP_67_19_VITIS_LOOP_68_20_VITIS_LOOP_69_21|  return value|
|ap_rst                 |   in|    1|  ap_ctrl_hs|  convolution_Pipeline_VITIS_LOOP_67_19_VITIS_LOOP_68_20_VITIS_LOOP_69_21|  return value|
|ap_start               |   in|    1|  ap_ctrl_hs|  convolution_Pipeline_VITIS_LOOP_67_19_VITIS_LOOP_68_20_VITIS_LOOP_69_21|  return value|
|ap_done                |  out|    1|  ap_ctrl_hs|  convolution_Pipeline_VITIS_LOOP_67_19_VITIS_LOOP_68_20_VITIS_LOOP_69_21|  return value|
|ap_idle                |  out|    1|  ap_ctrl_hs|  convolution_Pipeline_VITIS_LOOP_67_19_VITIS_LOOP_68_20_VITIS_LOOP_69_21|  return value|
|ap_ready               |  out|    1|  ap_ctrl_hs|  convolution_Pipeline_VITIS_LOOP_67_19_VITIS_LOOP_68_20_VITIS_LOOP_69_21|  return value|
|grp_fu_2164_p_din0     |  out|   32|  ap_ctrl_hs|  convolution_Pipeline_VITIS_LOOP_67_19_VITIS_LOOP_68_20_VITIS_LOOP_69_21|  return value|
|grp_fu_2164_p_din1     |  out|   32|  ap_ctrl_hs|  convolution_Pipeline_VITIS_LOOP_67_19_VITIS_LOOP_68_20_VITIS_LOOP_69_21|  return value|
|grp_fu_2164_p_dout0    |   in|   32|  ap_ctrl_hs|  convolution_Pipeline_VITIS_LOOP_67_19_VITIS_LOOP_68_20_VITIS_LOOP_69_21|  return value|
|grp_fu_2164_p_ce       |  out|    1|  ap_ctrl_hs|  convolution_Pipeline_VITIS_LOOP_67_19_VITIS_LOOP_68_20_VITIS_LOOP_69_21|  return value|
|grp_fu_2168_p_din0     |  out|   32|  ap_ctrl_hs|  convolution_Pipeline_VITIS_LOOP_67_19_VITIS_LOOP_68_20_VITIS_LOOP_69_21|  return value|
|grp_fu_2168_p_din1     |  out|   32|  ap_ctrl_hs|  convolution_Pipeline_VITIS_LOOP_67_19_VITIS_LOOP_68_20_VITIS_LOOP_69_21|  return value|
|grp_fu_2168_p_dout0    |   in|   64|  ap_ctrl_hs|  convolution_Pipeline_VITIS_LOOP_67_19_VITIS_LOOP_68_20_VITIS_LOOP_69_21|  return value|
|grp_fu_2168_p_ce       |  out|    1|  ap_ctrl_hs|  convolution_Pipeline_VITIS_LOOP_67_19_VITIS_LOOP_68_20_VITIS_LOOP_69_21|  return value|
|m_axi_gmem_0_AWVALID   |  out|    1|       m_axi|                                                                     gmem|       pointer|
|m_axi_gmem_0_AWREADY   |   in|    1|       m_axi|                                                                     gmem|       pointer|
|m_axi_gmem_0_AWADDR    |  out|   64|       m_axi|                                                                     gmem|       pointer|
|m_axi_gmem_0_AWID      |  out|    1|       m_axi|                                                                     gmem|       pointer|
|m_axi_gmem_0_AWLEN     |  out|   32|       m_axi|                                                                     gmem|       pointer|
|m_axi_gmem_0_AWSIZE    |  out|    3|       m_axi|                                                                     gmem|       pointer|
|m_axi_gmem_0_AWBURST   |  out|    2|       m_axi|                                                                     gmem|       pointer|
|m_axi_gmem_0_AWLOCK    |  out|    2|       m_axi|                                                                     gmem|       pointer|
|m_axi_gmem_0_AWCACHE   |  out|    4|       m_axi|                                                                     gmem|       pointer|
|m_axi_gmem_0_AWPROT    |  out|    3|       m_axi|                                                                     gmem|       pointer|
|m_axi_gmem_0_AWQOS     |  out|    4|       m_axi|                                                                     gmem|       pointer|
|m_axi_gmem_0_AWREGION  |  out|    4|       m_axi|                                                                     gmem|       pointer|
|m_axi_gmem_0_AWUSER    |  out|    1|       m_axi|                                                                     gmem|       pointer|
|m_axi_gmem_0_WVALID    |  out|    1|       m_axi|                                                                     gmem|       pointer|
|m_axi_gmem_0_WREADY    |   in|    1|       m_axi|                                                                     gmem|       pointer|
|m_axi_gmem_0_WDATA     |  out|    8|       m_axi|                                                                     gmem|       pointer|
|m_axi_gmem_0_WSTRB     |  out|    1|       m_axi|                                                                     gmem|       pointer|
|m_axi_gmem_0_WLAST     |  out|    1|       m_axi|                                                                     gmem|       pointer|
|m_axi_gmem_0_WID       |  out|    1|       m_axi|                                                                     gmem|       pointer|
|m_axi_gmem_0_WUSER     |  out|    1|       m_axi|                                                                     gmem|       pointer|
|m_axi_gmem_0_ARVALID   |  out|    1|       m_axi|                                                                     gmem|       pointer|
|m_axi_gmem_0_ARREADY   |   in|    1|       m_axi|                                                                     gmem|       pointer|
|m_axi_gmem_0_ARADDR    |  out|   64|       m_axi|                                                                     gmem|       pointer|
|m_axi_gmem_0_ARID      |  out|    1|       m_axi|                                                                     gmem|       pointer|
|m_axi_gmem_0_ARLEN     |  out|   32|       m_axi|                                                                     gmem|       pointer|
|m_axi_gmem_0_ARSIZE    |  out|    3|       m_axi|                                                                     gmem|       pointer|
|m_axi_gmem_0_ARBURST   |  out|    2|       m_axi|                                                                     gmem|       pointer|
|m_axi_gmem_0_ARLOCK    |  out|    2|       m_axi|                                                                     gmem|       pointer|
|m_axi_gmem_0_ARCACHE   |  out|    4|       m_axi|                                                                     gmem|       pointer|
|m_axi_gmem_0_ARPROT    |  out|    3|       m_axi|                                                                     gmem|       pointer|
|m_axi_gmem_0_ARQOS     |  out|    4|       m_axi|                                                                     gmem|       pointer|
|m_axi_gmem_0_ARREGION  |  out|    4|       m_axi|                                                                     gmem|       pointer|
|m_axi_gmem_0_ARUSER    |  out|    1|       m_axi|                                                                     gmem|       pointer|
|m_axi_gmem_0_RVALID    |   in|    1|       m_axi|                                                                     gmem|       pointer|
|m_axi_gmem_0_RREADY    |  out|    1|       m_axi|                                                                     gmem|       pointer|
|m_axi_gmem_0_RDATA     |   in|    8|       m_axi|                                                                     gmem|       pointer|
|m_axi_gmem_0_RLAST     |   in|    1|       m_axi|                                                                     gmem|       pointer|
|m_axi_gmem_0_RID       |   in|    1|       m_axi|                                                                     gmem|       pointer|
|m_axi_gmem_0_RFIFONUM  |   in|   13|       m_axi|                                                                     gmem|       pointer|
|m_axi_gmem_0_RUSER     |   in|    1|       m_axi|                                                                     gmem|       pointer|
|m_axi_gmem_0_RRESP     |   in|    2|       m_axi|                                                                     gmem|       pointer|
|m_axi_gmem_0_BVALID    |   in|    1|       m_axi|                                                                     gmem|       pointer|
|m_axi_gmem_0_BREADY    |  out|    1|       m_axi|                                                                     gmem|       pointer|
|m_axi_gmem_0_BRESP     |   in|    2|       m_axi|                                                                     gmem|       pointer|
|m_axi_gmem_0_BID       |   in|    1|       m_axi|                                                                     gmem|       pointer|
|m_axi_gmem_0_BUSER     |   in|    1|       m_axi|                                                                     gmem|       pointer|
|d_load_16              |   in|   32|     ap_none|                                                                d_load_16|        scalar|
|oc                     |   in|   31|     ap_none|                                                                       oc|        scalar|
|co                     |   in|   32|     ap_none|                                                                       co|        scalar|
|h                      |   in|   32|     ap_none|                                                                        h|        scalar|
|ty                     |   in|   31|     ap_none|                                                                       ty|        scalar|
|w                      |   in|   32|     ap_none|                                                                        w|        scalar|
|d_load_17              |   in|   32|     ap_none|                                                                d_load_17|        scalar|
|tx                     |   in|   31|     ap_none|                                                                       tx|        scalar|
|acc_address0           |  out|    6|   ap_memory|                                                                      acc|         array|
|acc_ce0                |  out|    1|   ap_memory|                                                                      acc|         array|
|acc_q0                 |   in|   32|   ap_memory|                                                                      acc|         array|
|acc_1_address0         |  out|    6|   ap_memory|                                                                    acc_1|         array|
|acc_1_ce0              |  out|    1|   ap_memory|                                                                    acc_1|         array|
|acc_1_q0               |   in|   32|   ap_memory|                                                                    acc_1|         array|
|acc_2_address0         |  out|    6|   ap_memory|                                                                    acc_2|         array|
|acc_2_ce0              |  out|    1|   ap_memory|                                                                    acc_2|         array|
|acc_2_q0               |   in|   32|   ap_memory|                                                                    acc_2|         array|
|acc_3_address0         |  out|    6|   ap_memory|                                                                    acc_3|         array|
|acc_3_ce0              |  out|    1|   ap_memory|                                                                    acc_3|         array|
|acc_3_q0               |   in|   32|   ap_memory|                                                                    acc_3|         array|
|acc_4_address0         |  out|    6|   ap_memory|                                                                    acc_4|         array|
|acc_4_ce0              |  out|    1|   ap_memory|                                                                    acc_4|         array|
|acc_4_q0               |   in|   32|   ap_memory|                                                                    acc_4|         array|
|acc_5_address0         |  out|    6|   ap_memory|                                                                    acc_5|         array|
|acc_5_ce0              |  out|    1|   ap_memory|                                                                    acc_5|         array|
|acc_5_q0               |   in|   32|   ap_memory|                                                                    acc_5|         array|
|acc_6_address0         |  out|    6|   ap_memory|                                                                    acc_6|         array|
|acc_6_ce0              |  out|    1|   ap_memory|                                                                    acc_6|         array|
|acc_6_q0               |   in|   32|   ap_memory|                                                                    acc_6|         array|
|acc_7_address0         |  out|    6|   ap_memory|                                                                    acc_7|         array|
|acc_7_ce0              |  out|    1|   ap_memory|                                                                    acc_7|         array|
|acc_7_q0               |   in|   32|   ap_memory|                                                                    acc_7|         array|
|sext_ln6               |   in|   32|     ap_none|                                                                 sext_ln6|        scalar|
|shl_ln7                |   in|   64|     ap_none|                                                                  shl_ln7|        scalar|
|zext_ln7_2             |   in|   32|     ap_none|                                                               zext_ln7_2|        scalar|
|select_ln72            |   in|    8|     ap_none|                                                              select_ln72|        scalar|
|zext_ln25              |   in|   31|     ap_none|                                                                zext_ln25|        scalar|
|mem                    |   in|   64|     ap_none|                                                                      mem|        scalar|
+-----------------------+-----+-----+------------+-------------------------------------------------------------------------+--------------+

