

================================================================
== Vitis HLS Report for 'lesion_accel_Pipeline_VITIS_LOOP_125_15_VITIS_LOOP_125_16'
================================================================
* Date:           Tue Sep 22 23:27:48 2026

* Version:        2025.2 (Build 6295257 on Nov 14 2025)
* Project:        lesion
* Solution:       solution1 (Vivado IP Flow Target)
* Product family: zynq
* Target device:  xc7z020-clg400-1


================================================================
== Performance Estimates
================================================================
+ Timing: 
    * Summary: 
    +--------+----------+----------+------------+
    |  Clock |  Target  | Estimated| Uncertainty|
    +--------+----------+----------+------------+
    |ap_clk  |  10.00 ns|  7.300 ns|     2.70 ns|
    +--------+----------+----------+------------+

+ Latency: 
    * Summary: 
    +---------+---------+----------+----------+-----+-----+-------------------+
    |  Latency (cycles) |  Latency (absolute) |  Interval |      Pipeline     |
    |   min   |   max   |    min   |    max   | min | max |        Type       |
    +---------+---------+----------+----------+-----+-----+-------------------+
    |       25|       25|  0.250 us|  0.250 us|    0|    0|  loop pipeline stp|
    +---------+---------+----------+----------+-----+-----+-------------------+

    + Detail: 
        * Instance: 
        N/A

        * Loop: 
        +---------------------------------------+---------+---------+----------+-----------+-----------+------+----------+
        |                                       |  Latency (cycles) | Iteration|  Initiation Interval  | Trip |          |
        |               Loop Name               |   min   |   max   |  Latency |  achieved |   target  | Count| Pipelined|
        +---------------------------------------+---------+---------+----------+-----------+-----------+------+----------+
        |- VITIS_LOOP_125_15_VITIS_LOOP_125_16  |       23|       23|        16|          1|          1|     9|       yes|
        +---------------------------------------+---------+---------+----------+-----------+-----------+------+----------+



================================================================
== Utilization Estimates
================================================================
* Summary: 
+-----------------+---------+-----+--------+-------+-----+
|       Name      | BRAM_18K| DSP |   FF   |  LUT  | URAM|
+-----------------+---------+-----+--------+-------+-----+
|DSP              |        -|    -|       -|      -|    -|
|Expression       |        -|    -|       0|    545|    -|
|FIFO             |        -|    -|       -|      -|    -|
|Instance         |        -|    -|       -|      -|    -|
|Memory           |        -|    -|       -|      -|    -|
|Multiplexer      |        -|    -|       0|     99|    -|
|Register         |        -|    -|     733|     96|    -|
+-----------------+---------+-----+--------+-------+-----+
|Total            |        0|    0|     733|    740|    0|
+-----------------+---------+-----+--------+-------+-----+
|Available        |      280|  220|  106400|  53200|    0|
+-----------------+---------+-----+--------+-------+-----+
|Utilization (%)  |        0|    0|      ~0|      1|    0|
+-----------------+---------+-----+--------+-------+-----+

+ Detail: 
    * Instance: 
    N/A

    * DSP: 
    N/A

    * Memory: 
    N/A

    * FIFO: 
    N/A

    * Expression: 
    +------------------------------------+----------+----+---+----+------------+------------+
    |            Variable Name           | Operation| DSP| FF| LUT| Bitwidth P0| Bitwidth P1|
    +------------------------------------+----------+----+---+----+------------+------------+
    |add_ln125_1_fu_311_p2               |         +|   0|  0|  11|           3|           1|
    |add_ln125_2_fu_257_p2               |         +|   0|  0|  13|           4|           1|
    |add_ln125_fu_274_p2                 |         +|   0|  0|  11|           3|           1|
    |add_ln127_1_fu_351_p2               |         +|   0|  0|  39|          32|          32|
    |add_ln127_2_fu_393_p2               |         +|   0|  0|  69|          62|          62|
    |add_ln127_3_fu_397_p2               |         +|   0|  0|  71|          64|          64|
    |add_ln127_4_fu_407_p2               |         +|   0|  0|  64|          64|          64|
    |add_ln127_5_fu_412_p2               |         +|   0|  0|  64|          64|          64|
    |add_ln127_fu_306_p2                 |         +|   0|  0|  39|          32|          32|
    |and_ln127_1_fu_375_p2               |       and|   0|  0|   2|           1|           1|
    |and_ln127_2_fu_387_p2               |       and|   0|  0|   2|           1|           1|
    |and_ln127_fu_381_p2                 |       and|   0|  0|   2|           1|           1|
    |and_ln128_fu_430_p2                 |       and|   0|  0|   2|           1|           1|
    |ap_block_pp0_stage0_01001           |       and|   0|  0|   2|           1|           1|
    |ap_block_state15_pp0_stage0_iter14  |       and|   0|  0|   2|           1|           1|
    |ap_block_state7_io                  |       and|   0|  0|   2|           1|           1|
    |ap_predicate_op84_readreq_state7    |       and|   0|  0|   2|           1|           1|
    |ap_predicate_op94_read_state15      |       and|   0|  0|   2|           1|           1|
    |icmp_ln125_1_fu_280_p2              |      icmp|   0|  0|  11|           3|           2|
    |icmp_ln125_fu_251_p2                |      icmp|   0|  0|  13|           4|           4|
    |icmp_ln127_1_fu_370_p2              |      icmp|   0|  0|  39|          32|          32|
    |icmp_ln127_2_fu_424_p2              |      icmp|   0|  0|  15|           8|           1|
    |icmp_ln127_fu_344_p2                |      icmp|   0|  0|  39|          32|          32|
    |value_fu_227_p2                     |      icmp|   0|  0|  11|           2|           3|
    |ap_block_pp0_stage0_11001           |        or|   0|  0|   2|           1|           1|
    |or_ln128_fu_436_p2                  |        or|   0|  0|   2|           1|           1|
    |select_ln125_1_fu_294_p3            |    select|   0|  0|   3|           1|           3|
    |select_ln125_fu_286_p3              |    select|   0|  0|   3|           1|           2|
    |value_5_fu_442_p3                   |    select|   0|  0|   2|           1|           1|
    |ap_enable_pp0                       |       xor|   0|  0|   2|           1|           2|
    |xor_ln127_1_fu_364_p2               |       xor|   0|  0|   2|           1|           2|
    |xor_ln127_fu_338_p2                 |       xor|   0|  0|   2|           1|           2|
    +------------------------------------+----------+----+---+----+------------+------------+
    |Total                               |          |   0|  0| 545|         426|         418|
    +------------------------------------+----------+----+---+----+------------+------------+

    * Multiplexer: 
    +-----------------------------------------+----+-----------+-----+-----------+
    |                   Name                  | LUT| Input Size| Bits| Total Bits|
    +-----------------------------------------+----+-----------+-----+-----------+
    |ap_done_int                              |   9|          2|    1|          2|
    |ap_enable_reg_pp0_iter15                 |   9|          2|    1|          2|
    |ap_phi_mux_v_phi_fu_196_p4               |   9|          2|    1|          2|
    |ap_phi_reg_pp0_iter4_v_reg_192           |   9|          2|    1|          2|
    |ap_sig_allocacmp_indvar_flatten124_load  |   9|          2|    4|          8|
    |dx_fu_96                                 |   9|          2|    3|          6|
    |dy_fu_100                                |   9|          2|    3|          6|
    |gmem_blk_n_AR                            |   9|          2|    1|          2|
    |gmem_blk_n_R                             |   9|          2|    1|          2|
    |indvar_flatten124_fu_104                 |   9|          2|    4|          8|
    |value_3_reg_181                          |   9|          2|    1|          2|
    +-----------------------------------------+----+-----------+-----+-----------+
    |Total                                    |  99|         22|   21|         42|
    +-----------------------------------------+----+-----------+-----+-----------+

    * Register: 
    +-----------------------------------+----+----+-----+-----------+
    |                Name               | FF | LUT| Bits| Const Bits|
    +-----------------------------------+----+----+-----+-----------+
    |add_ln127_2_reg_547                |  62|   0|   62|          0|
    |add_ln127_3_reg_552                |  64|   0|   64|          0|
    |add_ln127_reg_526                  |  32|   0|   32|          0|
    |and_ln127_2_reg_538                |   1|   0|    1|          0|
    |ap_CS_fsm                          |   1|   0|    1|          0|
    |ap_done_reg                        |   1|   0|    1|          0|
    |ap_enable_reg_pp0_iter1            |   1|   0|    1|          0|
    |ap_enable_reg_pp0_iter10           |   1|   0|    1|          0|
    |ap_enable_reg_pp0_iter11           |   1|   0|    1|          0|
    |ap_enable_reg_pp0_iter12           |   1|   0|    1|          0|
    |ap_enable_reg_pp0_iter13           |   1|   0|    1|          0|
    |ap_enable_reg_pp0_iter14           |   1|   0|    1|          0|
    |ap_enable_reg_pp0_iter15           |   1|   0|    1|          0|
    |ap_enable_reg_pp0_iter2            |   1|   0|    1|          0|
    |ap_enable_reg_pp0_iter3            |   1|   0|    1|          0|
    |ap_enable_reg_pp0_iter4            |   1|   0|    1|          0|
    |ap_enable_reg_pp0_iter5            |   1|   0|    1|          0|
    |ap_enable_reg_pp0_iter6            |   1|   0|    1|          0|
    |ap_enable_reg_pp0_iter7            |   1|   0|    1|          0|
    |ap_enable_reg_pp0_iter8            |   1|   0|    1|          0|
    |ap_enable_reg_pp0_iter9            |   1|   0|    1|          0|
    |ap_loop_exit_ready_pp0_iter10_reg  |   1|   0|    1|          0|
    |ap_loop_exit_ready_pp0_iter11_reg  |   1|   0|    1|          0|
    |ap_loop_exit_ready_pp0_iter12_reg  |   1|   0|    1|          0|
    |ap_loop_exit_ready_pp0_iter13_reg  |   1|   0|    1|          0|
    |ap_loop_exit_ready_pp0_iter14_reg  |   1|   0|    1|          0|
    |ap_loop_exit_ready_pp0_iter1_reg   |   1|   0|    1|          0|
    |ap_loop_exit_ready_pp0_iter2_reg   |   1|   0|    1|          0|
    |ap_loop_exit_ready_pp0_iter3_reg   |   1|   0|    1|          0|
    |ap_loop_exit_ready_pp0_iter4_reg   |   1|   0|    1|          0|
    |ap_loop_exit_ready_pp0_iter5_reg   |   1|   0|    1|          0|
    |ap_loop_exit_ready_pp0_iter6_reg   |   1|   0|    1|          0|
    |ap_loop_exit_ready_pp0_iter7_reg   |   1|   0|    1|          0|
    |ap_loop_exit_ready_pp0_iter8_reg   |   1|   0|    1|          0|
    |ap_loop_exit_ready_pp0_iter9_reg   |   1|   0|    1|          0|
    |ap_phi_reg_pp0_iter10_v_reg_192    |   1|   0|    1|          0|
    |ap_phi_reg_pp0_iter11_v_reg_192    |   1|   0|    1|          0|
    |ap_phi_reg_pp0_iter12_v_reg_192    |   1|   0|    1|          0|
    |ap_phi_reg_pp0_iter13_v_reg_192    |   1|   0|    1|          0|
    |ap_phi_reg_pp0_iter14_v_reg_192    |   1|   0|    1|          0|
    |ap_phi_reg_pp0_iter15_v_reg_192    |   1|   0|    1|          0|
    |ap_phi_reg_pp0_iter1_v_reg_192     |   1|   0|    1|          0|
    |ap_phi_reg_pp0_iter2_v_reg_192     |   1|   0|    1|          0|
    |ap_phi_reg_pp0_iter3_v_reg_192     |   1|   0|    1|          0|
    |ap_phi_reg_pp0_iter4_v_reg_192     |   1|   0|    1|          0|
    |ap_phi_reg_pp0_iter5_v_reg_192     |   1|   0|    1|          0|
    |ap_phi_reg_pp0_iter6_v_reg_192     |   1|   0|    1|          0|
    |ap_phi_reg_pp0_iter7_v_reg_192     |   1|   0|    1|          0|
    |ap_phi_reg_pp0_iter8_v_reg_192     |   1|   0|    1|          0|
    |ap_phi_reg_pp0_iter9_v_reg_192     |   1|   0|    1|          0|
    |dx_fu_96                           |   3|   0|    3|          0|
    |dy_fu_100                          |   3|   0|    3|          0|
    |gmem_addr_read_reg_563             |   8|   0|    8|          0|
    |gmem_addr_reg_557                  |  64|   0|   64|          0|
    |icmp_ln125_reg_516                 |   1|   0|    1|          0|
    |indvar_flatten124_fu_104           |   4|   0|    4|          0|
    |mul_ln127_reg_542                  |  62|   0|   62|          0|
    |select_ln125_reg_520               |   3|   0|    3|          0|
    |sext_ln123_cast_reg_500            |  62|   0|   62|          0|
    |value_3_reg_181                    |   1|   0|    1|          0|
    |value_reg_510                      |   1|   0|    1|          0|
    |zext_ln123_3_cast_reg_505          |  31|   0|   32|          1|
    |zext_ln123_5_cast_reg_490          |  31|   0|   62|         31|
    |zext_ln123_6_cast_reg_495          |  31|   0|   32|          1|
    |zext_ln123_cast_reg_485            |  31|   0|   64|         33|
    |and_ln127_2_reg_538                |  64|  32|    1|          0|
    |icmp_ln125_reg_516                 |  64|  32|    1|          0|
    |select_ln125_reg_520               |  64|  32|    3|          0|
    +-----------------------------------+----+----+-----+-----------+
    |Total                              | 733|  96|  612|         66|
    +-----------------------------------+----+----+-----+-----------+



================================================================
== Interface
================================================================
* Summary: 
+-----------------------+-----+-----+------------+-----------------------------------------------------------+--------------+
|       RTL Ports       | Dir | Bits|  Protocol  |                       Source Object                       |    C Type    |
+-----------------------+-----+-----+------------+-----------------------------------------------------------+--------------+
|ap_clk                 |   in|    1|  ap_ctrl_hs|  lesion_accel_Pipeline_VITIS_LOOP_125_15_VITIS_LOOP_125_16|  return value|
|ap_rst                 |   in|    1|  ap_ctrl_hs|  lesion_accel_Pipeline_VITIS_LOOP_125_15_VITIS_LOOP_125_16|  return value|
|ap_start               |   in|    1|  ap_ctrl_hs|  lesion_accel_Pipeline_VITIS_LOOP_125_15_VITIS_LOOP_125_16|  return value|
|ap_done                |  out|    1|  ap_ctrl_hs|  lesion_accel_Pipeline_VITIS_LOOP_125_15_VITIS_LOOP_125_16|  return value|
|ap_idle                |  out|    1|  ap_ctrl_hs|  lesion_accel_Pipeline_VITIS_LOOP_125_15_VITIS_LOOP_125_16|  return value|
|ap_ready               |  out|    1|  ap_ctrl_hs|  lesion_accel_Pipeline_VITIS_LOOP_125_15_VITIS_LOOP_125_16|  return value|
|grp_fu_2575_p_din0     |  out|   32|  ap_ctrl_hs|  lesion_accel_Pipeline_VITIS_LOOP_125_15_VITIS_LOOP_125_16|  return value|
|grp_fu_2575_p_din1     |  out|   32|  ap_ctrl_hs|  lesion_accel_Pipeline_VITIS_LOOP_125_15_VITIS_LOOP_125_16|  return value|
|grp_fu_2575_p_dout0    |   in|   62|  ap_ctrl_hs|  lesion_accel_Pipeline_VITIS_LOOP_125_15_VITIS_LOOP_125_16|  return value|
|grp_fu_2575_p_ce       |  out|    1|  ap_ctrl_hs|  lesion_accel_Pipeline_VITIS_LOOP_125_15_VITIS_LOOP_125_16|  return value|
|m_axi_gmem_0_AWVALID   |  out|    1|       m_axi|                                                       gmem|       pointer|
|m_axi_gmem_0_AWREADY   |   in|    1|       m_axi|                                                       gmem|       pointer|
|m_axi_gmem_0_AWADDR    |  out|   64|       m_axi|                                                       gmem|       pointer|
|m_axi_gmem_0_AWID      |  out|    1|       m_axi|                                                       gmem|       pointer|
|m_axi_gmem_0_AWLEN     |  out|   32|       m_axi|                                                       gmem|       pointer|
|m_axi_gmem_0_AWSIZE    |  out|    3|       m_axi|                                                       gmem|       pointer|
|m_axi_gmem_0_AWBURST   |  out|    2|       m_axi|                                                       gmem|       pointer|
|m_axi_gmem_0_AWLOCK    |  out|    2|       m_axi|                                                       gmem|       pointer|
|m_axi_gmem_0_AWCACHE   |  out|    4|       m_axi|                                                       gmem|       pointer|
|m_axi_gmem_0_AWPROT    |  out|    3|       m_axi|                                                       gmem|       pointer|
|m_axi_gmem_0_AWQOS     |  out|    4|       m_axi|                                                       gmem|       pointer|
|m_axi_gmem_0_AWREGION  |  out|    4|       m_axi|                                                       gmem|       pointer|
|m_axi_gmem_0_AWUSER    |  out|    1|       m_axi|                                                       gmem|       pointer|
|m_axi_gmem_0_WVALID    |  out|    1|       m_axi|                                                       gmem|       pointer|
|m_axi_gmem_0_WREADY    |   in|    1|       m_axi|                                                       gmem|       pointer|
|m_axi_gmem_0_WDATA     |  out|    8|       m_axi|                                                       gmem|       pointer|
|m_axi_gmem_0_WSTRB     |  out|    1|       m_axi|                                                       gmem|       pointer|
|m_axi_gmem_0_WLAST     |  out|    1|       m_axi|                                                       gmem|       pointer|
|m_axi_gmem_0_WID       |  out|    1|       m_axi|                                                       gmem|       pointer|
|m_axi_gmem_0_WUSER     |  out|    1|       m_axi|                                                       gmem|       pointer|
|m_axi_gmem_0_ARVALID   |  out|    1|       m_axi|                                                       gmem|       pointer|
|m_axi_gmem_0_ARREADY   |   in|    1|       m_axi|                                                       gmem|       pointer|
|m_axi_gmem_0_ARADDR    |  out|   64|       m_axi|                                                       gmem|       pointer|
|m_axi_gmem_0_ARID      |  out|    1|       m_axi|                                                       gmem|       pointer|
|m_axi_gmem_0_ARLEN     |  out|   32|       m_axi|                                                       gmem|       pointer|
|m_axi_gmem_0_ARSIZE    |  out|    3|       m_axi|                                                       gmem|       pointer|
|m_axi_gmem_0_ARBURST   |  out|    2|       m_axi|                                                       gmem|       pointer|
|m_axi_gmem_0_ARLOCK    |  out|    2|       m_axi|                                                       gmem|       pointer|
|m_axi_gmem_0_ARCACHE   |  out|    4|       m_axi|                                                       gmem|       pointer|
|m_axi_gmem_0_ARPROT    |  out|    3|       m_axi|                                                       gmem|       pointer|
|m_axi_gmem_0_ARQOS     |  out|    4|       m_axi|                                                       gmem|       pointer|
|m_axi_gmem_0_ARREGION  |  out|    4|       m_axi|                                                       gmem|       pointer|
|m_axi_gmem_0_ARUSER    |  out|    1|       m_axi|                                                       gmem|       pointer|
|m_axi_gmem_0_RVALID    |   in|    1|       m_axi|                                                       gmem|       pointer|
|m_axi_gmem_0_RREADY    |  out|    1|       m_axi|                                                       gmem|       pointer|
|m_axi_gmem_0_RDATA     |   in|    8|       m_axi|                                                       gmem|       pointer|
|m_axi_gmem_0_RLAST     |   in|    1|       m_axi|                                                       gmem|       pointer|
|m_axi_gmem_0_RID       |   in|    1|       m_axi|                                                       gmem|       pointer|
|m_axi_gmem_0_RFIFONUM  |   in|   13|       m_axi|                                                       gmem|       pointer|
|m_axi_gmem_0_RUSER     |   in|    1|       m_axi|                                                       gmem|       pointer|
|m_axi_gmem_0_RRESP     |   in|    2|       m_axi|                                                       gmem|       pointer|
|m_axi_gmem_0_BVALID    |   in|    1|       m_axi|                                                       gmem|       pointer|
|m_axi_gmem_0_BREADY    |  out|    1|       m_axi|                                                       gmem|       pointer|
|m_axi_gmem_0_BRESP     |   in|    2|       m_axi|                                                       gmem|       pointer|
|m_axi_gmem_0_BID       |   in|    1|       m_axi|                                                       gmem|       pointer|
|m_axi_gmem_0_BUSER     |   in|    1|       m_axi|                                                       gmem|       pointer|
|op                     |   in|    2|     ap_none|                                                         op|        scalar|
|zext_ln123_3           |   in|   31|     ap_none|                                               zext_ln123_3|        scalar|
|h                      |   in|   32|     ap_none|                                                          h|        scalar|
|sext_ln123             |   in|   32|     ap_none|                                                 sext_ln123|        scalar|
|zext_ln123_6           |   in|   31|     ap_none|                                               zext_ln123_6|        scalar|
|w                      |   in|   32|     ap_none|                                                          w|        scalar|
|zext_ln123_5           |   in|   31|     ap_none|                                               zext_ln123_5|        scalar|
|zext_ln123             |   in|   31|     ap_none|                                                 zext_ln123|        scalar|
|arena                  |   in|   64|     ap_none|                                                      arena|        scalar|
|value_3_out            |  out|    1|      ap_vld|                                                value_3_out|       pointer|
|value_3_out_ap_vld     |  out|    1|      ap_vld|                                                value_3_out|       pointer|
+-----------------------+-----+-----+------------+-----------------------------------------------------------+--------------+

