

================================================================
== Vitis HLS Report for 'lesion_accel_Pipeline_VITIS_LOOP_152_22_VITIS_LOOP_152_23'
================================================================
* Date:           Tue Sep 22 23:27:46 2026

* Version:        2025.2 (Build 6295257 on Nov 14 2025)
* Project:        lesion
* Solution:       solution1 (Vivado IP Flow Target)
* Product family: zynq
* Target device:  xc7z020-clg400-1


================================================================
== Performance Estimates
================================================================
+ Timing: 
    * Summary: 
    +--------+----------+----------+------------+
    |  Clock |  Target  | Estimated| Uncertainty|
    +--------+----------+----------+------------+
    |ap_clk  |  10.00 ns|  7.396 ns|     2.70 ns|
    +--------+----------+----------+------------+

+ Latency: 
    * Summary: 
    +---------+---------+----------+----------+-----+-----+-------------------+
    |  Latency (cycles) |  Latency (absolute) |  Interval |      Pipeline     |
    |   min   |   max   |    min   |    max   | min | max |        Type       |
    +---------+---------+----------+----------+-----+-----+-------------------+
    |        ?|        ?|         ?|         ?|    0|    0|  loop pipeline stp|
    +---------+---------+----------+----------+-----+-----+-------------------+

    + Detail: 
        * Instance: 
        N/A

        * Loop: 
        +---------------------------------------+---------+---------+----------+-----------+-----------+------+----------+
        |                                       |  Latency (cycles) | Iteration|  Initiation Interval  | Trip |          |
        |               Loop Name               |   min   |   max   |  Latency |  achieved |   target  | Count| Pipelined|
        +---------------------------------------+---------+---------+----------+-----------+-----------+------+----------+
        |- VITIS_LOOP_152_22_VITIS_LOOP_152_23  |        ?|        ?|         5|          1|          1|     ?|       yes|
        +---------------------------------------+---------+---------+----------+-----------+-----------+------+----------+



================================================================
== Utilization Estimates
================================================================
* Summary: 
+-----------------+---------+-----+--------+-------+-----+
|       Name      | BRAM_18K| DSP |   FF   |  LUT  | URAM|
+-----------------+---------+-----+--------+-------+-----+
|DSP              |        -|    -|       -|      -|    -|
|Expression       |        -|    -|       0|   1144|    -|
|FIFO             |        -|    -|       -|      -|    -|
|Instance         |        -|    8|     282|     96|    -|
|Memory           |        -|    -|       -|      -|    -|
|Multiplexer      |        -|    -|       0|    117|    -|
|Register         |        -|    -|     968|     96|    -|
+-----------------+---------+-----+--------+-------+-----+
|Total            |        0|    8|    1250|   1453|    0|
+-----------------+---------+-----+--------+-------+-----+
|Available        |      280|  220|  106400|  53200|    0|
+-----------------+---------+-----+--------+-------+-----+
|Utilization (%)  |        0|    3|       1|      2|    0|
+-----------------+---------+-----+--------+-------+-----+

+ Detail: 
    * Instance: 
    +-------------------------+----------------------+---------+----+-----+----+-----+
    |         Instance        |        Module        | BRAM_18K| DSP|  FF | LUT| URAM|
    +-------------------------+----------------------+---------+----+-----+----+-----+
    |mul_31ns_31ns_62_2_1_U5  |mul_31ns_31ns_62_2_1  |        0|   4|  141|  48|    0|
    |mul_31ns_31ns_62_2_1_U6  |mul_31ns_31ns_62_2_1  |        0|   4|  141|  48|    0|
    +-------------------------+----------------------+---------+----+-----+----+-----+
    |Total                    |                      |        0|   8|  282|  96|    0|
    +-------------------------+----------------------+---------+----+-----+----+-----+

    * DSP: 
    N/A

    * Memory: 
    N/A

    * FIFO: 
    N/A

    * Expression: 
    +---------------------------+----------+----+---+----+------------+------------+
    |       Variable Name       | Operation| DSP| FF| LUT| Bitwidth P0| Bitwidth P1|
    +---------------------------+----------+----+---+----+------------+------------+
    |add_ln152_1_fu_271_p2      |         +|   0|  0|  38|          31|           1|
    |add_ln152_2_fu_293_p2      |         +|   0|  0|  38|          31|           1|
    |add_ln152_3_fu_240_p2      |         +|   0|  0|  69|          62|           1|
    |add_ln155_1_fu_359_p2      |         +|   0|  0|  71|          64|          64|
    |add_ln155_2_fu_365_p2      |         +|   0|  0|  71|          64|          64|
    |add_ln155_3_fu_374_p2      |         +|   0|  0|  71|          64|          64|
    |add_ln155_4_fu_383_p2      |         +|   0|  0|  71|          64|          64|
    |add_ln155_5_fu_389_p2      |         +|   0|  0|  71|          64|          64|
    |add_ln155_fu_353_p2        |         +|   0|  0|  71|          64|           1|
    |ap_block_pp0_stage0_11001  |       and|   0|  0|   2|           1|           1|
    |icmp_ln152_1_fu_235_p2     |      icmp|   0|  0|  69|          62|          62|
    |icmp_ln152_fu_263_p2       |      icmp|   0|  0|  39|          32|          32|
    |icmp_ln154_fu_348_p2       |      icmp|   0|  0|  15|           8|           1|
    |add49448_fu_427_p3         |    select|   0|  0|  64|           1|          64|
    |add49750_fu_419_p3         |    select|   0|  0|  64|           1|          64|
    |add50152_fu_411_p3         |    select|   0|  0|  64|           1|          64|
    |add50554_fu_403_p3         |    select|   0|  0|  64|           1|          64|
    |add50956_fu_395_p3         |    select|   0|  0|  64|           1|          64|
    |inc49146_fu_435_p3         |    select|   0|  0|  64|           1|          64|
    |select_ln152_1_fu_285_p3   |    select|   0|  0|  31|           1|          31|
    |select_ln152_fu_277_p3     |    select|   0|  0|  31|           1|          31|
    |ap_enable_pp0              |       xor|   0|  0|   2|           1|           2|
    +---------------------------+----------+----+---+----+------------+------------+
    |Total                      |          |   0|  0|1144|         620|         868|
    +---------------------------+----------+----+---+----+------------+------------+

    * Multiplexer: 
    +--------------------------+----+-----------+-----+-----------+
    |           Name           | LUT| Input Size| Bits| Total Bits|
    +--------------------------+----+-----------+-----+-----------+
    |add49449_fu_78            |   9|          2|   64|        128|
    |add49751_fu_82            |   9|          2|   64|        128|
    |add50153_fu_86            |   9|          2|   64|        128|
    |add50555_fu_90            |   9|          2|   64|        128|
    |add50957_fu_94            |   9|          2|   64|        128|
    |ap_done_int               |   9|          2|    1|          2|
    |ap_enable_reg_pp0_iter1   |   9|          2|    1|          2|
    |ap_enable_reg_pp0_iter3   |   9|          2|    1|          2|
    |gmem_blk_n_R              |   9|          2|    1|          2|
    |inc49147_fu_74            |   9|          2|   64|        128|
    |indvar_flatten140_fu_106  |   9|          2|   62|        124|
    |x_fu_98                   |   9|          2|   31|         62|
    |y_fu_102                  |   9|          2|   31|         62|
    +--------------------------+----+-----------+-----+-----------+
    |Total                     | 117|         26|  512|       1024|
    +--------------------------+----+-----------+-----+-----------+

    * Register: 
    +-------------------------------------------+----+----+-----+-----------+
    |                    Name                   | FF | LUT| Bits| Const Bits|
    +-------------------------------------------+----+----+-----+-----------+
    |add49449_fu_78                             |  64|   0|   64|          0|
    |add49751_fu_82                             |  64|   0|   64|          0|
    |add50153_fu_86                             |  64|   0|   64|          0|
    |add50555_fu_90                             |  64|   0|   64|          0|
    |add50957_fu_94                             |  64|   0|   64|          0|
    |ap_CS_fsm                                  |   1|   0|    1|          0|
    |ap_block_pp0_stage0_subdone_grp0_done_reg  |   1|   0|    1|          0|
    |ap_done_reg                                |   1|   0|    1|          0|
    |ap_enable_reg_pp0_iter1                    |   1|   0|    1|          0|
    |ap_enable_reg_pp0_iter2                    |   1|   0|    1|          0|
    |ap_enable_reg_pp0_iter3                    |   1|   0|    1|          0|
    |ap_enable_reg_pp0_iter4                    |   1|   0|    1|          0|
    |ap_enable_reg_pp0_iter5                    |   1|   0|    1|          0|
    |ap_loop_exit_ready_pp0_iter2_reg           |   1|   0|    1|          0|
    |ap_loop_exit_ready_pp0_iter3_reg           |   1|   0|    1|          0|
    |ap_loop_exit_ready_pp0_iter4_reg           |   1|   0|    1|          0|
    |gmem_addr_read_reg_621                     |   8|   0|    8|          0|
    |icmp_ln152_1_reg_581                       |   1|   0|    1|          0|
    |inc49147_fu_74                             |  64|   0|   64|          0|
    |indvar_flatten140_fu_106                   |  62|   0|   62|          0|
    |mul_ln155_1_reg_626                        |  62|   0|   62|          0|
    |mul_ln155_2_reg_631                        |  62|   0|   62|          0|
    |mul_ln155_reg_616                          |  62|   0|   62|          0|
    |select_ln152_1_reg_596                     |  31|   0|   31|          0|
    |select_ln152_reg_590                       |  31|   0|   31|          0|
    |x_fu_98                                    |  31|   0|   31|          0|
    |y_fu_102                                   |  31|   0|   31|          0|
    |icmp_ln152_1_reg_581                       |  64|  32|    1|          0|
    |select_ln152_1_reg_596                     |  64|  32|   31|          0|
    |select_ln152_reg_590                       |  64|  32|   31|          0|
    +-------------------------------------------+----+----+-----+-----------+
    |Total                                      | 968|  96|  839|          0|
    +-------------------------------------------+----+----+-----+-----------+



================================================================
== Interface
================================================================
* Summary: 
+-----------------------+-----+-----+------------+-----------------------------------------------------------+--------------+
|       RTL Ports       | Dir | Bits|  Protocol  |                       Source Object                       |    C Type    |
+-----------------------+-----+-----+------------+-----------------------------------------------------------+--------------+
|ap_clk                 |   in|    1|  ap_ctrl_hs|  lesion_accel_Pipeline_VITIS_LOOP_152_22_VITIS_LOOP_152_23|  return value|
|ap_rst                 |   in|    1|  ap_ctrl_hs|  lesion_accel_Pipeline_VITIS_LOOP_152_22_VITIS_LOOP_152_23|  return value|
|ap_start               |   in|    1|  ap_ctrl_hs|  lesion_accel_Pipeline_VITIS_LOOP_152_22_VITIS_LOOP_152_23|  return value|
|ap_done                |  out|    1|  ap_ctrl_hs|  lesion_accel_Pipeline_VITIS_LOOP_152_22_VITIS_LOOP_152_23|  return value|
|ap_idle                |  out|    1|  ap_ctrl_hs|  lesion_accel_Pipeline_VITIS_LOOP_152_22_VITIS_LOOP_152_23|  return value|
|ap_ready               |  out|    1|  ap_ctrl_hs|  lesion_accel_Pipeline_VITIS_LOOP_152_22_VITIS_LOOP_152_23|  return value|
|grp_fu_731_p_din0      |  out|   31|  ap_ctrl_hs|  lesion_accel_Pipeline_VITIS_LOOP_152_22_VITIS_LOOP_152_23|  return value|
|grp_fu_731_p_din1      |  out|   31|  ap_ctrl_hs|  lesion_accel_Pipeline_VITIS_LOOP_152_22_VITIS_LOOP_152_23|  return value|
|grp_fu_731_p_dout0     |   in|   62|  ap_ctrl_hs|  lesion_accel_Pipeline_VITIS_LOOP_152_22_VITIS_LOOP_152_23|  return value|
|grp_fu_731_p_ce        |  out|    1|  ap_ctrl_hs|  lesion_accel_Pipeline_VITIS_LOOP_152_22_VITIS_LOOP_152_23|  return value|
|m_axi_gmem_0_AWVALID   |  out|    1|       m_axi|                                                       gmem|       pointer|
|m_axi_gmem_0_AWREADY   |   in|    1|       m_axi|                                                       gmem|       pointer|
|m_axi_gmem_0_AWADDR    |  out|   64|       m_axi|                                                       gmem|       pointer|
|m_axi_gmem_0_AWID      |  out|    1|       m_axi|                                                       gmem|       pointer|
|m_axi_gmem_0_AWLEN     |  out|   32|       m_axi|                                                       gmem|       pointer|
|m_axi_gmem_0_AWSIZE    |  out|    3|       m_axi|                                                       gmem|       pointer|
|m_axi_gmem_0_AWBURST   |  out|    2|       m_axi|                                                       gmem|       pointer|
|m_axi_gmem_0_AWLOCK    |  out|    2|       m_axi|                                                       gmem|       pointer|
|m_axi_gmem_0_AWCACHE   |  out|    4|       m_axi|                                                       gmem|       pointer|
|m_axi_gmem_0_AWPROT    |  out|    3|       m_axi|                                                       gmem|       pointer|
|m_axi_gmem_0_AWQOS     |  out|    4|       m_axi|                                                       gmem|       pointer|
|m_axi_gmem_0_AWREGION  |  out|    4|       m_axi|                                                       gmem|       pointer|
|m_axi_gmem_0_AWUSER    |  out|    1|       m_axi|                                                       gmem|       pointer|
|m_axi_gmem_0_WVALID    |  out|    1|       m_axi|                                                       gmem|       pointer|
|m_axi_gmem_0_WREADY    |   in|    1|       m_axi|                                                       gmem|       pointer|
|m_axi_gmem_0_WDATA     |  out|    8|       m_axi|                                                       gmem|       pointer|
|m_axi_gmem_0_WSTRB     |  out|    1|       m_axi|                                                       gmem|       pointer|
|m_axi_gmem_0_WLAST     |  out|    1|       m_axi|                                                       gmem|       pointer|
|m_axi_gmem_0_WID       |  out|    1|       m_axi|                                                       gmem|       pointer|
|m_axi_gmem_0_WUSER     |  out|    1|       m_axi|                                                       gmem|       pointer|
|m_axi_gmem_0_ARVALID   |  out|    1|       m_axi|                                                       gmem|       pointer|
|m_axi_gmem_0_ARREADY   |   in|    1|       m_axi|                                                       gmem|       pointer|
|m_axi_gmem_0_ARADDR    |  out|   64|       m_axi|                                                       gmem|       pointer|
|m_axi_gmem_0_ARID      |  out|    1|       m_axi|                                                       gmem|       pointer|
|m_axi_gmem_0_ARLEN     |  out|   32|       m_axi|                                                       gmem|       pointer|
|m_axi_gmem_0_ARSIZE    |  out|    3|       m_axi|                                                       gmem|       pointer|
|m_axi_gmem_0_ARBURST   |  out|    2|       m_axi|                                                       gmem|       pointer|
|m_axi_gmem_0_ARLOCK    |  out|    2|       m_axi|                                                       gmem|       pointer|
|m_axi_gmem_0_ARCACHE   |  out|    4|       m_axi|                                                       gmem|       pointer|
|m_axi_gmem_0_ARPROT    |  out|    3|       m_axi|                                                       gmem|       pointer|
|m_axi_gmem_0_ARQOS     |  out|    4|       m_axi|                                                       gmem|       pointer|
|m_axi_gmem_0_ARREGION  |  out|    4|       m_axi|                                                       gmem|       pointer|
|m_axi_gmem_0_ARUSER    |  out|    1|       m_axi|                                                       gmem|       pointer|
|m_axi_gmem_0_RVALID    |   in|    1|       m_axi|                                                       gmem|       pointer|
|m_axi_gmem_0_RREADY    |  out|    1|       m_axi|                                                       gmem|       pointer|
|m_axi_gmem_0_RDATA     |   in|    8|       m_axi|                                                       gmem|       pointer|
|m_axi_gmem_0_RLAST     |   in|    1|       m_axi|                                                       gmem|       pointer|
|m_axi_gmem_0_RID       |   in|    1|       m_axi|                                                       gmem|       pointer|
|m_axi_gmem_0_RFIFONUM  |   in|   13|       m_axi|                                                       gmem|       pointer|
|m_axi_gmem_0_RUSER     |   in|    1|       m_axi|                                                       gmem|       pointer|
|m_axi_gmem_0_RRESP     |   in|    2|       m_axi|                                                       gmem|       pointer|
|m_axi_gmem_0_BVALID    |   in|    1|       m_axi|                                                       gmem|       pointer|
|m_axi_gmem_0_BREADY    |  out|    1|       m_axi|                                                       gmem|       pointer|
|m_axi_gmem_0_BRESP     |   in|    2|       m_axi|                                                       gmem|       pointer|
|m_axi_gmem_0_BID       |   in|    1|       m_axi|                                                       gmem|       pointer|
|m_axi_gmem_0_BUSER     |   in|    1|       m_axi|                                                       gmem|       pointer|
|w                      |   in|   32|     ap_none|                                                          w|        scalar|
|mul_ln152_1            |   in|   62|     ap_none|                                                mul_ln152_1|        scalar|
|add_ln152              |   in|   64|     ap_none|                                                  add_ln152|        scalar|
|add50957_out           |  out|   64|      ap_vld|                                               add50957_out|       pointer|
|add50957_out_ap_vld    |  out|    1|      ap_vld|                                               add50957_out|       pointer|
|add50555_out           |  out|   64|      ap_vld|                                               add50555_out|       pointer|
|add50555_out_ap_vld    |  out|    1|      ap_vld|                                               add50555_out|       pointer|
|add50153_out           |  out|   64|      ap_vld|                                               add50153_out|       pointer|
|add50153_out_ap_vld    |  out|    1|      ap_vld|                                               add50153_out|       pointer|
|add49751_out           |  out|   64|      ap_vld|                                               add49751_out|       pointer|
|add49751_out_ap_vld    |  out|    1|      ap_vld|                                               add49751_out|       pointer|
|add49449_out           |  out|   64|      ap_vld|                                               add49449_out|       pointer|
|add49449_out_ap_vld    |  out|    1|      ap_vld|                                               add49449_out|       pointer|
|inc49147_out           |  out|   64|      ap_vld|                                               inc49147_out|       pointer|
|inc49147_out_ap_vld    |  out|    1|      ap_vld|                                               inc49147_out|       pointer|
+-----------------------+-----+-----+------------+-----------------------------------------------------------+--------------+

