

================================================================
== Vitis HLS Report for 'lesion_accel'
================================================================
* Date:           Sun Sep 27 08:32:19 2026

* Version:        2025.2 (Build 6295257 on Nov 14 2025)
* Project:        lesion
* Solution:       solution1 (Vivado IP Flow Target)
* Product family: zynq
* Target device:  xc7z020-clg400-1


================================================================
== Performance Estimates
================================================================
+ Timing: 
    * Summary: 
    +--------+----------+----------+------------+
    |  Clock |  Target  | Estimated| Uncertainty|
    +--------+----------+----------+------------+
    |ap_clk  |  10.00 ns|  8.560 ns|     2.70 ns|
    +--------+----------+----------+------------+

+ Latency: 
    * Summary: 
    +---------+---------+----------+----------+-----+-----+---------+
    |  Latency (cycles) |  Latency (absolute) |  Interval | Pipeline|
    |   min   |   max   |    min   |    max   | min | max |   Type  |
    +---------+---------+----------+----------+-----+-----+---------+
    |        ?|        ?|         ?|         ?|    ?|    ?|       no|
    +---------+---------+----------+----------+-----+-----+---------+

    + Detail: 
        * Instance: 
        +----------------------------------------------------+-----------------------------------------+---------+---------+-----------+-----------+-----+-----+-------------------+
        |                                                    |                                         |  Latency (cycles) |   Latency (absolute)  |  Interval |      Pipeline     |
        |                      Instance                      |                  Module                 |   min   |   max   |    min    |    max    | min | max |        Type       |
        +----------------------------------------------------+-----------------------------------------+---------+---------+-----------+-----------+-----+-----+-------------------+
        |grp_lesion_accel_Pipeline_VITIS_LOOP_86_1_fu_934    |lesion_accel_Pipeline_VITIS_LOOP_86_1    |       19|       19|   0.190 us|   0.190 us|    0|    0|  loop pipeline stp|
        |grp_lesion_accel_Pipeline_VITIS_LOOP_160_24_fu_942  |lesion_accel_Pipeline_VITIS_LOOP_160_24  |       14|       14|   0.140 us|   0.140 us|    0|    0|  loop pipeline stp|
        |grp_convolution_fu_955                              |convolution                              |        ?|        ?|          ?|          ?|    ?|    ?|                 no|
        |grp_rq_fu_966                                       |rq                                       |        6|        6|  60.000 ns|  60.000 ns|    1|    1|                yes|
        +----------------------------------------------------+-----------------------------------------+---------+---------+-----------+-----------+-----+-----+-------------------+

        * Loop: 
        +--------------------------------------------------------+---------+-------------+------------------+-----------+-----------+----------------+----------+
        |                                                        |    Latency (cycles)   |     Iteration    |  Initiation Interval  |      Trip      |          |
        |                        Loop Name                       |   min   |     max     |      Latency     |  achieved |   target  |      Count     | Pipelined|
        +--------------------------------------------------------+---------+-------------+------------------+-----------+-----------+----------------+----------+
        |- VITIS_LOOP_97_2                                       |        3|            ?|             3 ~ ?|          -|          -|           1 ~ ?|        no|
        | + VITIS_LOOP_97_3                                      |        0|            ?|  10 ~ 68719476687|          -|          -|  0 ~ 1073741823|        no|
        |  ++ VITIS_LOOP_97_4_VITIS_LOOP_100_5_VITIS_LOOP_100_6  |        2|  68719476679|                24|         16|          1|  0 ~ 4294967292|       yes|
        |- VITIS_LOOP_107_7                                      |       27|            ?|            27 ~ ?|          -|          -|           1 ~ ?|        no|
        | + VITIS_LOOP_107_8                                     |       24|            ?|  24 ~ 36507221989|          -|          -|  1 ~ 2147483646|        no|
        |  ++ VITIS_LOOP_107_9                                   |       17|  36507221982|                17|          -|          -|  1 ~ 2147483646|        no|
        |- VITIS_LOOP_113_10                                     |        ?|            ?|                 ?|          -|          -|           1 ~ ?|        no|
        | + VITIS_LOOP_113_11                                    |        ?|            ?|                25|          -|          -|               ?|        no|
        |- VITIS_LOOP_119_12                                     |        ?|            ?|           19 ~ 28|          -|          -|               ?|        no|
        |- VITIS_LOOP_125_13                                     |       63|            ?|            63 ~ ?|          -|          -|           1 ~ ?|        no|
        | + VITIS_LOOP_125_14                                    |       60|            ?|          60 ~ 141|          -|          -|           1 ~ ?|        no|
        |  ++ VITIS_LOOP_127_15                                  |       51|          132|           17 ~ 44|          -|          -|               3|        no|
        |   +++ VITIS_LOOP_127_16                                |       12|           39|            4 ~ 13|          -|          -|               3|        no|
        |- VITIS_LOOP_137_17                                     |       84|            ?|            28 ~ ?|          -|          -|               3|        no|
        | + VITIS_LOOP_137_18                                    |       25|            ?|            25 ~ ?|          -|          -|           1 ~ ?|        no|
        |  ++ VITIS_LOOP_137_19                                  |       21|            ?|          21 ~ 174|          -|          -|           1 ~ ?|        no|
        |   +++ VITIS_LOOP_140_20                                |      159|          159|                53|          -|          -|               3|        no|
        |    ++++ VITIS_LOOP_140_21                              |       48|           48|                16|          -|          -|               3|        no|
        |- VITIS_LOOP_154_22                                     |        ?|            ?|                 ?|          -|          -|               ?|        no|
        | + VITIS_LOOP_154_23                                    |        ?|            ?|                 6|          -|          -|               ?|        no|
        +--------------------------------------------------------+---------+-------------+------------------+-----------+-----------+----------------+----------+



================================================================
== Utilization Estimates
================================================================
* Summary: 
+-----------------+---------+-----+--------+-------+-----+
|       Name      | BRAM_18K| DSP |   FF   |  LUT  | URAM|
+-----------------+---------+-----+--------+-------+-----+
|DSP              |        -|    1|       -|      -|    -|
|Expression       |        -|    -|       0|   8099|    -|
|FIFO             |        -|    -|       -|      -|    -|
|Instance         |       21|  132|   16862|  18938|    0|
|Memory           |        0|    -|      64|      8|    0|
|Multiplexer      |        -|    -|       0|   2715|    -|
|Register         |        -|    -|    7817|      -|    -|
+-----------------+---------+-----+--------+-------+-----+
|Total            |       21|  133|   24743|  29760|    0|
+-----------------+---------+-----+--------+-------+-----+
|Available        |      280|  220|  106400|  53200|    0|
+-----------------+---------+-----+--------+-------+-----+
|Utilization (%)  |        7|   60|      23|     55|    0|
+-----------------+---------+-----+--------+-------+-----+

+ Detail: 
    * Instance: 
    +----------------------------------------------------+-----------------------------------------+---------+----+-------+-------+-----+
    |                      Instance                      |                  Module                 | BRAM_18K| DSP|   FF  |  LUT  | URAM|
    +----------------------------------------------------+-----------------------------------------+---------+----+-------+-------+-----+
    |control_s_axi_U                                     |control_s_axi                            |        0|   0|    208|    360|    0|
    |controlmem_m_axi_U                                  |controlmem_m_axi                         |        2|   0|    770|    742|    0|
    |grp_convolution_fu_955                              |convolution                              |       16|  65|  10572|  14122|    0|
    |gmem_m_axi_U                                        |gmem_m_axi                               |        3|   0|    866|    853|    0|
    |grp_lesion_accel_Pipeline_VITIS_LOOP_160_24_fu_942  |lesion_accel_Pipeline_VITIS_LOOP_160_24  |        0|   0|     73|    152|    0|
    |grp_lesion_accel_Pipeline_VITIS_LOOP_86_1_fu_934    |lesion_accel_Pipeline_VITIS_LOOP_86_1    |        0|   0|     53|     76|    0|
    |mul_2ns_32s_34_2_1_U357                             |mul_2ns_32s_34_2_1                       |        0|   0|    165|     50|    0|
    |mul_31ns_31ns_62_2_1_U344                           |mul_31ns_31ns_62_2_1                     |        0|   4|    141|     48|    0|
    |mul_31ns_32ns_63_2_1_U346                           |mul_31ns_32ns_63_2_1                     |        0|   4|    165|     50|    0|
    |mul_31ns_32s_62_2_1_U345                            |mul_31ns_32s_62_2_1                      |        0|   4|    165|     50|    0|
    |mul_31ns_64s_64_5_1_U347                            |mul_31ns_64s_64_5_1                      |        0|   7|    441|    256|    0|
    |mul_32ns_32ns_63_2_1_U348                           |mul_32ns_32ns_63_2_1                     |        0|   4|    165|     50|    0|
    |mul_32ns_32s_62_2_1_U350                            |mul_32ns_32s_62_2_1                      |        0|   4|    165|     50|    0|
    |mul_32s_32s_32_2_1_U349                             |mul_32s_32s_32_2_1                       |        0|   3|    165|     50|    0|
    |mul_32s_32s_64_2_0_U351                             |mul_32s_32s_64_2_0                       |        0|   4|    165|     50|    0|
    |mul_32s_34ns_65_2_1_U352                            |mul_32s_34ns_65_2_1                      |        0|   4|    173|     54|    0|
    |mul_34s_32s_64_2_1_U353                             |mul_34s_32s_64_2_1                       |        0|   4|    173|     54|    0|
    |mul_62ns_31ns_64_5_1_U354                           |mul_62ns_31ns_64_5_1                     |        0|   7|    429|    244|    0|
    |mul_63s_32s_63_5_1_U355                             |mul_63s_32s_63_5_1                       |        0|   7|    435|    250|    0|
    |mul_63s_32s_64_5_1_U356                             |mul_63s_32s_64_5_1                       |        0|   7|    435|    250|    0|
    |grp_rq_fu_966                                       |rq                                       |        0|   4|    938|   1127|    0|
    +----------------------------------------------------+-----------------------------------------+---------+----+-------+-------+-----+
    |Total                                               |                                         |       21| 132|  16862|  18938|    0|
    +----------------------------------------------------+-----------------------------------------+---------+----+-------+-------+-----+

    * DSP: 
    +------------------------------------+-------------------------------+--------------+
    |              Instance              |             Module            |  Expression  |
    +------------------------------------+-------------------------------+--------------+
    |mac_muladd_8ns_3ns_32s_32_4_1_U358  |mac_muladd_8ns_3ns_32s_32_4_1  |  i0 * i1 + i2|
    +------------------------------------+-------------------------------+--------------+

    * Memory: 
    +-------+-----------------+---------+----+----+-----+------+-----+------+-------------+
    | Memory|      Module     | BRAM_18K| FF | LUT| URAM| Words| Bits| Banks| W*Bits*Banks|
    +-------+-----------------+---------+----+----+-----+------+-----+------+-------------+
    |d_U    |d_RAM_AUTO_1R1W  |        0|  64|   8|    0|    16|   32|     1|          512|
    +-------+-----------------+---------+----+----+-----+------+-----+------+-------------+
    |Total  |                 |        0|  64|   8|    0|    16|   32|     1|          512|
    +-------+-----------------+---------+----+----+-----+------+-----+------+-------------+

    * FIFO: 
    N/A

    * Expression: 
    +-----------------------------------------+----------+----+---+----+------------+------------+
    |              Variable Name              | Operation| DSP| FF| LUT| Bitwidth P0| Bitwidth P1|
    +-----------------------------------------+----------+----+---+----+------------+------------+
    |add_ln100_1_fu_3006_p2                   |         +|   0|  0|  10|           2|           1|
    |add_ln100_2_fu_3038_p2                   |         +|   0|  0|  13|           4|           1|
    |add_ln100_fu_2986_p2                     |         +|   0|  0|  10|           2|           1|
    |add_ln101_1_fu_2835_p2                   |         +|   0|  0|  71|          64|          64|
    |add_ln101_2_fu_3112_p2                   |         +|   0|  0|  64|          64|          64|
    |add_ln101_fu_3107_p2                     |         +|   0|  0|  64|          64|          64|
    |add_ln103_1_fu_3069_p2                   |         +|   0|  0|  64|          64|          64|
    |add_ln103_2_fu_2840_p2                   |         +|   0|  0|  71|          64|          64|
    |add_ln103_3_fu_3074_p2                   |         +|   0|  0|  64|          64|          64|
    |add_ln103_fu_2897_p2                     |         +|   0|  0|  69|          62|          62|
    |add_ln107_1_fu_2719_p2                   |         +|   0|  0|  38|          31|           1|
    |add_ln107_2_fu_2668_p2                   |         +|   0|  0|  38|          31|           1|
    |add_ln107_fu_2640_p2                     |         +|   0|  0|  38|          31|           1|
    |add_ln109_1_fu_2697_p2                   |         +|   0|  0|  70|          63|          63|
    |add_ln109_2_fu_2743_p2                   |         +|   0|  0|  32|          32|          32|
    |add_ln109_3_fu_2749_p2                   |         +|   0|  0|  32|          32|          32|
    |add_ln109_4_fu_2773_p2                   |         +|   0|  0|  71|          64|          64|
    |add_ln109_5_fu_2754_p2                   |         +|   0|  0|  64|          64|          64|
    |add_ln109_6_fu_2622_p2                   |         +|   0|  0|  71|          64|          64|
    |add_ln109_7_fu_2759_p2                   |         +|   0|  0|  64|          64|          64|
    |add_ln109_fu_2688_p2                     |         +|   0|  0|  39|          32|          32|
    |add_ln112_fu_3153_p2                     |         +|   0|  0|  39|          32|          32|
    |add_ln113_fu_3218_p2                     |         +|   0|  0|  38|          31|           1|
    |add_ln115_1_fu_3280_p2                   |         +|   0|  0|  32|          32|          32|
    |add_ln115_2_fu_3285_p2                   |         +|   0|  0|  32|          32|          32|
    |add_ln115_3_fu_3290_p2                   |         +|   0|  0|  32|          32|          32|
    |add_ln115_fu_3275_p2                     |         +|   0|  0|  32|          32|          32|
    |add_ln116_1_fu_3295_p2                   |         +|   0|  0|  64|          64|          64|
    |add_ln116_2_fu_3205_p2                   |         +|   0|  0|  71|          64|          64|
    |add_ln116_3_fu_3300_p2                   |         +|   0|  0|  64|          64|          64|
    |add_ln116_fu_3324_p2                     |         +|   0|  0|  71|          64|          64|
    |add_ln119_fu_2426_p2                     |         +|   0|  0|  38|          31|           1|
    |add_ln121_1_fu_2436_p2                   |         +|   0|  0|  71|          64|          64|
    |add_ln121_2_fu_2408_p2                   |         +|   0|  0|  71|          64|          64|
    |add_ln121_3_fu_2457_p2                   |         +|   0|  0|  71|          64|          64|
    |add_ln121_4_fu_2403_p2                   |         +|   0|  0|  71|          64|          64|
    |add_ln121_5_fu_2473_p2                   |         +|   0|  0|  71|          64|          64|
    |add_ln121_fu_2398_p2                     |         +|   0|  0|  71|          64|          64|
    |add_ln125_1_fu_2187_p2                   |         +|   0|  0|  38|          31|           1|
    |add_ln125_fu_2168_p2                     |         +|   0|  0|  38|          31|           1|
    |add_ln127_1_fu_2359_p2                   |         +|   0|  0|  11|           3|           1|
    |add_ln127_fu_2327_p2                     |         +|   0|  0|  11|           3|           1|
    |add_ln129_1_fu_2292_p2                   |         +|   0|  0|  39|          32|          32|
    |add_ln129_2_fu_2274_p2                   |         +|   0|  0|  69|          62|          62|
    |add_ln129_3_fu_1348_p2                   |         +|   0|  0|  71|          64|          64|
    |add_ln129_4_fu_2337_p2                   |         +|   0|  0|  64|          64|          64|
    |add_ln129_5_fu_2342_p2                   |         +|   0|  0|  64|          64|          64|
    |add_ln129_fu_2219_p2                     |         +|   0|  0|  39|          32|          32|
    |add_ln132_1_fu_1353_p2                   |         +|   0|  0|  71|          64|          64|
    |add_ln132_2_fu_2259_p2                   |         +|   0|  0|  71|          64|          64|
    |add_ln132_fu_2250_p2                     |         +|   0|  0|  70|          63|          63|
    |add_ln137_1_fu_1717_p2                   |         +|   0|  0|  38|          31|           1|
    |add_ln137_2_fu_1749_p2                   |         +|   0|  0|  38|          31|           1|
    |add_ln137_fu_1693_p2                     |         +|   0|  0|  10|           2|           1|
    |add_ln144_1_fu_1927_p2                   |         +|   0|  0|  32|          32|          32|
    |add_ln144_2_fu_1933_p2                   |         +|   0|  0|  32|          32|          32|
    |add_ln144_3_fu_1941_p2                   |         +|   0|  0|  71|          64|          64|
    |add_ln144_fu_1838_p2                     |         +|   0|  0|  39|          32|          32|
    |add_ln146_fu_1981_p2                     |         +|   0|  0|  39|          32|           4|
    |add_ln147_1_fu_1763_p2                   |         +|   0|  0|  64|          64|          64|
    |add_ln147_2_fu_1669_p2                   |         +|   0|  0|  71|          64|          64|
    |add_ln147_3_fu_1768_p2                   |         +|   0|  0|  64|          64|          64|
    |add_ln147_fu_1727_p2                     |         +|   0|  0|  41|          34|          34|
    |add_ln148_1_fu_1674_p2                   |         +|   0|  0|  71|          64|          64|
    |add_ln148_2_fu_2051_p2                   |         +|   0|  0|  71|          64|          64|
    |add_ln148_fu_2047_p2                     |         +|   0|  0|  71|          64|          64|
    |add_ln149_1_fu_1679_p2                   |         +|   0|  0|  71|          64|          64|
    |add_ln149_2_fu_2062_p2                   |         +|   0|  0|  71|          64|          64|
    |add_ln149_fu_2099_p2                     |         +|   0|  0|  32|          32|           7|
    |add_ln154_1_fu_1421_p2                   |         +|   0|  0|  38|          31|           1|
    |add_ln154_2_fu_1464_p2                   |         +|   0|  0|  38|          31|           1|
    |add_ln154_fu_1380_p2                     |         +|   0|  0|  71|          64|          64|
    |add_ln157_1_fu_1495_p2                   |         +|   0|  0|  71|          64|          64|
    |add_ln157_2_fu_1501_p2                   |         +|   0|  0|  71|          64|          64|
    |add_ln157_3_fu_1596_p2                   |         +|   0|  0|  71|          64|          64|
    |add_ln157_4_fu_1510_p2                   |         +|   0|  0|  71|          64|          64|
    |add_ln157_5_fu_1516_p2                   |         +|   0|  0|  71|          64|          64|
    |add_ln157_6_fu_1470_p2                   |         +|   0|  0|  69|          62|          62|
    |add_ln157_fu_1489_p2                     |         +|   0|  0|  71|          64|           1|
    |add_ln160_fu_1433_p2                     |         +|   0|  0|  71|          64|           8|
    |add_ln89_1_fu_1165_p2                    |         +|   0|  0|  39|          32|           2|
    |add_ln89_2_fu_1180_p2                    |         +|   0|  0|  39|          32|           2|
    |add_ln89_3_fu_1196_p2                    |         +|   0|  0|  39|          32|           2|
    |add_ln89_fu_1149_p2                      |         +|   0|  0|  39|          32|           2|
    |add_ln91_fu_2492_p2                      |         +|   0|  0|  39|          32|           2|
    |add_ln97_1_fu_2887_p2                    |         +|   0|  0|  38|          31|           1|
    |add_ln97_2_fu_2934_p2                    |         +|   0|  0|  38|          31|           1|
    |add_ln97_3_fu_2928_p2                    |         +|   0|  0|  40|          33|           1|
    |add_ln97_fu_2866_p2                      |         +|   0|  0|  38|          31|           1|
    |dx_3_fu_1912_p2                          |         +|   0|  0|  11|           3|           1|
    |dy_3_fu_1918_p2                          |         +|   0|  0|  11|           3|           1|
    |i_4_fu_3265_p2                           |         +|   0|  0|  38|          31|           1|
    |tmp1_fu_3061_p2                          |         +|   0|  0|  63|          63|          63|
    |tmp5_fu_3055_p2                          |         +|   0|  0|  63|          63|          63|
    |xx_fu_1859_p2                            |         +|   0|  0|  39|          32|          32|
    |yy_fu_1789_p2                            |         +|   0|  0|  39|          32|          32|
    |sub_ln115_fu_3238_p2                     |         -|   0|  0|  39|          32|          32|
    |sub_ln146_1_fu_2015_p2                   |         -|   0|  0|  36|           1|          29|
    |sub_ln146_fu_1995_p2                     |         -|   0|  0|  39|           5|          32|
    |sub_ln149_1_fu_2148_p2                   |         -|   0|  0|  15|           1|           8|
    |sub_ln149_2_fu_2093_p2                   |         -|   0|  0|  32|          32|          32|
    |sub_ln149_fu_2127_p2                     |         -|   0|  0|  72|           1|          65|
    |and_ln129_1_fu_2316_p2                   |       and|   0|  0|   2|           1|           1|
    |and_ln129_2_fu_2322_p2                   |       and|   0|  0|   2|           1|           1|
    |and_ln129_fu_2244_p2                     |       and|   0|  0|   2|           1|           1|
    |and_ln130_fu_2365_p2                     |       and|   0|  0|   2|           1|           1|
    |ap_block_pp0_stage0_11001                |       and|   0|  0|   2|           1|           1|
    |ap_block_pp0_stage1_11001                |       and|   0|  0|   2|           1|           1|
    |ap_block_pp0_stage2_11001                |       and|   0|  0|   2|           1|           1|
    |ap_block_pp0_stage7_11001                |       and|   0|  0|   2|           1|           1|
    |ap_block_pp0_stage8_11001                |       and|   0|  0|   2|           1|           1|
    |ap_block_state200_io_grp1                |       and|   0|  0|   2|           1|           1|
    |ap_block_state208_pp0_stage0_iter1_grp2  |       and|   0|  0|   2|           1|           1|
    |ap_block_state209_io_grp3                |       and|   0|  0|   2|           1|           1|
    |ap_block_state210_io_grp4                |       and|   0|  0|   2|           1|           1|
    |ap_block_state215_pp0_stage7_iter1_grp5  |       and|   0|  0|   2|           1|           1|
    |ap_block_state48                         |       and|   0|  0|   2|           1|           1|
    |ap_predicate_op1038_readreq_state200     |       and|   0|  0|   2|           1|           1|
    |ap_predicate_op1051_writereq_state209    |       and|   0|  0|   2|           1|           1|
    |icmp_ln100_1_mid292_fu_2972_p2           |       and|   0|  0|   2|           1|           1|
    |empty_51_fu_3135_p2                      |      icmp|   0|  0|  39|          32|           2|
    |empty_52_fu_3141_p2                      |      icmp|   0|  0|  39|          32|           1|
    |grp_fu_1044_p2                           |      icmp|   0|  0|  39|          32|           1|
    |grp_fu_1049_p2                           |      icmp|   0|  0|  39|          32|           1|
    |grp_fu_1078_p2                           |      icmp|   0|  0|  39|          32|           1|
    |icmp_ln100_1_fu_2966_p2                  |      icmp|   0|  0|  11|           2|           3|
    |icmp_ln100_2_fu_3026_p2                  |      icmp|   0|  0|  11|           2|           3|
    |icmp_ln100_3_fu_3032_p2                  |      icmp|   0|  0|  10|           2|           1|
    |icmp_ln100_fu_2940_p2                    |      icmp|   0|  0|  13|           4|           3|
    |icmp_ln101_fu_3123_p2                    |      icmp|   0|  0|  15|           8|           8|
    |icmp_ln106_1_fu_2528_p2                  |      icmp|   0|  0|  39|          32|           8|
    |icmp_ln106_fu_2522_p2                    |      icmp|   0|  0|  39|          32|           8|
    |icmp_ln107_1_fu_2591_p2                  |      icmp|   0|  0|  39|          32|           1|
    |icmp_ln107_2_fu_2605_p2                  |      icmp|   0|  0|  39|          32|           1|
    |icmp_ln107_3_fu_2635_p2                  |      icmp|   0|  0|  38|          31|          31|
    |icmp_ln107_4_fu_2663_p2                  |      icmp|   0|  0|  38|          31|          31|
    |icmp_ln107_5_fu_2714_p2                  |      icmp|   0|  0|  38|          31|          31|
    |icmp_ln112_1_fu_3162_p2                  |      icmp|   0|  0|  39|          32|           1|
    |icmp_ln112_fu_3157_p2                    |      icmp|   0|  0|  39|          32|          32|
    |icmp_ln113_1_fu_3213_p2                  |      icmp|   0|  0|  38|          31|          31|
    |icmp_ln113_2_fu_3259_p2                  |      icmp|   0|  0|  39|          32|          32|
    |icmp_ln113_fu_3180_p2                    |      icmp|   0|  0|  39|          32|           1|
    |icmp_ln115_fu_3233_p2                    |      icmp|   0|  0|  39|          32|          32|
    |icmp_ln119_fu_2420_p2                    |      icmp|   0|  0|  39|          32|          32|
    |icmp_ln121_1_fu_2467_p2                  |      icmp|   0|  0|  15|           8|           1|
    |icmp_ln121_fu_2451_p2                    |      icmp|   0|  0|  39|          32|          32|
    |icmp_ln125_2_fu_2163_p2                  |      icmp|   0|  0|  38|          31|          31|
    |icmp_ln125_3_fu_2182_p2                  |      icmp|   0|  0|  38|          31|          31|
    |icmp_ln127_1_fu_2282_p2                  |      icmp|   0|  0|  11|           3|           2|
    |icmp_ln127_fu_2209_p2                    |      icmp|   0|  0|  11|           3|           2|
    |icmp_ln129_1_fu_2311_p2                  |      icmp|   0|  0|  39|          32|          32|
    |icmp_ln129_2_fu_2353_p2                  |      icmp|   0|  0|  15|           8|           1|
    |icmp_ln129_fu_2238_p2                    |      icmp|   0|  0|  39|          32|          32|
    |icmp_ln137_2_fu_1687_p2                  |      icmp|   0|  0|  10|           2|           2|
    |icmp_ln137_3_fu_1712_p2                  |      icmp|   0|  0|  38|          31|          31|
    |icmp_ln137_4_fu_1744_p2                  |      icmp|   0|  0|  38|          31|          31|
    |icmp_ln139_fu_1624_p2                    |      icmp|   0|  0|  39|          32|           1|
    |icmp_ln140_1_fu_1849_p2                  |      icmp|   0|  0|  11|           3|           2|
    |icmp_ln140_fu_1779_p2                    |      icmp|   0|  0|  11|           3|           2|
    |icmp_ln143_1_fu_1872_p2                  |      icmp|   0|  0|  39|          32|          32|
    |icmp_ln143_fu_1801_p2                    |      icmp|   0|  0|  39|          32|          32|
    |icmp_ln144_1_fu_1906_p2                  |      icmp|   0|  0|  11|           3|           1|
    |icmp_ln144_fu_1843_p2                    |      icmp|   0|  0|  11|           3|           1|
    |icmp_ln154_1_fu_1263_p2                  |      icmp|   0|  0|  39|          32|           1|
    |icmp_ln154_2_fu_1415_p2                  |      icmp|   0|  0|  39|          32|          32|
    |icmp_ln154_3_fu_1459_p2                  |      icmp|   0|  0|  39|          32|          32|
    |icmp_ln154_fu_1257_p2                    |      icmp|   0|  0|  39|          32|           1|
    |icmp_ln156_fu_1483_p2                    |      icmp|   0|  0|  15|           8|           1|
    |icmp_ln88_fu_1144_p2                     |      icmp|   0|  0|  39|          32|           1|
    |icmp_ln89_fu_1230_p2                     |      icmp|   0|  0|  31|          24|           1|
    |icmp_ln91_1_fu_2503_p2                   |      icmp|   0|  0|  39|          32|           1|
    |icmp_ln91_fu_2497_p2                     |      icmp|   0|  0|  39|          32|           5|
    |icmp_ln97_1_fu_2861_p2                   |      icmp|   0|  0|  38|          31|          31|
    |icmp_ln97_2_fu_2882_p2                   |      icmp|   0|  0|  38|          31|          31|
    |icmp_ln97_3_fu_2923_p2                   |      icmp|   0|  0|  40|          33|          33|
    |value_fu_1308_p2                         |      icmp|   0|  0|  39|          32|           3|
    |ap_block_state89_io                      |        or|   0|  0|   2|           1|           1|
    |empty_53_fu_3147_p2                      |        or|   0|  0|   2|           1|           1|
    |first_iter_0_mid286_fu_2954_p2           |        or|   0|  0|   2|           1|           1|
    |first_iter_0_mid2_fu_2992_p2             |        or|   0|  0|   2|           1|           1|
    |or_ln100_fu_3012_p2                      |        or|   0|  0|   2|           1|           1|
    |or_ln106_fu_2533_p2                      |        or|   0|  0|   2|           1|           1|
    |or_ln130_fu_2371_p2                      |        or|   0|  0|   2|           1|           1|
    |or_ln89_1_fu_1218_p2                     |        or|   0|  0|  24|          24|          24|
    |or_ln89_2_fu_1224_p2                     |        or|   0|  0|  24|          24|          24|
    |or_ln89_fu_1212_p2                       |        or|   0|  0|  24|          24|          24|
    |or_ln96_fu_2518_p2                       |        or|   0|  0|   2|           1|           1|
    |add49448_fu_1545_p3                      |    select|   0|  0|  64|           1|          64|
    |add49750_fu_1537_p3                      |    select|   0|  0|  64|           1|          64|
    |add50152_fu_1602_p3                      |    select|   0|  0|  64|           1|          64|
    |add50554_fu_1529_p3                      |    select|   0|  0|  64|           1|          64|
    |add50956_fu_1521_p3                      |    select|   0|  0|  64|           1|          64|
    |dy_3_mid284_fu_2946_p3                   |    select|   0|  0|   2|           1|           1|
    |empty_56_fu_1397_p3                      |    select|   0|  0|  63|           1|          63|
    |inc49146_fu_1553_p3                      |    select|   0|  0|  64|           1|          64|
    |select_ln100_1_fu_3018_p3                |    select|   0|  0|   2|           1|           1|
    |select_ln100_2_fu_3044_p3                |    select|   0|  0|   4|           1|           1|
    |select_ln100_fu_2998_p3                  |    select|   0|  0|   2|           1|           2|
    |select_ln107_1_fu_2597_p3                |    select|   0|  0|  31|           1|           1|
    |select_ln107_2_fu_2611_p3                |    select|   0|  0|  31|           1|           1|
    |select_ln107_fu_2583_p3                  |    select|   0|  0|  31|           1|           1|
    |select_ln113_fu_3185_p3                  |    select|   0|  0|  31|           1|           1|
    |select_ln125_1_fu_1340_p3                |    select|   0|  0|  31|           1|           1|
    |select_ln125_fu_1332_p3                  |    select|   0|  0|  31|           1|           1|
    |select_ln137_1_fu_1661_p3                |    select|   0|  0|  31|           1|           1|
    |select_ln137_fu_1653_p3                  |    select|   0|  0|  31|           1|           1|
    |select_ln143_2_fu_1890_p3                |    select|   0|  0|  31|           1|          31|
    |select_ln143_fu_1818_p3                  |    select|   0|  0|  31|           1|          31|
    |select_ln144_1_fu_1963_p3                |    select|   0|  0|   2|           1|           2|
    |select_ln144_2_fu_1970_p3                |    select|   0|  0|   3|           1|           3|
    |select_ln144_fu_1956_p3                  |    select|   0|  0|   4|           1|           4|
    |select_ln149_1_fu_2154_p3                |    select|   0|  0|   8|           1|           8|
    |select_ln149_fu_2142_p3                  |    select|   0|  0|   8|           1|           8|
    |select_ln154_fu_1385_p3                  |    select|   0|  0|  63|           1|          63|
    |select_ln91_fu_3243_p3                   |    select|   0|  0|   4|           1|           4|
    |select_ln97_1_fu_2978_p3                 |    select|   0|  0|  31|           1|          31|
    |select_ln97_fu_2827_p3                   |    select|   0|  0|  31|           1|           1|
    |src_fu_3315_p3                           |    select|   0|  0|  32|           1|          32|
    |v_3_fu_3128_p3                           |    select|   0|  0|   8|           1|           8|
    |v_3_mid288_fu_3085_p3                    |    select|   0|  0|   9|           1|           9|
    |value_5_fu_2377_p3                       |    select|   0|  0|   2|           1|           1|
    |value_6_fu_2035_p3                       |    select|   0|  0|  29|           1|          29|
    |xx_1_fu_1898_p3                          |    select|   0|  0|  31|           1|           1|
    |yy_1_fu_1826_p3                          |    select|   0|  0|  31|           1|           1|
    |ap_enable_pp0                            |       xor|   0|  0|   2|           1|           2|
    |not_exitcond_flatten_fu_2960_p2          |       xor|   0|  0|   2|           1|           2|
    |xor_ln129_1_fu_2305_p2                   |       xor|   0|  0|   2|           1|           2|
    |xor_ln129_fu_2232_p2                     |       xor|   0|  0|   2|           1|           2|
    |xor_ln143_1_fu_1877_p2                   |       xor|   0|  0|   2|           1|           2|
    |xor_ln143_fu_1806_p2                     |       xor|   0|  0|   2|           1|           2|
    +-----------------------------------------+----------+----+---+----+------------+------------+
    |Total                                    |          |   0|  0|8099|        5954|        5369|
    +-----------------------------------------+----------+----+---+----+------------+------------+

    * Multiplexer: 
    +-------------------------------------------+------+-----------+-----+-----------+
    |                    Name                   |  LUT | Input Size| Bits| Total Bits|
    +-------------------------------------------+------+-----------+-----+-----------+
    |ap_NS_fsm                                  |  1324|        249|    1|        249|
    |ap_enable_reg_pp0_iter1                    |     9|          2|    1|          2|
    |ap_phi_mux_dx_2_phi_fu_860_p4              |     9|          2|    2|          4|
    |ap_phi_mux_dy_2_phi_fu_837_p4              |     9|          2|    2|          4|
    |ap_phi_mux_first_iter_0_phi_fu_848_p4      |     9|          2|    1|          2|
    |ap_phi_mux_indvar_flatten93_phi_fu_804_p4  |     9|          2|   33|         66|
    |ap_phi_mux_indvar_flatten_phi_fu_826_p4    |     9|          2|    4|          8|
    |ap_phi_mux_v_2_phi_fu_871_p4               |     9|          2|    8|         16|
    |ap_phi_mux_x_3_phi_fu_815_p4               |     9|          2|   31|         62|
    |c_1_fu_358                                 |     9|          2|   31|         62|
    |c_2_fu_354                                 |     9|          2|   31|         62|
    |c_3_fu_362                                 |     9|          2|   31|         62|
    |c_fu_342                                   |     9|          2|    2|          4|
    |controlmem_0_ARADDR                        |    20|          4|   64|        256|
    |controlmem_0_ARLEN                         |    20|          4|   32|        128|
    |controlmem_0_ARVALID                       |    20|          4|    1|          4|
    |controlmem_0_AWADDR                        |    14|          3|   64|        192|
    |controlmem_0_AWLEN                         |    14|          3|   32|         96|
    |controlmem_0_AWVALID                       |    14|          3|    1|          3|
    |controlmem_0_BREADY                        |    14|          3|    1|          3|
    |controlmem_0_RREADY                        |    14|          3|    1|          3|
    |controlmem_0_WVALID                        |     9|          2|    1|          2|
    |controlmem_blk_n_AR                        |     9|          2|    1|          2|
    |controlmem_blk_n_AW                        |     9|          2|    1|          2|
    |controlmem_blk_n_B                         |     9|          2|    1|          2|
    |d_address0                                 |    14|          3|    4|         12|
    |d_address0_local                           |    53|         10|    4|         40|
    |d_address1                                 |     9|          2|    4|          8|
    |d_address1_local                           |    53|         10|    4|         40|
    |d_ce0                                      |    14|          3|    1|          3|
    |d_ce1                                      |     9|          2|    1|          2|
    |d_we0                                      |     9|          2|    1|          2|
    |dx_1_reg_655                               |     9|          2|    3|          6|
    |dx_2_reg_856                               |     9|          2|    2|          4|
    |dx_reg_720                                 |     9|          2|    3|          6|
    |dy_1_reg_631                               |     9|          2|    3|          6|
    |dy_2_reg_833                               |     9|          2|    2|          4|
    |dy_reg_698                                 |     9|          2|    3|          6|
    |empty_55_reg_755                           |     9|          2|    1|          2|
    |gmem_0_ARADDR                              |    59|         11|   64|        704|
    |gmem_0_ARLEN                               |    25|          5|   32|        160|
    |gmem_0_ARVALID                             |    14|          3|    1|          3|
    |gmem_0_AWADDR                              |    48|          9|   64|        576|
    |gmem_0_AWLEN                               |    14|          3|   32|         96|
    |gmem_0_AWVALID                             |    14|          3|    1|          3|
    |gmem_0_BREADY                              |    14|          3|    1|          3|
    |gmem_0_RREADY                              |    14|          3|    1|          3|
    |gmem_0_WDATA                               |    48|          9|    8|         72|
    |gmem_0_WSTRB                               |    14|          3|    1|          3|
    |gmem_0_WVALID                              |    14|          3|    1|          3|
    |gmem_blk_n_AR                              |     9|          2|    1|          2|
    |gmem_blk_n_AW                              |     9|          2|    1|          2|
    |gmem_blk_n_B                               |     9|          2|    1|          2|
    |gmem_blk_n_R                               |     9|          2|    1|          2|
    |gmem_blk_n_W                               |     9|          2|    1|          2|
    |grp_fu_975_p0                              |    20|          4|   31|        124|
    |grp_fu_975_p1                              |    20|          4|   31|        124|
    |grp_fu_983_ce                              |     9|          2|    1|          2|
    |grp_fu_983_p0                              |    20|          4|   31|        124|
    |grp_fu_983_p1                              |    20|          4|   33|        132|
    |grp_fu_995_ce                              |     9|          2|    1|          2|
    |grp_fu_995_p0                              |    20|          4|   32|        128|
    |grp_fu_995_p1                              |    31|          6|   32|        192|
    |grp_fu_999_ce                              |     9|          2|    1|          2|
    |grp_fu_999_p0                              |    14|          3|   33|         99|
    |grp_fu_999_p1                              |    14|          3|   32|         96|
    |grp_rq_fu_966_ap_ce                        |    14|          3|    1|          3|
    |grp_rq_fu_966_multiplier                   |    14|          3|   32|         96|
    |grp_rq_fu_966_relu                         |    14|          3|    1|          3|
    |grp_rq_fu_966_shift                        |    14|          3|   32|         96|
    |grp_rq_fu_966_x                            |    14|          3|   32|         96|
    |i_1_fu_350                                 |     9|          2|   31|         62|
    |i_3_reg_878                                |     9|          2|   31|         62|
    |indvar_flatten93_reg_800                   |     9|          2|   33|         66|
    |indvar_flatten_reg_822                     |     9|          2|    4|          8|
    |phi_mul_reg_596                            |     9|          2|   62|        124|
    |reg_1083                                   |     9|          2|   32|         64|
    |retval_0_reg_889                           |    53|         10|   10|        100|
    |sums_1_fu_322                              |     9|          2|   64|        128|
    |sums_2_fu_326                              |     9|          2|   64|        128|
    |sums_3_fu_330                              |     9|          2|   64|        128|
    |sums_4_fu_334                              |     9|          2|   64|        128|
    |sums_5_fu_338                              |     9|          2|   64|        128|
    |sums_fu_318                                |     9|          2|   64|        128|
    |v_2_reg_867                                |     9|          2|    8|         16|
    |v_reg_744                                  |     9|          2|    1|          2|
    |value_10_reg_666                           |     9|          2|   32|         64|
    |value_1_reg_710                            |     9|          2|    1|          2|
    |value_4_reg_732                            |     9|          2|    1|          2|
    |value_7_reg_643                            |     9|          2|   32|         64|
    |value_8_reg_678                            |     9|          2|   29|         58|
    |x_1_reg_620                                |     9|          2|   31|         62|
    |x_2_reg_584                                |     9|          2|   31|         62|
    |x_3_reg_811                                |     9|          2|   31|         62|
    |x_4_reg_777                                |     9|          2|   31|         62|
    |x_reg_687                                  |     9|          2|   31|         62|
    |y_3_fu_314                                 |     9|          2|   31|         62|
    |y_4_reg_608                                |     9|          2|   31|         62|
    |y_5_reg_788                                |     9|          2|   31|         62|
    |y_6_reg_766                                |     9|          2|   31|         62|
    |y_fu_346                                   |     9|          2|   31|         62|
    +-------------------------------------------+------+-----------+-----+-----------+
    |Total                                      |  2715|        540| 1982|       6474|
    +-------------------------------------------+------+-----------+-----+-----------+

    * Register: 
    +-----------------------------------------------------------------+-----+----+-----+-----------+
    |                               Name                              |  FF | LUT| Bits| Const Bits|
    +-----------------------------------------------------------------+-----+----+-----+-----------+
    |add_ln101_1_reg_4418                                             |   64|   0|   64|          0|
    |add_ln103_2_reg_4423                                             |   64|   0|   64|          0|
    |add_ln103_reg_4459                                               |   62|   0|   62|          0|
    |add_ln107_1_reg_4358                                             |   31|   0|   31|          0|
    |add_ln107_2_reg_4335                                             |   31|   0|   31|          0|
    |add_ln107_reg_4312                                               |   31|   0|   31|          0|
    |add_ln109_1_reg_4345                                             |   63|   0|   63|          0|
    |add_ln109_3_reg_4363                                             |   32|   0|   32|          0|
    |add_ln109_6_reg_4304                                             |   64|   0|   64|          0|
    |add_ln109_reg_4340                                               |   32|   0|   32|          0|
    |add_ln113_reg_4628                                               |   31|   0|   31|          0|
    |add_ln115_1_reg_4677                                             |   32|   0|   32|          0|
    |add_ln115_3_reg_4682                                             |   32|   0|   32|          0|
    |add_ln116_2_reg_4620                                             |   64|   0|   64|          0|
    |add_ln119_reg_4199                                               |   31|   0|   31|          0|
    |add_ln121_2_reg_4191                                             |   64|   0|   64|          0|
    |add_ln121_4_reg_4186                                             |   64|   0|   64|          0|
    |add_ln121_reg_4181                                               |   64|   0|   64|          0|
    |add_ln125_1_reg_4093                                             |   31|   0|   31|          0|
    |add_ln125_reg_4075                                               |   31|   0|   31|          0|
    |add_ln127_1_reg_4171                                             |    3|   0|    3|          0|
    |add_ln129_3_reg_3672                                             |   64|   0|   64|          0|
    |add_ln129_reg_4116                                               |   32|   0|   32|          0|
    |add_ln132_1_reg_3677                                             |   64|   0|   64|          0|
    |add_ln137_1_reg_3888                                             |   31|   0|   31|          0|
    |add_ln137_2_reg_3917                                             |   31|   0|   31|          0|
    |add_ln137_reg_3865                                               |    2|   0|    2|          0|
    |add_ln144_2_reg_3982                                             |   32|   0|   32|          0|
    |add_ln144_reg_3948                                               |   32|   0|   32|          0|
    |add_ln147_2_reg_3847                                             |   64|   0|   64|          0|
    |add_ln147_reg_3893                                               |   34|   0|   34|          0|
    |add_ln148_1_reg_3852                                             |   64|   0|   64|          0|
    |add_ln149_1_reg_3857                                             |   64|   0|   64|          0|
    |add_ln149_reg_4037                                               |   32|   0|   32|          0|
    |add_ln154_1_reg_3736                                             |   31|   0|   31|          0|
    |add_ln154_2_reg_3767                                             |   31|   0|   31|          0|
    |add_ln157_6_reg_3772                                             |   62|   0|   62|          0|
    |add_ln89_1_reg_3486                                              |   32|   0|   32|          0|
    |add_ln89_reg_3481                                                |   32|   0|   32|          0|
    |add_ln97_1_reg_4454                                              |   31|   0|   31|          0|
    |add_ln97_3_reg_4483                                              |   33|   0|   33|          0|
    |add_ln97_reg_4436                                                |   31|   0|   31|          0|
    |and_ln129_2_reg_4151                                             |    1|   0|    1|          0|
    |and_ln129_reg_4121                                               |    1|   0|    1|          0|
    |ap_CS_fsm                                                        |  248|   0|  248|          0|
    |ap_block_pp0_stage1_subdone_grp0_done_reg                        |    1|   0|    1|          0|
    |ap_block_pp0_stage2_subdone_grp0_done_reg                        |    1|   0|    1|          0|
    |ap_block_pp0_stage7_subdone_grp0_done_reg                        |    1|   0|    1|          0|
    |ap_enable_reg_pp0_iter0                                          |    1|   0|    1|          0|
    |ap_enable_reg_pp0_iter0_reg                                      |    1|   0|    1|          0|
    |ap_enable_reg_pp0_iter1                                          |    1|   0|    1|          0|
    |arena_read_reg_3358                                              |   64|   0|   64|          0|
    |c_1_fu_358                                                       |   31|   0|   31|          0|
    |c_2_fu_354                                                       |   31|   0|   31|          0|
    |c_3_fu_362                                                       |   31|   0|   31|          0|
    |c_fu_342                                                         |    2|   0|    2|          0|
    |ci_reg_3461                                                      |   32|   0|   32|          0|
    |co_reg_3471                                                      |   32|   0|   32|          0|
    |d_load_10_reg_4568                                               |   32|   0|   32|          0|
    |d_load_1_reg_3521                                                |   32|   0|   32|          0|
    |d_load_2_reg_3537                                                |   32|   0|   32|          0|
    |d_load_5_reg_4238                                                |   32|   0|   32|          0|
    |d_load_reg_3500                                                  |   32|   0|   32|          0|
    |div_reg_4388                                                     |   31|   0|   31|          0|
    |dx_1_reg_655                                                     |    3|   0|    3|          0|
    |dx_2_reg_856                                                     |    2|   0|    2|          0|
    |dx_3_reg_3972                                                    |    3|   0|    3|          0|
    |dx_reg_720                                                       |    3|   0|    3|          0|
    |dy_1_reg_631                                                     |    3|   0|    3|          0|
    |dy_2_reg_833                                                     |    2|   0|    2|          0|
    |dy_reg_698                                                       |    3|   0|    3|          0|
    |empty_53_reg_4573                                                |    1|   0|    1|          0|
    |empty_55_reg_755                                                 |    1|   0|    1|          0|
    |empty_56_reg_3720                                                |   63|   0|   63|          0|
    |first_iter_0_mid2_reg_4500                                       |    1|   0|    1|          0|
    |first_iter_0_reg_844                                             |    1|   0|    1|          0|
    |gmem_addr_10_reg_4368                                            |   64|   0|   64|          0|
    |gmem_addr_11_reg_4018                                            |   64|   0|   64|          0|
    |gmem_addr_12_reg_4025                                            |   64|   0|   64|          0|
    |gmem_addr_13_reg_3987                                            |   64|   0|   64|          0|
    |gmem_addr_14_reg_4533                                            |   64|   0|   64|          0|
    |gmem_addr_15_reg_4556                                            |   64|   0|   64|          0|
    |gmem_addr_1_reg_3714                                             |   64|   0|   64|          0|
    |gmem_addr_2_reg_4220                                             |   64|   0|   64|          0|
    |gmem_addr_3_reg_4231                                             |   64|   0|   64|          0|
    |gmem_addr_4_reg_4126                                             |   64|   0|   64|          0|
    |gmem_addr_5_reg_3932                                             |   64|   0|   64|          0|
    |gmem_addr_6_reg_4694                                             |   64|   0|   64|          0|
    |gmem_addr_7_reg_4687                                             |   64|   0|   64|          0|
    |gmem_addr_8_reg_4160                                             |   64|   0|   64|          0|
    |gmem_addr_9_reg_4375                                             |   64|   0|   64|          0|
    |gmem_addr_reg_4210                                               |   64|   0|   64|          0|
    |grp_convolution_fu_955_ap_start_reg                              |    1|   0|    1|          0|
    |grp_lesion_accel_Pipeline_VITIS_LOOP_160_24_fu_942_ap_start_reg  |    1|   0|    1|          0|
    |grp_lesion_accel_Pipeline_VITIS_LOOP_86_1_fu_934_ap_start_reg    |    1|   0|    1|          0|
    |i_1_fu_350                                                       |   31|   0|   31|          0|
    |i_3_reg_878                                                      |   31|   0|   31|          0|
    |i_4_reg_4672                                                     |   31|   0|   31|          0|
    |icmp_ln100_2_reg_4515                                            |    1|   0|    1|          0|
    |icmp_ln100_2_reg_4515_pp0_iter1_reg                              |    1|   0|    1|          0|
    |icmp_ln100_3_reg_4519                                            |    1|   0|    1|          0|
    |icmp_ln100_3_reg_4519_pp0_iter1_reg                              |    1|   0|    1|          0|
    |icmp_ln100_reg_4488                                              |    1|   0|    1|          0|
    |icmp_ln115_reg_4638                                              |    1|   0|    1|          0|
    |icmp_ln121_reg_4216                                              |    1|   0|    1|          0|
    |icmp_ln139_reg_3823                                              |    1|   0|    1|          0|
    |icmp_ln144_1_reg_3966                                            |    1|   0|    1|          0|
    |icmp_ln144_reg_3953                                              |    1|   0|    1|          0|
    |icmp_ln154_1_reg_3622                                            |    1|   0|    1|          0|
    |icmp_ln154_reg_3617                                              |    1|   0|    1|          0|
    |icmp_ln156_reg_3777                                              |    1|   0|    1|          0|
    |icmp_ln89_reg_3491                                               |    1|   0|    1|          0|
    |icmp_ln97_3_reg_4479                                             |    1|   0|    1|          0|
    |icmp_ln97_3_reg_4479_pp0_iter1_reg                               |    1|   0|    1|          0|
    |indvar_flatten93_reg_800                                         |   33|   0|   33|          0|
    |indvar_flatten_reg_822                                           |    4|   0|    4|          0|
    |mul_ln103_1_reg_4474                                             |   64|   0|   64|          0|
    |mul_ln115_1_reg_4659                                             |   64|   0|   64|          0|
    |mul_ln115_2_reg_4649                                             |   32|   0|   32|          0|
    |mul_ln115_reg_4610                                               |   64|   0|   64|          0|
    |mul_ln129_reg_4138                                               |   62|   0|   62|          0|
    |mul_ln147_1_reg_3903                                             |   64|   0|   64|          0|
    |mul_ln147_reg_3875                                               |   34|   0|   34|          0|
    |mul_ln149_reg_4053                                               |   65|   0|   65|          0|
    |mul_ln154_reg_3709                                               |   63|   0|   63|          0|
    |op_reg_3395                                                      |   32|   0|   32|          0|
    |or_ln96_reg_4255                                                 |    1|   0|    1|          0|
    |params_read_reg_3352                                             |   64|   0|   64|          0|
    |phi_mul_reg_596                                                  |   62|   0|   62|          0|
    |reg_1083                                                         |   32|   0|   32|          0|
    |reg_1091                                                         |    8|   0|    8|          0|
    |reg_1096                                                         |   62|   0|   62|          0|
    |reg_1100                                                         |   32|   0|   32|          0|
    |reg_1104                                                         |    8|   0|    8|          0|
    |reg_1108                                                         |   63|   0|   63|          0|
    |retval_0_reg_889                                                 |   10|   0|   10|          0|
    |select_ln100_1_reg_4510                                          |    2|   0|    2|          0|
    |select_ln100_2_reg_4523                                          |    4|   0|    4|          0|
    |select_ln100_reg_4504                                            |    2|   0|    2|          0|
    |select_ln107_1_reg_4289                                          |   31|   0|   31|          0|
    |select_ln107_2_reg_4294                                          |   31|   0|   31|          0|
    |select_ln107_reg_4284                                            |   31|   0|   31|          0|
    |select_ln113_reg_4605                                            |   31|   0|   31|          0|
    |select_ln125_1_reg_3667                                          |   31|   0|   31|          0|
    |select_ln125_reg_3662                                            |   31|   0|   31|          0|
    |select_ln137_1_reg_3842                                          |   31|   0|   31|          0|
    |select_ln137_reg_3837                                            |   31|   0|   31|          0|
    |select_ln149_1_reg_4064                                          |    8|   0|    8|          0|
    |select_ln97_1_reg_4493                                           |   31|   0|   31|          0|
    |select_ln97_reg_4413                                             |   31|   0|   31|          0|
    |sext_ln107_reg_4279                                              |   62|   0|   62|          0|
    |sext_ln109_1_reg_4299                                            |   63|   0|   63|          0|
    |sext_ln125_1_reg_3657                                            |   63|   0|   63|          0|
    |sext_ln125_reg_3652                                              |   62|   0|   62|          0|
    |sext_ln137_1_reg_3832                                            |   34|   0|   34|          0|
    |sext_ln137_reg_3827                                              |   64|   0|   64|          0|
    |sext_ln97_1_reg_4408                                             |   63|   0|   63|          0|
    |sext_ln97_reg_4393                                               |   64|   0|   64|          0|
    |shl_ln109_1_reg_4350                                             |   63|   0|   64|          1|
    |shl_ln1_reg_4327                                                 |   62|   0|   63|          1|
    |sub_ln115_reg_4644                                               |   32|   0|   32|          0|
    |sums_1_fu_322                                                    |   64|   0|   64|          0|
    |sums_1_load_reg_3798                                             |   64|   0|   64|          0|
    |sums_2_fu_326                                                    |   64|   0|   64|          0|
    |sums_2_load_reg_3803                                             |   64|   0|   64|          0|
    |sums_3_fu_330                                                    |   64|   0|   64|          0|
    |sums_3_load_reg_3808                                             |   64|   0|   64|          0|
    |sums_4_fu_334                                                    |   64|   0|   64|          0|
    |sums_4_load_reg_3813                                             |   64|   0|   64|          0|
    |sums_5_fu_338                                                    |   64|   0|   64|          0|
    |sums_5_load_reg_3818                                             |   64|   0|   64|          0|
    |sums_fu_318                                                      |   64|   0|   64|          0|
    |sums_load_reg_3793                                               |   64|   0|   64|          0|
    |tmp1_reg_4528                                                    |   63|   0|   63|          0|
    |tmp2_reg_4551                                                    |   64|   0|   64|          0|
    |tmp_10_reg_3528                                                  |    1|   0|    1|          0|
    |tmp_11_reg_3547                                                  |    1|   0|    1|          0|
    |tmp_12_reg_3556                                                  |    1|   0|    1|          0|
    |tmp_13_cast_reg_4058                                             |    8|   0|    8|          0|
    |tmp_18_reg_4042                                                  |    1|   0|    1|          0|
    |tmp_2_reg_4705                                                   |    8|   0|    8|          0|
    |tmp_3_reg_4428                                                   |   31|   0|   33|          2|
    |tmp_7_reg_3512                                                   |    1|   0|    1|          0|
    |trunc_ln109_reg_4322                                             |   32|   0|   32|          0|
    |trunc_ln113_1_reg_4615                                           |   32|   0|   32|          0|
    |trunc_ln115_reg_4664                                             |   32|   0|   32|          0|
    |trunc_ln144_reg_3880                                             |   32|   0|   32|          0|
    |trunc_ln148_reg_4032                                             |    8|   0|    8|          0|
    |trunc_ln160_2_reg_3748                                           |   62|   0|   62|          0|
    |trunc_ln87_1_reg_3417                                            |    1|   0|    1|          0|
    |trunc_ln87_2_reg_3446                                            |    1|   0|    1|          0|
    |trunc_ln87_reg_3402                                              |    3|   0|    3|          0|
    |trunc_ln_reg_3379                                                |   62|   0|   62|          0|
    |v_2_reg_867                                                      |    8|   0|    8|          0|
    |v_3_mid288_reg_4540                                              |    8|   0|    8|          0|
    |v_3_reg_4562                                                     |    8|   0|    8|          0|
    |v_reg_744                                                        |    1|   0|    1|          0|
    |value_10_reg_666                                                 |   32|   0|   32|          0|
    |value_1_reg_710                                                  |    1|   0|    1|          0|
    |value_4_reg_732                                                  |    1|   0|    1|          0|
    |value_6_reg_4008                                                 |   29|   0|   29|          0|
    |value_7_reg_643                                                  |   32|   0|   32|          0|
    |value_8_reg_678                                                  |   29|   0|   29|          0|
    |value_reg_3646                                                   |    1|   0|    1|          0|
    |w_reg_3422                                                       |   32|   0|   32|          0|
    |x_1_reg_620                                                      |   31|   0|   31|          0|
    |x_2_reg_584                                                      |   31|   0|   31|          0|
    |x_3_reg_811                                                      |   31|   0|   31|          0|
    |x_4_reg_777                                                      |   31|   0|   31|          0|
    |x_reg_687                                                        |   31|   0|   31|          0|
    |xx_1_reg_3961                                                    |   31|   0|   31|          0|
    |y_3_fu_314                                                       |   31|   0|   31|          0|
    |y_4_reg_608                                                      |   31|   0|   31|          0|
    |y_5_reg_788                                                      |   31|   0|   31|          0|
    |y_6_reg_766                                                      |   31|   0|   31|          0|
    |y_fu_346                                                         |   31|   0|   31|          0|
    |yy_reg_3941                                                      |   32|   0|   32|          0|
    |zext_ln103_reg_4469                                              |   31|   0|   63|         32|
    |zext_ln119_3_reg_4204                                            |   31|   0|   64|         33|
    |zext_ln125_3_reg_4085                                            |   31|   0|   32|          1|
    |zext_ln125_4_reg_4098                                            |   31|   0|   63|         32|
    |zext_ln125_5_reg_4103                                            |   31|   0|   62|         31|
    |zext_ln125_6_reg_4108                                            |   31|   0|   32|          1|
    |zext_ln129_reg_4143                                              |   62|   0|   64|          2|
    |zext_ln137_5_reg_3922                                            |   31|   0|   64|         33|
    |zext_ln142_1_reg_3927                                            |   31|   0|   32|          1|
    |zext_ln142_reg_3909                                              |   31|   0|   32|          1|
    |zext_ln154_4_reg_3754                                            |   31|   0|   64|         33|
    |zext_ln154_5_reg_3741                                            |   31|   0|   62|         31|
    |zext_ln154_7_reg_3759                                            |   62|   0|   64|          2|
    |zext_ln97_3_reg_4403                                             |   31|   0|   62|         31|
    |zext_ln97_reg_4398                                               |   31|   0|   64|         33|
    +-----------------------------------------------------------------+-----+----+-----+-----------+
    |Total                                                            | 7817|   0| 8118|        301|
    +-----------------------------------------------------------------+-----+----+-----+-----------+



================================================================
== Interface
================================================================
* Summary: 
+---------------------------+-----+-----+------------+--------------+--------------+
|         RTL Ports         | Dir | Bits|  Protocol  | Source Object|    C Type    |
+---------------------------+-----+-----+------------+--------------+--------------+
|s_axi_control_AWVALID      |   in|    1|       s_axi|       control|        scalar|
|s_axi_control_AWREADY      |  out|    1|       s_axi|       control|        scalar|
|s_axi_control_AWADDR       |   in|    6|       s_axi|       control|        scalar|
|s_axi_control_WVALID       |   in|    1|       s_axi|       control|        scalar|
|s_axi_control_WREADY       |  out|    1|       s_axi|       control|        scalar|
|s_axi_control_WDATA        |   in|   32|       s_axi|       control|        scalar|
|s_axi_control_WSTRB        |   in|    4|       s_axi|       control|        scalar|
|s_axi_control_ARVALID      |   in|    1|       s_axi|       control|        scalar|
|s_axi_control_ARREADY      |  out|    1|       s_axi|       control|        scalar|
|s_axi_control_ARADDR       |   in|    6|       s_axi|       control|        scalar|
|s_axi_control_RVALID       |  out|    1|       s_axi|       control|        scalar|
|s_axi_control_RREADY       |   in|    1|       s_axi|       control|        scalar|
|s_axi_control_RDATA        |  out|   32|       s_axi|       control|        scalar|
|s_axi_control_RRESP        |  out|    2|       s_axi|       control|        scalar|
|s_axi_control_BVALID       |  out|    1|       s_axi|       control|        scalar|
|s_axi_control_BREADY       |   in|    1|       s_axi|       control|        scalar|
|s_axi_control_BRESP        |  out|    2|       s_axi|       control|        scalar|
|ap_clk                     |   in|    1|  ap_ctrl_hs|  lesion_accel|  return value|
|ap_rst_n                   |   in|    1|  ap_ctrl_hs|  lesion_accel|  return value|
|interrupt                  |  out|    1|  ap_ctrl_hs|  lesion_accel|  return value|
|m_axi_gmem_AWVALID         |  out|    1|       m_axi|          gmem|       pointer|
|m_axi_gmem_AWREADY         |   in|    1|       m_axi|          gmem|       pointer|
|m_axi_gmem_AWADDR          |  out|   64|       m_axi|          gmem|       pointer|
|m_axi_gmem_AWID            |  out|    1|       m_axi|          gmem|       pointer|
|m_axi_gmem_AWLEN           |  out|    8|       m_axi|          gmem|       pointer|
|m_axi_gmem_AWSIZE          |  out|    3|       m_axi|          gmem|       pointer|
|m_axi_gmem_AWBURST         |  out|    2|       m_axi|          gmem|       pointer|
|m_axi_gmem_AWLOCK          |  out|    2|       m_axi|          gmem|       pointer|
|m_axi_gmem_AWCACHE         |  out|    4|       m_axi|          gmem|       pointer|
|m_axi_gmem_AWPROT          |  out|    3|       m_axi|          gmem|       pointer|
|m_axi_gmem_AWQOS           |  out|    4|       m_axi|          gmem|       pointer|
|m_axi_gmem_AWREGION        |  out|    4|       m_axi|          gmem|       pointer|
|m_axi_gmem_AWUSER          |  out|    1|       m_axi|          gmem|       pointer|
|m_axi_gmem_WVALID          |  out|    1|       m_axi|          gmem|       pointer|
|m_axi_gmem_WREADY          |   in|    1|       m_axi|          gmem|       pointer|
|m_axi_gmem_WDATA           |  out|   32|       m_axi|          gmem|       pointer|
|m_axi_gmem_WSTRB           |  out|    4|       m_axi|          gmem|       pointer|
|m_axi_gmem_WLAST           |  out|    1|       m_axi|          gmem|       pointer|
|m_axi_gmem_WID             |  out|    1|       m_axi|          gmem|       pointer|
|m_axi_gmem_WUSER           |  out|    1|       m_axi|          gmem|       pointer|
|m_axi_gmem_ARVALID         |  out|    1|       m_axi|          gmem|       pointer|
|m_axi_gmem_ARREADY         |   in|    1|       m_axi|          gmem|       pointer|
|m_axi_gmem_ARADDR          |  out|   64|       m_axi|          gmem|       pointer|
|m_axi_gmem_ARID            |  out|    1|       m_axi|          gmem|       pointer|
|m_axi_gmem_ARLEN           |  out|    8|       m_axi|          gmem|       pointer|
|m_axi_gmem_ARSIZE          |  out|    3|       m_axi|          gmem|       pointer|
|m_axi_gmem_ARBURST         |  out|    2|       m_axi|          gmem|       pointer|
|m_axi_gmem_ARLOCK          |  out|    2|       m_axi|          gmem|       pointer|
|m_axi_gmem_ARCACHE         |  out|    4|       m_axi|          gmem|       pointer|
|m_axi_gmem_ARPROT          |  out|    3|       m_axi|          gmem|       pointer|
|m_axi_gmem_ARQOS           |  out|    4|       m_axi|          gmem|       pointer|
|m_axi_gmem_ARREGION        |  out|    4|       m_axi|          gmem|       pointer|
|m_axi_gmem_ARUSER          |  out|    1|       m_axi|          gmem|       pointer|
|m_axi_gmem_RVALID          |   in|    1|       m_axi|          gmem|       pointer|
|m_axi_gmem_RREADY          |  out|    1|       m_axi|          gmem|       pointer|
|m_axi_gmem_RDATA           |   in|   32|       m_axi|          gmem|       pointer|
|m_axi_gmem_RLAST           |   in|    1|       m_axi|          gmem|       pointer|
|m_axi_gmem_RID             |   in|    1|       m_axi|          gmem|       pointer|
|m_axi_gmem_RUSER           |   in|    1|       m_axi|          gmem|       pointer|
|m_axi_gmem_RRESP           |   in|    2|       m_axi|          gmem|       pointer|
|m_axi_gmem_BVALID          |   in|    1|       m_axi|          gmem|       pointer|
|m_axi_gmem_BREADY          |  out|    1|       m_axi|          gmem|       pointer|
|m_axi_gmem_BRESP           |   in|    2|       m_axi|          gmem|       pointer|
|m_axi_gmem_BID             |   in|    1|       m_axi|          gmem|       pointer|
|m_axi_gmem_BUSER           |   in|    1|       m_axi|          gmem|       pointer|
|m_axi_controlmem_AWVALID   |  out|    1|       m_axi|    controlmem|       pointer|
|m_axi_controlmem_AWREADY   |   in|    1|       m_axi|    controlmem|       pointer|
|m_axi_controlmem_AWADDR    |  out|   64|       m_axi|    controlmem|       pointer|
|m_axi_controlmem_AWID      |  out|    1|       m_axi|    controlmem|       pointer|
|m_axi_controlmem_AWLEN     |  out|    8|       m_axi|    controlmem|       pointer|
|m_axi_controlmem_AWSIZE    |  out|    3|       m_axi|    controlmem|       pointer|
|m_axi_controlmem_AWBURST   |  out|    2|       m_axi|    controlmem|       pointer|
|m_axi_controlmem_AWLOCK    |  out|    2|       m_axi|    controlmem|       pointer|
|m_axi_controlmem_AWCACHE   |  out|    4|       m_axi|    controlmem|       pointer|
|m_axi_controlmem_AWPROT    |  out|    3|       m_axi|    controlmem|       pointer|
|m_axi_controlmem_AWQOS     |  out|    4|       m_axi|    controlmem|       pointer|
|m_axi_controlmem_AWREGION  |  out|    4|       m_axi|    controlmem|       pointer|
|m_axi_controlmem_AWUSER    |  out|    1|       m_axi|    controlmem|       pointer|
|m_axi_controlmem_WVALID    |  out|    1|       m_axi|    controlmem|       pointer|
|m_axi_controlmem_WREADY    |   in|    1|       m_axi|    controlmem|       pointer|
|m_axi_controlmem_WDATA     |  out|   32|       m_axi|    controlmem|       pointer|
|m_axi_controlmem_WSTRB     |  out|    4|       m_axi|    controlmem|       pointer|
|m_axi_controlmem_WLAST     |  out|    1|       m_axi|    controlmem|       pointer|
|m_axi_controlmem_WID       |  out|    1|       m_axi|    controlmem|       pointer|
|m_axi_controlmem_WUSER     |  out|    1|       m_axi|    controlmem|       pointer|
|m_axi_controlmem_ARVALID   |  out|    1|       m_axi|    controlmem|       pointer|
|m_axi_controlmem_ARREADY   |   in|    1|       m_axi|    controlmem|       pointer|
|m_axi_controlmem_ARADDR    |  out|   64|       m_axi|    controlmem|       pointer|
|m_axi_controlmem_ARID      |  out|    1|       m_axi|    controlmem|       pointer|
|m_axi_controlmem_ARLEN     |  out|    8|       m_axi|    controlmem|       pointer|
|m_axi_controlmem_ARSIZE    |  out|    3|       m_axi|    controlmem|       pointer|
|m_axi_controlmem_ARBURST   |  out|    2|       m_axi|    controlmem|       pointer|
|m_axi_controlmem_ARLOCK    |  out|    2|       m_axi|    controlmem|       pointer|
|m_axi_controlmem_ARCACHE   |  out|    4|       m_axi|    controlmem|       pointer|
|m_axi_controlmem_ARPROT    |  out|    3|       m_axi|    controlmem|       pointer|
|m_axi_controlmem_ARQOS     |  out|    4|       m_axi|    controlmem|       pointer|
|m_axi_controlmem_ARREGION  |  out|    4|       m_axi|    controlmem|       pointer|
|m_axi_controlmem_ARUSER    |  out|    1|       m_axi|    controlmem|       pointer|
|m_axi_controlmem_RVALID    |   in|    1|       m_axi|    controlmem|       pointer|
|m_axi_controlmem_RREADY    |  out|    1|       m_axi|    controlmem|       pointer|
|m_axi_controlmem_RDATA     |   in|   32|       m_axi|    controlmem|       pointer|
|m_axi_controlmem_RLAST     |   in|    1|       m_axi|    controlmem|       pointer|
|m_axi_controlmem_RID       |   in|    1|       m_axi|    controlmem|       pointer|
|m_axi_controlmem_RUSER     |   in|    1|       m_axi|    controlmem|       pointer|
|m_axi_controlmem_RRESP     |   in|    2|       m_axi|    controlmem|       pointer|
|m_axi_controlmem_BVALID    |   in|    1|       m_axi|    controlmem|       pointer|
|m_axi_controlmem_BREADY    |  out|    1|       m_axi|    controlmem|       pointer|
|m_axi_controlmem_BRESP     |   in|    2|       m_axi|    controlmem|       pointer|
|m_axi_controlmem_BID       |   in|    1|       m_axi|    controlmem|       pointer|
|m_axi_controlmem_BUSER     |   in|    1|       m_axi|    controlmem|       pointer|
+---------------------------+-----+-----+------------+--------------+--------------+

