

================================================================
== Vitis HLS Report for 'lesion_accel_Pipeline_VITIS_LOOP_95_2_VITIS_LOOP_95_3_VITIS_LOOP_95_4'
================================================================
* Date:           Tue Sep 22 23:27:49 2026

* Version:        2025.2 (Build 6295257 on Nov 14 2025)
* Project:        lesion
* Solution:       solution1 (Vivado IP Flow Target)
* Product family: zynq
* Target device:  xc7z020-clg400-1


================================================================
== Performance Estimates
================================================================
+ Timing: 
    * Summary: 
    +--------+----------+-----------+------------+
    |  Clock |  Target  | Estimated | Uncertainty|
    +--------+----------+-----------+------------+
    |ap_clk  |  10.00 ns|  17.763 ns|     2.70 ns|
    +--------+----------+-----------+------------+

+ Latency: 
    * Summary: 
    +---------+---------+----------+----------+-----+-----+-------------------+
    |  Latency (cycles) |  Latency (absolute) |  Interval |      Pipeline     |
    |   min   |   max   |    min   |    max   | min | max |        Type       |
    +---------+---------+----------+----------+-----+-----+-------------------+
    |        ?|        ?|         ?|         ?|    0|    0|  loop pipeline stp|
    +---------+---------+----------+----------+-----+-----+-------------------+

    + Detail: 
        * Instance: 
        N/A

        * Loop: 
        +---------------------------------------------------+---------+---------+----------+-----------+-----------+------+----------+
        |                                                   |  Latency (cycles) | Iteration|  Initiation Interval  | Trip |          |
        |                     Loop Name                     |   min   |   max   |  Latency |  achieved |   target  | Count| Pipelined|
        +---------------------------------------------------+---------+---------+----------+-----------+-----------+------+----------+
        |- VITIS_LOOP_95_2_VITIS_LOOP_95_3_VITIS_LOOP_95_4  |        ?|        ?|        22|         17|          1|     ?|       yes|
        +---------------------------------------------------+---------+---------+----------+-----------+-----------+------+----------+



================================================================
== Utilization Estimates
================================================================
* Summary: 
+-----------------+---------+-----+--------+-------+-----+
|       Name      | BRAM_18K| DSP |   FF   |  LUT  | URAM|
+-----------------+---------+-----+--------+-------+-----+
|DSP              |        -|    -|       -|      -|    -|
|Expression       |        -|    -|       0|   1651|    -|
|FIFO             |        -|    -|       -|      -|    -|
|Instance         |        -|   14|     870|    500|    -|
|Memory           |        -|    -|       -|      -|    -|
|Multiplexer      |        -|    -|       0|    227|    -|
|Register         |        -|    -|    1501|      -|    -|
+-----------------+---------+-----+--------+-------+-----+
|Total            |        0|   14|    2371|   2378|    0|
+-----------------+---------+-----+--------+-------+-----+
|Available        |      280|  220|  106400|  53200|    0|
+-----------------+---------+-----+--------+-------+-----+
|Utilization (%)  |        0|    6|       2|      4|    0|
+-----------------+---------+-----+--------+-------+-----+

+ Detail: 
    * Instance: 
    +--------------------------+----------------------+---------+----+-----+-----+-----+
    |         Instance         |        Module        | BRAM_18K| DSP|  FF | LUT | URAM|
    +--------------------------+----------------------+---------+----+-----+-----+-----+
    |mul_62ns_31ns_64_5_1_U78  |mul_62ns_31ns_64_5_1  |        0|   7|  429|  244|    0|
    |mul_64s_31ns_64_5_1_U79   |mul_64s_31ns_64_5_1   |        0|   7|  441|  256|    0|
    +--------------------------+----------------------+---------+----+-----+-----+-----+
    |Total                     |                      |        0|  14|  870|  500|    0|
    +--------------------------+----------------------+---------+----+-----+-----+-----+

    * DSP: 
    N/A

    * Memory: 
    N/A

    * FIFO: 
    N/A

    * Expression: 
    +-----------------------------------------+----------+----+---+-----+------------+------------+
    |              Variable Name              | Operation| DSP| FF| LUT | Bitwidth P0| Bitwidth P1|
    +-----------------------------------------+----------+----+---+-----+------------+------------+
    |add_ln101_1_fu_546_p2                    |         +|   0|  0|   64|          64|          64|
    |add_ln101_2_fu_508_p2                    |         +|   0|  0|   71|          64|          64|
    |add_ln101_3_fu_551_p2                    |         +|   0|  0|   64|          64|          64|
    |add_ln101_fu_455_p2                      |         +|   0|  0|   69|          62|          62|
    |add_ln95_1_fu_405_p2                     |         +|   0|  0|   38|          31|           1|
    |add_ln95_2_fu_421_p2                     |         +|   0|  0|   38|          31|           1|
    |add_ln95_3_fu_391_p2                     |         +|   0|  0|   69|          62|           1|
    |add_ln95_4_fu_305_p2                     |         +|   0|  0|  100|          93|           1|
    |add_ln95_fu_323_p2                       |         +|   0|  0|   38|          31|           1|
    |add_ln99_1_fu_512_p2                     |         +|   0|  0|   64|          64|          64|
    |add_ln99_2_fu_387_p2                     |         +|   0|  0|   40|          33|          33|
    |add_ln99_3_fu_516_p2                     |         +|   0|  0|   64|          64|          64|
    |add_ln99_4_fu_493_p2                     |         +|   0|  0|   71|          64|          64|
    |add_ln99_5_fu_521_p2                     |         +|   0|  0|   64|          64|          64|
    |add_ln99_6_fu_498_p2                     |         +|   0|  0|   64|          64|          64|
    |add_ln99_7_fu_525_p2                     |         +|   0|  0|   64|          64|          64|
    |add_ln99_8_fu_502_p2                     |         +|   0|  0|   64|          64|          64|
    |add_ln99_fu_484_p2                       |         +|   0|  0|   71|          64|          64|
    |ap_block_pp0_stage0_01001_grp7           |       and|   0|  0|    2|           1|           1|
    |ap_block_pp0_stage0_11001_grp7           |       and|   0|  0|    2|           1|           1|
    |ap_block_pp0_stage14_11001_grp3          |       and|   0|  0|    2|           1|           1|
    |ap_block_pp0_stage15_11001_grp4          |       and|   0|  0|    2|           1|           1|
    |ap_block_pp0_stage16_11001_grp5          |       and|   0|  0|    2|           1|           1|
    |ap_block_pp0_stage16_11001_grp6          |       and|   0|  0|    2|           1|           1|
    |ap_block_pp0_stage16_subdone             |       and|   0|  0|    2|           1|           1|
    |ap_block_pp0_stage5_11001_grp8           |       and|   0|  0|    2|           1|           1|
    |ap_block_pp0_stage6_11001_grp1           |       and|   0|  0|    2|           1|           1|
    |ap_block_pp0_stage8_11001_grp2           |       and|   0|  0|    2|           1|           1|
    |ap_block_state15_pp0_stage14_iter0_grp3  |       and|   0|  0|    2|           1|           1|
    |ap_block_state17_io_grp6                 |       and|   0|  0|    2|           1|           1|
    |ap_block_state18_io_grp7                 |       and|   0|  0|    2|           1|           1|
    |ap_block_state7_io_grp1                  |       and|   0|  0|    2|           1|           1|
    |icmp_ln95_1_fu_329_p2                    |      icmp|   0|  0|   69|          62|          62|
    |icmp_ln95_2_fu_342_p2                    |      icmp|   0|  0|   38|          31|           1|
    |icmp_ln95_3_fu_347_p2                    |      icmp|   0|  0|   38|          31|          31|
    |icmp_ln95_fu_300_p2                      |      icmp|   0|  0|  100|          93|          93|
    |icmp_ln99_1_fu_574_p2                    |      icmp|   0|  0|   15|           8|           8|
    |icmp_ln99_2_fu_586_p2                    |      icmp|   0|  0|   15|           8|           8|
    |icmp_ln99_fu_562_p2                      |      icmp|   0|  0|   15|           8|           8|
    |empty_fu_368_p2                          |        or|   0|  0|    2|           1|           1|
    |m_axi_gmem_0_WDATA                       |    select|   0|  0|    8|           1|           8|
    |select_ln95_1_fu_352_p3                  |    select|   0|  0|    2|           1|           1|
    |select_ln95_2_fu_360_p3                  |    select|   0|  0|   31|           1|          31|
    |select_ln95_3_fu_410_p3                  |    select|   0|  0|   31|           1|          31|
    |select_ln95_4_fu_397_p3                  |    select|   0|  0|   62|           1|           1|
    |select_ln95_fu_334_p3                    |    select|   0|  0|   31|           1|           1|
    |v_1_fu_567_p3                            |    select|   0|  0|    8|           1|           8|
    |v_3_fu_579_p3                            |    select|   0|  0|    8|           1|           8|
    |x_3_mid2_fu_374_p3                       |    select|   0|  0|   31|           1|           1|
    |ap_enable_pp0                            |       xor|   0|  0|    2|           1|           2|
    +-----------------------------------------+----------+----+---+-----+------------+------------+
    |Total                                    |          |   0|  0| 1651|        1313|        1122|
    +-----------------------------------------+----------+----+---+-----+------------+------------+

    * Multiplexer: 
    +-----------------------------+----+-----------+-----+-----------+
    |             Name            | LUT| Input Size| Bits| Total Bits|
    +-----------------------------+----+-----------+-----+-----------+
    |ap_NS_fsm                    |  87|         18|    1|         18|
    |ap_done_int                  |   9|          2|    1|          2|
    |ap_enable_reg_pp0_iter0      |   9|          2|    1|          2|
    |ap_enable_reg_pp0_iter0_reg  |   9|          2|    1|          2|
    |ap_enable_reg_pp0_iter1      |   9|          2|    1|          2|
    |c_fu_112                     |   9|          2|   31|         62|
    |gmem_blk_n_AR                |   9|          2|    1|          2|
    |gmem_blk_n_AW                |   9|          2|    1|          2|
    |gmem_blk_n_B                 |   9|          2|    1|          2|
    |gmem_blk_n_R                 |   9|          2|    1|          2|
    |gmem_blk_n_W                 |   9|          2|    1|          2|
    |indvar_flatten90_fu_116      |   9|          2|   93|        186|
    |indvar_flatten_fu_108        |   9|          2|   62|        124|
    |m_axi_gmem_0_ARADDR          |  14|          3|   64|        192|
    |x_fu_100                     |   9|          2|   31|         62|
    |y_fu_104                     |   9|          2|   31|         62|
    +-----------------------------+----+-----------+-----+-----------+
    |Total                        | 227|         49|  322|        724|
    +-----------------------------+----+-----------+-----+-----------+

    * Register: 
    +--------------------------------------------+----+----+-----+-----------+
    |                    Name                    | FF | LUT| Bits| Const Bits|
    +--------------------------------------------+----+----+-----+-----------+
    |a_reg_827                                   |   8|   0|    8|          0|
    |add_ln101_2_reg_798                         |  64|   0|   64|          0|
    |add_ln95_4_reg_703                          |  93|   0|   93|          0|
    |add_ln99_2_reg_737                          |  33|   0|   33|          0|
    |add_ln99_4_reg_788                          |  64|   0|   64|          0|
    |add_ln99_8_reg_793                          |  64|   0|   64|          0|
    |add_ln99_reg_783                            |  63|   0|   64|          1|
    |ap_CS_fsm                                   |  17|   0|   17|          0|
    |ap_block_pp0_stage0_subdone_grp0_done_reg   |   1|   0|    1|          0|
    |ap_block_pp0_stage16_subdone_grp0_done_reg  |   1|   0|    1|          0|
    |ap_block_pp0_stage16_subdone_grp5_done_reg  |   1|   0|    1|          0|
    |ap_block_pp0_stage16_subdone_grp6_done_reg  |   1|   0|    1|          0|
    |ap_block_pp0_stage5_subdone_grp0_done_reg   |   1|   0|    1|          0|
    |ap_block_pp0_stage6_subdone_grp0_done_reg   |   1|   0|    1|          0|
    |ap_block_pp0_stage8_subdone_grp0_done_reg   |   1|   0|    1|          0|
    |ap_done_reg                                 |   1|   0|    1|          0|
    |ap_enable_reg_pp0_iter0_reg                 |   1|   0|    1|          0|
    |ap_enable_reg_pp0_iter1                     |   1|   0|    1|          0|
    |c_fu_112                                    |  31|   0|   31|          0|
    |gmem_addr_1_reg_809                         |  64|   0|   64|          0|
    |gmem_addr_2_reg_820                         |  64|   0|   64|          0|
    |icmp_ln95_reg_699                           |   1|   0|    1|          0|
    |indvar_flatten90_fu_116                     |  93|   0|   93|          0|
    |indvar_flatten_fu_108                       |  62|   0|   62|          0|
    |mul_ln101_1_reg_815                         |  64|   0|   64|          0|
    |mul_ln99_1_reg_772                          |  64|   0|   64|          0|
    |mul_ln99_2_reg_762                          |  63|   0|   63|          0|
    |reg_240                                     |   8|   0|    8|          0|
    |select_ln95_1_reg_714                       |   1|   0|    1|          0|
    |select_ln95_2_reg_719                       |  31|   0|   31|          0|
    |select_ln95_3_reg_747                       |  31|   0|   31|          0|
    |select_ln95_4_reg_742                       |  62|   0|   62|          0|
    |select_ln95_reg_708                         |  31|   0|   31|          0|
    |sext_ln95_1_cast_reg_679                    |  33|   0|   33|          0|
    |sext_ln99_cast_reg_689                      |  63|   0|   63|          0|
    |shl_ln1_reg_778                             |  63|   0|   64|          1|
    |v_1_reg_833                                 |   8|   0|    8|          0|
    |x_3_mid2_reg_725                            |  31|   0|   31|          0|
    |x_fu_100                                    |  31|   0|   31|          0|
    |y_fu_104                                    |  31|   0|   31|          0|
    |zext_ln95_1_cast_reg_664                    |  31|   0|   64|         33|
    |zext_ln95_2_cast_reg_669                    |  31|   0|   64|         33|
    |zext_ln95_3_cast_reg_674                    |  31|   0|   33|          2|
    |zext_ln95_4_cast_reg_694                    |  31|   0|   62|         31|
    |zext_ln95_cast_reg_684                      |  31|   0|   64|         33|
    +--------------------------------------------+----+----+-----+-----------+
    |Total                                       |1501|   0| 1635|        134|
    +--------------------------------------------+----+----+-----+-----------+



================================================================
== Interface
================================================================
* Summary: 
+-----------------------+-----+-----+------------+-----------------------------------------------------------------------+--------------+
|       RTL Ports       | Dir | Bits|  Protocol  |                             Source Object                             |    C Type    |
+-----------------------+-----+-----+------------+-----------------------------------------------------------------------+--------------+
|ap_clk                 |   in|    1|  ap_ctrl_hs|  lesion_accel_Pipeline_VITIS_LOOP_95_2_VITIS_LOOP_95_3_VITIS_LOOP_95_4|  return value|
|ap_rst                 |   in|    1|  ap_ctrl_hs|  lesion_accel_Pipeline_VITIS_LOOP_95_2_VITIS_LOOP_95_3_VITIS_LOOP_95_4|  return value|
|ap_start               |   in|    1|  ap_ctrl_hs|  lesion_accel_Pipeline_VITIS_LOOP_95_2_VITIS_LOOP_95_3_VITIS_LOOP_95_4|  return value|
|ap_done                |  out|    1|  ap_ctrl_hs|  lesion_accel_Pipeline_VITIS_LOOP_95_2_VITIS_LOOP_95_3_VITIS_LOOP_95_4|  return value|
|ap_idle                |  out|    1|  ap_ctrl_hs|  lesion_accel_Pipeline_VITIS_LOOP_95_2_VITIS_LOOP_95_3_VITIS_LOOP_95_4|  return value|
|ap_ready               |  out|    1|  ap_ctrl_hs|  lesion_accel_Pipeline_VITIS_LOOP_95_2_VITIS_LOOP_95_3_VITIS_LOOP_95_4|  return value|
|grp_fu_731_p_din0      |  out|   31|  ap_ctrl_hs|  lesion_accel_Pipeline_VITIS_LOOP_95_2_VITIS_LOOP_95_3_VITIS_LOOP_95_4|  return value|
|grp_fu_731_p_din1      |  out|   31|  ap_ctrl_hs|  lesion_accel_Pipeline_VITIS_LOOP_95_2_VITIS_LOOP_95_3_VITIS_LOOP_95_4|  return value|
|grp_fu_731_p_dout0     |   in|   62|  ap_ctrl_hs|  lesion_accel_Pipeline_VITIS_LOOP_95_2_VITIS_LOOP_95_3_VITIS_LOOP_95_4|  return value|
|grp_fu_731_p_ce        |  out|    1|  ap_ctrl_hs|  lesion_accel_Pipeline_VITIS_LOOP_95_2_VITIS_LOOP_95_3_VITIS_LOOP_95_4|  return value|
|grp_fu_735_p_din0      |  out|   31|  ap_ctrl_hs|  lesion_accel_Pipeline_VITIS_LOOP_95_2_VITIS_LOOP_95_3_VITIS_LOOP_95_4|  return value|
|grp_fu_735_p_din1      |  out|   32|  ap_ctrl_hs|  lesion_accel_Pipeline_VITIS_LOOP_95_2_VITIS_LOOP_95_3_VITIS_LOOP_95_4|  return value|
|grp_fu_735_p_dout0     |   in|   63|  ap_ctrl_hs|  lesion_accel_Pipeline_VITIS_LOOP_95_2_VITIS_LOOP_95_3_VITIS_LOOP_95_4|  return value|
|grp_fu_735_p_ce        |  out|    1|  ap_ctrl_hs|  lesion_accel_Pipeline_VITIS_LOOP_95_2_VITIS_LOOP_95_3_VITIS_LOOP_95_4|  return value|
|m_axi_gmem_0_AWVALID   |  out|    1|       m_axi|                                                                   gmem|       pointer|
|m_axi_gmem_0_AWREADY   |   in|    1|       m_axi|                                                                   gmem|       pointer|
|m_axi_gmem_0_AWADDR    |  out|   64|       m_axi|                                                                   gmem|       pointer|
|m_axi_gmem_0_AWID      |  out|    1|       m_axi|                                                                   gmem|       pointer|
|m_axi_gmem_0_AWLEN     |  out|   32|       m_axi|                                                                   gmem|       pointer|
|m_axi_gmem_0_AWSIZE    |  out|    3|       m_axi|                                                                   gmem|       pointer|
|m_axi_gmem_0_AWBURST   |  out|    2|       m_axi|                                                                   gmem|       pointer|
|m_axi_gmem_0_AWLOCK    |  out|    2|       m_axi|                                                                   gmem|       pointer|
|m_axi_gmem_0_AWCACHE   |  out|    4|       m_axi|                                                                   gmem|       pointer|
|m_axi_gmem_0_AWPROT    |  out|    3|       m_axi|                                                                   gmem|       pointer|
|m_axi_gmem_0_AWQOS     |  out|    4|       m_axi|                                                                   gmem|       pointer|
|m_axi_gmem_0_AWREGION  |  out|    4|       m_axi|                                                                   gmem|       pointer|
|m_axi_gmem_0_AWUSER    |  out|    1|       m_axi|                                                                   gmem|       pointer|
|m_axi_gmem_0_WVALID    |  out|    1|       m_axi|                                                                   gmem|       pointer|
|m_axi_gmem_0_WREADY    |   in|    1|       m_axi|                                                                   gmem|       pointer|
|m_axi_gmem_0_WDATA     |  out|    8|       m_axi|                                                                   gmem|       pointer|
|m_axi_gmem_0_WSTRB     |  out|    1|       m_axi|                                                                   gmem|       pointer|
|m_axi_gmem_0_WLAST     |  out|    1|       m_axi|                                                                   gmem|       pointer|
|m_axi_gmem_0_WID       |  out|    1|       m_axi|                                                                   gmem|       pointer|
|m_axi_gmem_0_WUSER     |  out|    1|       m_axi|                                                                   gmem|       pointer|
|m_axi_gmem_0_ARVALID   |  out|    1|       m_axi|                                                                   gmem|       pointer|
|m_axi_gmem_0_ARREADY   |   in|    1|       m_axi|                                                                   gmem|       pointer|
|m_axi_gmem_0_ARADDR    |  out|   64|       m_axi|                                                                   gmem|       pointer|
|m_axi_gmem_0_ARID      |  out|    1|       m_axi|                                                                   gmem|       pointer|
|m_axi_gmem_0_ARLEN     |  out|   32|       m_axi|                                                                   gmem|       pointer|
|m_axi_gmem_0_ARSIZE    |  out|    3|       m_axi|                                                                   gmem|       pointer|
|m_axi_gmem_0_ARBURST   |  out|    2|       m_axi|                                                                   gmem|       pointer|
|m_axi_gmem_0_ARLOCK    |  out|    2|       m_axi|                                                                   gmem|       pointer|
|m_axi_gmem_0_ARCACHE   |  out|    4|       m_axi|                                                                   gmem|       pointer|
|m_axi_gmem_0_ARPROT    |  out|    3|       m_axi|                                                                   gmem|       pointer|
|m_axi_gmem_0_ARQOS     |  out|    4|       m_axi|                                                                   gmem|       pointer|
|m_axi_gmem_0_ARREGION  |  out|    4|       m_axi|                                                                   gmem|       pointer|
|m_axi_gmem_0_ARUSER    |  out|    1|       m_axi|                                                                   gmem|       pointer|
|m_axi_gmem_0_RVALID    |   in|    1|       m_axi|                                                                   gmem|       pointer|
|m_axi_gmem_0_RREADY    |  out|    1|       m_axi|                                                                   gmem|       pointer|
|m_axi_gmem_0_RDATA     |   in|    8|       m_axi|                                                                   gmem|       pointer|
|m_axi_gmem_0_RLAST     |   in|    1|       m_axi|                                                                   gmem|       pointer|
|m_axi_gmem_0_RID       |   in|    1|       m_axi|                                                                   gmem|       pointer|
|m_axi_gmem_0_RFIFONUM  |   in|   13|       m_axi|                                                                   gmem|       pointer|
|m_axi_gmem_0_RUSER     |   in|    1|       m_axi|                                                                   gmem|       pointer|
|m_axi_gmem_0_RRESP     |   in|    2|       m_axi|                                                                   gmem|       pointer|
|m_axi_gmem_0_BVALID    |   in|    1|       m_axi|                                                                   gmem|       pointer|
|m_axi_gmem_0_BREADY    |  out|    1|       m_axi|                                                                   gmem|       pointer|
|m_axi_gmem_0_BRESP     |   in|    2|       m_axi|                                                                   gmem|       pointer|
|m_axi_gmem_0_BID       |   in|    1|       m_axi|                                                                   gmem|       pointer|
|m_axi_gmem_0_BUSER     |   in|    1|       m_axi|                                                                   gmem|       pointer|
|bound82                |   in|   93|     ap_none|                                                                bound82|        scalar|
|bound                  |   in|   62|     ap_none|                                                                  bound|        scalar|
|div1                   |   in|   31|     ap_none|                                                                   div1|        scalar|
|mul_ln99               |   in|   64|     ap_none|                                                               mul_ln99|        scalar|
|zext_ln95_4            |   in|   31|     ap_none|                                                            zext_ln95_4|        scalar|
|sext_ln99              |   in|   32|     ap_none|                                                              sext_ln99|        scalar|
|zext_ln95              |   in|   31|     ap_none|                                                              zext_ln95|        scalar|
|sext_ln95_1            |   in|   32|     ap_none|                                                            sext_ln95_1|        scalar|
|zext_ln95_3            |   in|   31|     ap_none|                                                            zext_ln95_3|        scalar|
|arena                  |   in|   64|     ap_none|                                                                  arena|        scalar|
|zext_ln95_2            |   in|   31|     ap_none|                                                            zext_ln95_2|        scalar|
|zext_ln95_1            |   in|   31|     ap_none|                                                            zext_ln95_1|        scalar|
+-----------------------+-----+-----+------------+-----------------------------------------------------------------------+--------------+

