

================================================================
== Vitis HLS Report for 'lesion_accel_Pipeline_VITIS_LOOP_111_10_VITIS_LOOP_111_11'
================================================================
* Date:           Tue Sep 22 23:27:49 2026

* Version:        2025.2 (Build 6295257 on Nov 14 2025)
* Project:        lesion
* Solution:       solution1 (Vivado IP Flow Target)
* Product family: zynq
* Target device:  xc7z020-clg400-1


================================================================
== Performance Estimates
================================================================
+ Timing: 
    * Summary: 
    +--------+----------+-----------+------------+
    |  Clock |  Target  | Estimated | Uncertainty|
    +--------+----------+-----------+------------+
    |ap_clk  |  10.00 ns|  46.084 ns|     2.70 ns|
    +--------+----------+-----------+------------+

+ Latency: 
    * Summary: 
    +---------+---------+----------+----------+-----+-----+-------------------+
    |  Latency (cycles) |  Latency (absolute) |  Interval |      Pipeline     |
    |   min   |   max   |    min   |    max   | min | max |        Type       |
    +---------+---------+----------+----------+-----+-----+-------------------+
    |        ?|        ?|         ?|         ?|    0|    0|  loop pipeline stp|
    +---------+---------+----------+----------+-----+-----+-------------------+

    + Detail: 
        * Instance: 
        N/A

        * Loop: 
        +---------------------------------------+---------+---------+----------+-----------+-----------+------+----------+
        |                                       |  Latency (cycles) | Iteration|  Initiation Interval  | Trip |          |
        |               Loop Name               |   min   |   max   |  Latency |  achieved |   target  | Count| Pipelined|
        +---------------------------------------+---------+---------+----------+-----------+-----------+------+----------+
        |- VITIS_LOOP_111_10_VITIS_LOOP_111_11  |        ?|        ?|        18|         14|          1|     ?|       yes|
        +---------------------------------------+---------+---------+----------+-----------+-----------+------+----------+



================================================================
== Utilization Estimates
================================================================
* Summary: 
+-----------------+---------+-----+--------+-------+-----+
|       Name      | BRAM_18K| DSP |   FF   |  LUT  | URAM|
+-----------------+---------+-----+--------+-------+-----+
|DSP              |        -|    -|       -|      -|    -|
|Expression       |        -|    -|       0|   1389|    -|
|FIFO             |        -|    -|       -|      -|    -|
|Instance         |        -|    9|     441|    276|    -|
|Memory           |        -|    -|       -|      -|    -|
|Multiplexer      |        -|    -|       0|    173|    -|
|Register         |        -|    -|     682|      -|    -|
+-----------------+---------+-----+--------+-------+-----+
|Total            |        0|    9|    1123|   1838|    0|
+-----------------+---------+-----+--------+-------+-----+
|Available        |      280|  220|  106400|  53200|    0|
+-----------------+---------+-----+--------+-------+-----+
|Utilization (%)  |        0|    4|       1|      3|    0|
+-----------------+---------+-----+--------+-------+-----+

+ Detail: 
    * Instance: 
    +-------------------------+---------------------+---------+----+-----+-----+-----+
    |         Instance        |        Module       | BRAM_18K| DSP|  FF | LUT | URAM|
    +-------------------------+---------------------+---------+----+-----+-----+-----+
    |mul_31ns_64s_64_5_1_U95  |mul_31ns_64s_64_5_1  |        0|   7|  441|  256|    0|
    |mul_32ns_8s_40_1_1_U96   |mul_32ns_8s_40_1_1   |        0|   2|    0|   20|    0|
    +-------------------------+---------------------+---------+----+-----+-----+-----+
    |Total                    |                     |        0|   9|  441|  276|    0|
    +-------------------------+---------------------+---------+----+-----+-----+-----+

    * DSP: 
    N/A

    * Memory: 
    N/A

    * FIFO: 
    N/A

    * Expression: 
    +-----------------------------------------+----------+----+---+-----+------------+------------+
    |              Variable Name              | Operation| DSP| FF| LUT | Bitwidth P0| Bitwidth P1|
    +-----------------------------------------+----------+----+---+-----+------------+------------+
    |add_ln111_1_fu_313_p2                    |         +|   0|  0|   38|          31|           1|
    |add_ln111_fu_304_p2                      |         +|   0|  0|   69|          62|           1|
    |add_ln113_1_fu_405_p2                    |         +|   0|  0|   32|          32|          32|
    |add_ln113_2_fu_386_p2                    |         +|   0|  0|   32|          32|          32|
    |add_ln113_3_fu_391_p2                    |         +|   0|  0|   32|          32|          32|
    |add_ln113_fu_400_p2                      |         +|   0|  0|   32|          32|          32|
    |add_ln114_1_fu_439_p2                    |         +|   0|  0|   64|          64|          64|
    |add_ln114_2_fu_432_p2                    |         +|   0|  0|   71|          64|          64|
    |add_ln114_3_fu_444_p2                    |         +|   0|  0|   64|          64|          64|
    |add_ln114_fu_420_p2                      |         +|   0|  0|   71|          64|          64|
    |add_ln7_fu_494_p2                        |         +|   0|  0|   47|          40|          40|
    |i_4_fu_373_p2                            |         +|   0|  0|   38|          31|           1|
    |sub_ln113_fu_368_p2                      |         -|   0|  0|   39|          32|          32|
    |sub_ln7_fu_476_p2                        |         -|   0|  0|   46|           1|          39|
    |sub_ln8_fu_512_p2                        |         -|   0|  0|   48|           1|          41|
    |ap_block_pp0_stage12_11001_grp2          |       and|   0|  0|    2|           1|           1|
    |ap_block_pp0_stage13_01001_grp3          |       and|   0|  0|    2|           1|           1|
    |ap_block_pp0_stage13_11001_grp3          |       and|   0|  0|    2|           1|           1|
    |ap_block_pp0_stage4_11001_grp4           |       and|   0|  0|    2|           1|           1|
    |ap_block_pp0_stage5_11001_grp1           |       and|   0|  0|    2|           1|           1|
    |ap_block_state13_io_grp2                 |       and|   0|  0|    2|           1|           1|
    |ap_block_state14_io_grp3                 |       and|   0|  0|    2|           1|           1|
    |ap_block_state14_pp0_stage13_iter0_grp3  |       and|   0|  0|    2|           1|           1|
    |ap_block_state6_io_grp1                  |       and|   0|  0|    2|           1|           1|
    |icmp_ln10_fu_550_p2                      |      icmp|   0|  0|   48|          41|           9|
    |icmp_ln111_1_fu_299_p2                   |      icmp|   0|  0|   69|          62|          62|
    |icmp_ln111_fu_294_p2                     |      icmp|   0|  0|   39|          32|          32|
    |icmp_ln113_fu_344_p2                     |      icmp|   0|  0|   39|          32|          32|
    |icmp_ln9_fu_536_p2                       |      icmp|   0|  0|   41|          34|           1|
    |y_fu_503_p2                              |      lshr|   0|  0|  182|          64|          64|
    |m_axi_gmem_0_WDATA                       |    select|   0|  0|    9|           1|           9|
    |select_ln111_1_fu_327_p3                 |    select|   0|  0|   31|           1|          31|
    |select_ln111_fu_319_p3                   |    select|   0|  0|   31|           1|          31|
    |select_ln7_fu_482_p3                     |    select|   0|  0|   39|           1|          39|
    |select_ln89_fu_349_p3                    |    select|   0|  0|    4|           1|           4|
    |src_fu_410_p3                            |    select|   0|  0|   32|           1|          32|
    |y_1_fu_518_p3                            |    select|   0|  0|   41|           1|          41|
    |y_2_fu_542_p3                            |    select|   0|  0|   41|           1|           7|
    |ap_enable_pp0                            |       xor|   0|  0|    2|           1|           2|
    +-----------------------------------------+----------+----+---+-----+------------+------------+
    |Total                                    |          |   0|  0| 1389|         865|         944|
    +-----------------------------------------+----------+----+---+-----+------------+------------+

    * Multiplexer: 
    +-----------------------------+----+-----------+-----+-----------+
    |             Name            | LUT| Input Size| Bits| Total Bits|
    +-----------------------------+----+-----------+-----+-----------+
    |ap_NS_fsm                    |  65|         15|    1|         15|
    |ap_done_int                  |   9|          2|    1|          2|
    |ap_enable_reg_pp0_iter0      |   9|          2|    1|          2|
    |ap_enable_reg_pp0_iter0_reg  |   9|          2|    1|          2|
    |ap_enable_reg_pp0_iter1      |   9|          2|    1|          2|
    |c_fu_118                     |   9|          2|   31|         62|
    |gmem_blk_n_AR                |   9|          2|    1|          2|
    |gmem_blk_n_AW                |   9|          2|    1|          2|
    |gmem_blk_n_B                 |   9|          2|    1|          2|
    |gmem_blk_n_R                 |   9|          2|    1|          2|
    |gmem_blk_n_W                 |   9|          2|    1|          2|
    |i_fu_114                     |   9|          2|   31|         62|
    |indvar_flatten117_fu_122     |   9|          2|   62|        124|
    +-----------------------------+----+-----------+-----+-----------+
    |Total                        | 173|         39|  134|        281|
    +-----------------------------+----+-----------+-----+-----------+

    * Register: 
    +-------------------------------------------+----+----+-----+-----------+
    |                    Name                   | FF | LUT| Bits| Const Bits|
    +-------------------------------------------+----+----+-----+-----------+
    |add_ln113_3_reg_698                        |  32|   0|   32|          0|
    |add_ln114_2_reg_714                        |  64|   0|   64|          0|
    |ap_CS_fsm                                  |  14|   0|   14|          0|
    |ap_block_pp0_stage4_subdone_grp0_done_reg  |   1|   0|    1|          0|
    |ap_block_pp0_stage5_subdone_grp0_done_reg  |   1|   0|    1|          0|
    |ap_done_reg                                |   1|   0|    1|          0|
    |ap_enable_reg_pp0_iter0_reg                |   1|   0|    1|          0|
    |ap_enable_reg_pp0_iter1                    |   1|   0|    1|          0|
    |c_fu_118                                   |  31|   0|   31|          0|
    |d_load_1_cast_reg_637                      |  31|   0|   32|          1|
    |d_load_2_reg_683                           |  32|   0|   32|          0|
    |d_load_cast_reg_642                        |  31|   0|   32|          1|
    |gmem_addr_4_reg_719                        |  64|   0|   64|          0|
    |i_fu_114                                   |  31|   0|   31|          0|
    |icmp_ln111_1_reg_647                       |   1|   0|    1|          0|
    |icmp_ln113_reg_668                         |   1|   0|    1|          0|
    |indvar_flatten117_fu_122                   |  62|   0|   62|          0|
    |mul_ln113_1_reg_703                        |  64|   0|   64|          0|
    |mul_ln113_2_reg_688                        |  32|   0|   32|          0|
    |select_ln111_reg_651                       |  31|   0|   31|          0|
    |zext_ln111_2_reg_663                       |  31|   0|   32|          1|
    |zext_ln111_4_reg_693                       |  31|   0|   32|          1|
    |zext_ln111_cast_reg_622                    |  31|   0|   64|         33|
    |zext_ln7_1_cast_reg_627                    |  32|   0|   64|         32|
    |zext_ln7_2_cast_reg_632                    |  31|   0|   40|          9|
    +-------------------------------------------+----+----+-----+-----------+
    |Total                                      | 682|   0|  760|         78|
    +-------------------------------------------+----+----+-----+-----------+



================================================================
== Interface
================================================================
* Summary: 
+-----------------------+-----+-----+------------+-----------------------------------------------------------+--------------+
|       RTL Ports       | Dir | Bits|  Protocol  |                       Source Object                       |    C Type    |
+-----------------------+-----+-----+------------+-----------------------------------------------------------+--------------+
|ap_clk                 |   in|    1|  ap_ctrl_hs|  lesion_accel_Pipeline_VITIS_LOOP_111_10_VITIS_LOOP_111_11|  return value|
|ap_rst                 |   in|    1|  ap_ctrl_hs|  lesion_accel_Pipeline_VITIS_LOOP_111_10_VITIS_LOOP_111_11|  return value|
|ap_start               |   in|    1|  ap_ctrl_hs|  lesion_accel_Pipeline_VITIS_LOOP_111_10_VITIS_LOOP_111_11|  return value|
|ap_done                |  out|    1|  ap_ctrl_hs|  lesion_accel_Pipeline_VITIS_LOOP_111_10_VITIS_LOOP_111_11|  return value|
|ap_idle                |  out|    1|  ap_ctrl_hs|  lesion_accel_Pipeline_VITIS_LOOP_111_10_VITIS_LOOP_111_11|  return value|
|ap_ready               |  out|    1|  ap_ctrl_hs|  lesion_accel_Pipeline_VITIS_LOOP_111_10_VITIS_LOOP_111_11|  return value|
|grp_fu_747_p_din0      |  out|   32|  ap_ctrl_hs|  lesion_accel_Pipeline_VITIS_LOOP_111_10_VITIS_LOOP_111_11|  return value|
|grp_fu_747_p_din1      |  out|   32|  ap_ctrl_hs|  lesion_accel_Pipeline_VITIS_LOOP_111_10_VITIS_LOOP_111_11|  return value|
|grp_fu_747_p_dout0     |   in|   32|  ap_ctrl_hs|  lesion_accel_Pipeline_VITIS_LOOP_111_10_VITIS_LOOP_111_11|  return value|
|grp_fu_747_p_ce        |  out|    1|  ap_ctrl_hs|  lesion_accel_Pipeline_VITIS_LOOP_111_10_VITIS_LOOP_111_11|  return value|
|m_axi_gmem_0_AWVALID   |  out|    1|       m_axi|                                                       gmem|       pointer|
|m_axi_gmem_0_AWREADY   |   in|    1|       m_axi|                                                       gmem|       pointer|
|m_axi_gmem_0_AWADDR    |  out|   64|       m_axi|                                                       gmem|       pointer|
|m_axi_gmem_0_AWID      |  out|    1|       m_axi|                                                       gmem|       pointer|
|m_axi_gmem_0_AWLEN     |  out|   32|       m_axi|                                                       gmem|       pointer|
|m_axi_gmem_0_AWSIZE    |  out|    3|       m_axi|                                                       gmem|       pointer|
|m_axi_gmem_0_AWBURST   |  out|    2|       m_axi|                                                       gmem|       pointer|
|m_axi_gmem_0_AWLOCK    |  out|    2|       m_axi|                                                       gmem|       pointer|
|m_axi_gmem_0_AWCACHE   |  out|    4|       m_axi|                                                       gmem|       pointer|
|m_axi_gmem_0_AWPROT    |  out|    3|       m_axi|                                                       gmem|       pointer|
|m_axi_gmem_0_AWQOS     |  out|    4|       m_axi|                                                       gmem|       pointer|
|m_axi_gmem_0_AWREGION  |  out|    4|       m_axi|                                                       gmem|       pointer|
|m_axi_gmem_0_AWUSER    |  out|    1|       m_axi|                                                       gmem|       pointer|
|m_axi_gmem_0_WVALID    |  out|    1|       m_axi|                                                       gmem|       pointer|
|m_axi_gmem_0_WREADY    |   in|    1|       m_axi|                                                       gmem|       pointer|
|m_axi_gmem_0_WDATA     |  out|    8|       m_axi|                                                       gmem|       pointer|
|m_axi_gmem_0_WSTRB     |  out|    1|       m_axi|                                                       gmem|       pointer|
|m_axi_gmem_0_WLAST     |  out|    1|       m_axi|                                                       gmem|       pointer|
|m_axi_gmem_0_WID       |  out|    1|       m_axi|                                                       gmem|       pointer|
|m_axi_gmem_0_WUSER     |  out|    1|       m_axi|                                                       gmem|       pointer|
|m_axi_gmem_0_ARVALID   |  out|    1|       m_axi|                                                       gmem|       pointer|
|m_axi_gmem_0_ARREADY   |   in|    1|       m_axi|                                                       gmem|       pointer|
|m_axi_gmem_0_ARADDR    |  out|   64|       m_axi|                                                       gmem|       pointer|
|m_axi_gmem_0_ARID      |  out|    1|       m_axi|                                                       gmem|       pointer|
|m_axi_gmem_0_ARLEN     |  out|   32|       m_axi|                                                       gmem|       pointer|
|m_axi_gmem_0_ARSIZE    |  out|    3|       m_axi|                                                       gmem|       pointer|
|m_axi_gmem_0_ARBURST   |  out|    2|       m_axi|                                                       gmem|       pointer|
|m_axi_gmem_0_ARLOCK    |  out|    2|       m_axi|                                                       gmem|       pointer|
|m_axi_gmem_0_ARCACHE   |  out|    4|       m_axi|                                                       gmem|       pointer|
|m_axi_gmem_0_ARPROT    |  out|    3|       m_axi|                                                       gmem|       pointer|
|m_axi_gmem_0_ARQOS     |  out|    4|       m_axi|                                                       gmem|       pointer|
|m_axi_gmem_0_ARREGION  |  out|    4|       m_axi|                                                       gmem|       pointer|
|m_axi_gmem_0_ARUSER    |  out|    1|       m_axi|                                                       gmem|       pointer|
|m_axi_gmem_0_RVALID    |   in|    1|       m_axi|                                                       gmem|       pointer|
|m_axi_gmem_0_RREADY    |  out|    1|       m_axi|                                                       gmem|       pointer|
|m_axi_gmem_0_RDATA     |   in|    8|       m_axi|                                                       gmem|       pointer|
|m_axi_gmem_0_RLAST     |   in|    1|       m_axi|                                                       gmem|       pointer|
|m_axi_gmem_0_RID       |   in|    1|       m_axi|                                                       gmem|       pointer|
|m_axi_gmem_0_RFIFONUM  |   in|   13|       m_axi|                                                       gmem|       pointer|
|m_axi_gmem_0_RUSER     |   in|    1|       m_axi|                                                       gmem|       pointer|
|m_axi_gmem_0_RRESP     |   in|    2|       m_axi|                                                       gmem|       pointer|
|m_axi_gmem_0_BVALID    |   in|    1|       m_axi|                                                       gmem|       pointer|
|m_axi_gmem_0_BREADY    |  out|    1|       m_axi|                                                       gmem|       pointer|
|m_axi_gmem_0_BRESP     |   in|    2|       m_axi|                                                       gmem|       pointer|
|m_axi_gmem_0_BID       |   in|    1|       m_axi|                                                       gmem|       pointer|
|m_axi_gmem_0_BUSER     |   in|    1|       m_axi|                                                       gmem|       pointer|
|mul_ln111              |   in|   32|     ap_none|                                                  mul_ln111|        scalar|
|mul_ln111_1            |   in|   62|     ap_none|                                                mul_ln111_1|        scalar|
|ci                     |   in|   32|     ap_none|                                                         ci|        scalar|
|mul_ln113              |   in|   64|     ap_none|                                                  mul_ln113|        scalar|
|empty                  |   in|   32|     ap_none|                                                      empty|        scalar|
|d_address0             |  out|    4|   ap_memory|                                                          d|         array|
|d_ce0                  |  out|    1|   ap_memory|                                                          d|         array|
|d_q0                   |   in|   32|   ap_memory|                                                          d|         array|
|d_load                 |   in|   31|     ap_none|                                                     d_load|        scalar|
|d_load_1               |   in|   31|     ap_none|                                                   d_load_1|        scalar|
|arena                  |   in|   64|     ap_none|                                                      arena|        scalar|
|zext_ln7_2             |   in|   31|     ap_none|                                                 zext_ln7_2|        scalar|
|zext_ln7_1             |   in|   32|     ap_none|                                                 zext_ln7_1|        scalar|
|zext_ln111             |   in|   31|     ap_none|                                                 zext_ln111|        scalar|
+-----------------------+-----+-----+------------+-----------------------------------------------------------+--------------+

