Copyright 1986-2022 Xilinx, Inc. All Rights Reserved. Copyright 2022-2025 Advanced Micro Devices, Inc. All Rights Reserved.
---------------------------------------------------------------------------------------------------------------------------------------------
| Tool Version : Vivado v.2025.2 (win64) Build 6299465 Fri Nov 14 19:35:11 GMT 2025
| Date         : Wed Sep 23 00:27:20 2026
| Host         : WIN-9V8PKT2UNH4 running 64-bit major release  (build 9200)
| Command      : report_cdc -details -file C:/temp/lesion_fpga/build/cdc.rpt
| Design       : lesion_wrapper
| Device       : 7z020-clg400
| Speed File   : -1  PRODUCTION 1.12 2019-11-22
| Design State : Physopt postRoute
---------------------------------------------------------------------------------------------------------------------------------------------

CDC Report

ID     Severity  Count  Description
-----  --------  -----  -------------------------------------------------------
CDC-3  Info        157  1-bit synchronized with ASYNC_REG property
CDC-6  Warning       2  Multi-bit synchronized with ASYNC_REG property
CDC-7  Critical      3  Asynchronous reset unknown CDC circuitry
CDC-9  Info          2  Asynchronous reset synchronized with ASYNC_REG property

Source Clock: clk_fpga_0
Destination Clock: axi_dynclk_0_PXL_CLK_O
CDC Type: Safely Timed

Row  ID     Severity  Description                                 Depth  Exception                Source (From)                                                                                      Destination (To)
---  -----  --------  ------------------------------------------  -----  -----------------------  -------------------------------------------------------------------------------------------------  -----------------------------------------------------------------------------------------------------------------
  1  CDC-3  Info      1-bit synchronized with ASYNC_REG property      3  Max Delay Datapath Only  lesion_i/video/hdmi_out/frontend/vtc_out/U0/U_VIDEO_CTRL/AXI4_LITE_INTERFACE.proc_sync1_reg[0]/C   lesion_i/video/hdmi_out/frontend/vtc_out/U0/U_VIDEO_CTRL/AXI4_LITE_INTERFACE.SYNC2VIDCLK_I/data_sync_reg[0][0]/D
  2  CDC-3  Info      1-bit synchronized with ASYNC_REG property      3  Max Delay Datapath Only  lesion_i/video/hdmi_out/frontend/vtc_out/U0/U_VIDEO_CTRL/AXI4_LITE_INTERFACE.proc_sync1_reg[1]/C   lesion_i/video/hdmi_out/frontend/vtc_out/U0/U_VIDEO_CTRL/AXI4_LITE_INTERFACE.SYNC2VIDCLK_I/data_sync_reg[0][1]/D
  3  CDC-3  Info      1-bit synchronized with ASYNC_REG property      3  Max Delay Datapath Only  lesion_i/video/hdmi_out/frontend/vtc_out/U0/U_VIDEO_CTRL/AXI4_LITE_INTERFACE.proc_sync1_reg[2]/C   lesion_i/video/hdmi_out/frontend/vtc_out/U0/U_VIDEO_CTRL/AXI4_LITE_INTERFACE.SYNC2VIDCLK_I/data_sync_reg[0][2]/D
  4  CDC-3  Info      1-bit synchronized with ASYNC_REG property      3  Max Delay Datapath Only  lesion_i/video/hdmi_out/frontend/vtc_out/U0/U_VIDEO_CTRL/AXI4_LITE_INTERFACE.proc_sync1_reg[3]/C   lesion_i/video/hdmi_out/frontend/vtc_out/U0/U_VIDEO_CTRL/AXI4_LITE_INTERFACE.SYNC2VIDCLK_I/data_sync_reg[0][3]/D
  5  CDC-3  Info      1-bit synchronized with ASYNC_REG property      3  Max Delay Datapath Only  lesion_i/video/hdmi_out/frontend/vtc_out/U0/U_VIDEO_CTRL/AXI4_LITE_INTERFACE.proc_sync1_reg[4]/C   lesion_i/video/hdmi_out/frontend/vtc_out/U0/U_VIDEO_CTRL/AXI4_LITE_INTERFACE.SYNC2VIDCLK_I/data_sync_reg[0][4]/D
  6  CDC-3  Info      1-bit synchronized with ASYNC_REG property      3  Max Delay Datapath Only  lesion_i/video/hdmi_out/frontend/vtc_out/U0/U_VIDEO_CTRL/AXI4_LITE_INTERFACE.proc_sync1_reg[5]/C   lesion_i/video/hdmi_out/frontend/vtc_out/U0/U_VIDEO_CTRL/AXI4_LITE_INTERFACE.SYNC2VIDCLK_I/data_sync_reg[0][5]/D
  7  CDC-3  Info      1-bit synchronized with ASYNC_REG property      3  Max Delay Datapath Only  lesion_i/video/hdmi_out/frontend/vtc_out/U0/U_VIDEO_CTRL/AXI4_LITE_INTERFACE.proc_sync1_reg[6]/C   lesion_i/video/hdmi_out/frontend/vtc_out/U0/U_VIDEO_CTRL/AXI4_LITE_INTERFACE.SYNC2VIDCLK_I/data_sync_reg[0][6]/D
  8  CDC-3  Info      1-bit synchronized with ASYNC_REG property      3  Max Delay Datapath Only  lesion_i/video/hdmi_out/frontend/vtc_out/U0/U_VIDEO_CTRL/AXI4_LITE_INTERFACE.proc_sync1_reg[7]/C   lesion_i/video/hdmi_out/frontend/vtc_out/U0/U_VIDEO_CTRL/AXI4_LITE_INTERFACE.SYNC2VIDCLK_I/data_sync_reg[0][7]/D
  9  CDC-3  Info      1-bit synchronized with ASYNC_REG property      3  Max Delay Datapath Only  lesion_i/video/hdmi_out/frontend/vtc_out/U0/U_VIDEO_CTRL/AXI4_LITE_INTERFACE.proc_sync1_reg[8]/C   lesion_i/video/hdmi_out/frontend/vtc_out/U0/U_VIDEO_CTRL/AXI4_LITE_INTERFACE.SYNC2VIDCLK_I/data_sync_reg[0][8]/D
 10  CDC-3  Info      1-bit synchronized with ASYNC_REG property      3  Max Delay Datapath Only  lesion_i/video/hdmi_out/frontend/vtc_out/U0/U_VIDEO_CTRL/AXI4_LITE_INTERFACE.proc_sync1_reg[9]/C   lesion_i/video/hdmi_out/frontend/vtc_out/U0/U_VIDEO_CTRL/AXI4_LITE_INTERFACE.SYNC2VIDCLK_I/data_sync_reg[0][9]/D
 11  CDC-3  Info      1-bit synchronized with ASYNC_REG property      3  Max Delay Datapath Only  lesion_i/video/hdmi_out/frontend/vtc_out/U0/U_VIDEO_CTRL/AXI4_LITE_INTERFACE.proc_sync1_reg[10]/C  lesion_i/video/hdmi_out/frontend/vtc_out/U0/U_VIDEO_CTRL/AXI4_LITE_INTERFACE.SYNC2VIDCLK_I/data_sync_reg[0][10]/D
 12  CDC-3  Info      1-bit synchronized with ASYNC_REG property      3  Max Delay Datapath Only  lesion_i/video/hdmi_out/frontend/vtc_out/U0/U_VIDEO_CTRL/AXI4_LITE_INTERFACE.proc_sync1_reg[11]/C  lesion_i/video/hdmi_out/frontend/vtc_out/U0/U_VIDEO_CTRL/AXI4_LITE_INTERFACE.SYNC2VIDCLK_I/data_sync_reg[0][11]/D
 13  CDC-3  Info      1-bit synchronized with ASYNC_REG property      3  Max Delay Datapath Only  lesion_i/video/hdmi_out/frontend/vtc_out/U0/U_VIDEO_CTRL/AXI4_LITE_INTERFACE.proc_sync1_reg[12]/C  lesion_i/video/hdmi_out/frontend/vtc_out/U0/U_VIDEO_CTRL/AXI4_LITE_INTERFACE.SYNC2VIDCLK_I/data_sync_reg[0][12]/D
 14  CDC-3  Info      1-bit synchronized with ASYNC_REG property      3  Max Delay Datapath Only  lesion_i/video/hdmi_out/frontend/vtc_out/U0/U_VIDEO_CTRL/AXI4_LITE_INTERFACE.proc_sync1_reg[13]/C  lesion_i/video/hdmi_out/frontend/vtc_out/U0/U_VIDEO_CTRL/AXI4_LITE_INTERFACE.SYNC2VIDCLK_I/data_sync_reg[0][13]/D
 15  CDC-3  Info      1-bit synchronized with ASYNC_REG property      3  Max Delay Datapath Only  lesion_i/video/hdmi_out/frontend/vtc_out/U0/U_VIDEO_CTRL/AXI4_LITE_INTERFACE.proc_sync1_reg[14]/C  lesion_i/video/hdmi_out/frontend/vtc_out/U0/U_VIDEO_CTRL/AXI4_LITE_INTERFACE.SYNC2VIDCLK_I/data_sync_reg[0][14]/D
 16  CDC-3  Info      1-bit synchronized with ASYNC_REG property      3  Max Delay Datapath Only  lesion_i/video/hdmi_out/frontend/vtc_out/U0/U_VIDEO_CTRL/AXI4_LITE_INTERFACE.proc_sync1_reg[15]/C  lesion_i/video/hdmi_out/frontend/vtc_out/U0/U_VIDEO_CTRL/AXI4_LITE_INTERFACE.SYNC2VIDCLK_I/data_sync_reg[0][15]/D
 17  CDC-3  Info      1-bit synchronized with ASYNC_REG property      3  Max Delay Datapath Only  lesion_i/video/hdmi_out/frontend/vtc_out/U0/U_VIDEO_CTRL/AXI4_LITE_INTERFACE.proc_sync1_reg[16]/C  lesion_i/video/hdmi_out/frontend/vtc_out/U0/U_VIDEO_CTRL/AXI4_LITE_INTERFACE.SYNC2VIDCLK_I/data_sync_reg[0][16]/D
 18  CDC-3  Info      1-bit synchronized with ASYNC_REG property      3  Max Delay Datapath Only  lesion_i/video/hdmi_out/frontend/vtc_out/U0/U_VIDEO_CTRL/AXI4_LITE_INTERFACE.proc_sync1_reg[17]/C  lesion_i/video/hdmi_out/frontend/vtc_out/U0/U_VIDEO_CTRL/AXI4_LITE_INTERFACE.SYNC2VIDCLK_I/data_sync_reg[0][17]/D
 19  CDC-3  Info      1-bit synchronized with ASYNC_REG property      3  Max Delay Datapath Only  lesion_i/video/hdmi_out/frontend/vtc_out/U0/U_VIDEO_CTRL/AXI4_LITE_INTERFACE.proc_sync1_reg[18]/C  lesion_i/video/hdmi_out/frontend/vtc_out/U0/U_VIDEO_CTRL/AXI4_LITE_INTERFACE.SYNC2VIDCLK_I/data_sync_reg[0][18]/D
 20  CDC-3  Info      1-bit synchronized with ASYNC_REG property      3  Max Delay Datapath Only  lesion_i/video/hdmi_out/frontend/vtc_out/U0/U_VIDEO_CTRL/AXI4_LITE_INTERFACE.proc_sync1_reg[19]/C  lesion_i/video/hdmi_out/frontend/vtc_out/U0/U_VIDEO_CTRL/AXI4_LITE_INTERFACE.SYNC2VIDCLK_I/data_sync_reg[0][19]/D
 21  CDC-3  Info      1-bit synchronized with ASYNC_REG property      3  Max Delay Datapath Only  lesion_i/video/hdmi_out/frontend/vtc_out/U0/U_VIDEO_CTRL/AXI4_LITE_INTERFACE.proc_sync1_reg[20]/C  lesion_i/video/hdmi_out/frontend/vtc_out/U0/U_VIDEO_CTRL/AXI4_LITE_INTERFACE.SYNC2VIDCLK_I/data_sync_reg[0][20]/D
 22  CDC-3  Info      1-bit synchronized with ASYNC_REG property      3  Max Delay Datapath Only  lesion_i/video/hdmi_out/frontend/vtc_out/U0/U_VIDEO_CTRL/AXI4_LITE_INTERFACE.proc_sync1_reg[21]/C  lesion_i/video/hdmi_out/frontend/vtc_out/U0/U_VIDEO_CTRL/AXI4_LITE_INTERFACE.SYNC2VIDCLK_I/data_sync_reg[0][21]/D
 23  CDC-3  Info      1-bit synchronized with ASYNC_REG property      3  Max Delay Datapath Only  lesion_i/video/hdmi_out/frontend/vtc_out/U0/U_VIDEO_CTRL/AXI4_LITE_INTERFACE.proc_sync1_reg[22]/C  lesion_i/video/hdmi_out/frontend/vtc_out/U0/U_VIDEO_CTRL/AXI4_LITE_INTERFACE.SYNC2VIDCLK_I/data_sync_reg[0][22]/D
 24  CDC-3  Info      1-bit synchronized with ASYNC_REG property      3  Max Delay Datapath Only  lesion_i/video/hdmi_out/frontend/vtc_out/U0/U_VIDEO_CTRL/AXI4_LITE_INTERFACE.proc_sync1_reg[23]/C  lesion_i/video/hdmi_out/frontend/vtc_out/U0/U_VIDEO_CTRL/AXI4_LITE_INTERFACE.SYNC2VIDCLK_I/data_sync_reg[0][23]/D
 25  CDC-3  Info      1-bit synchronized with ASYNC_REG property      3  Max Delay Datapath Only  lesion_i/video/hdmi_out/frontend/vtc_out/U0/U_VIDEO_CTRL/AXI4_LITE_INTERFACE.proc_sync1_reg[24]/C  lesion_i/video/hdmi_out/frontend/vtc_out/U0/U_VIDEO_CTRL/AXI4_LITE_INTERFACE.SYNC2VIDCLK_I/data_sync_reg[0][24]/D
 26  CDC-3  Info      1-bit synchronized with ASYNC_REG property      3  Max Delay Datapath Only  lesion_i/video/hdmi_out/frontend/vtc_out/U0/U_VIDEO_CTRL/AXI4_LITE_INTERFACE.proc_sync1_reg[25]/C  lesion_i/video/hdmi_out/frontend/vtc_out/U0/U_VIDEO_CTRL/AXI4_LITE_INTERFACE.SYNC2VIDCLK_I/data_sync_reg[0][25]/D
 27  CDC-3  Info      1-bit synchronized with ASYNC_REG property      3  Max Delay Datapath Only  lesion_i/video/hdmi_out/frontend/vtc_out/U0/U_VIDEO_CTRL/AXI4_LITE_INTERFACE.proc_sync1_reg[26]/C  lesion_i/video/hdmi_out/frontend/vtc_out/U0/U_VIDEO_CTRL/AXI4_LITE_INTERFACE.SYNC2VIDCLK_I/data_sync_reg[0][26]/D
 28  CDC-3  Info      1-bit synchronized with ASYNC_REG property      3  Max Delay Datapath Only  lesion_i/video/hdmi_out/frontend/vtc_out/U0/U_VIDEO_CTRL/AXI4_LITE_INTERFACE.proc_sync1_reg[27]/C  lesion_i/video/hdmi_out/frontend/vtc_out/U0/U_VIDEO_CTRL/AXI4_LITE_INTERFACE.SYNC2VIDCLK_I/data_sync_reg[0][27]/D
 29  CDC-3  Info      1-bit synchronized with ASYNC_REG property      3  Max Delay Datapath Only  lesion_i/video/hdmi_out/frontend/vtc_out/U0/U_VIDEO_CTRL/AXI4_LITE_INTERFACE.proc_sync1_reg[28]/C  lesion_i/video/hdmi_out/frontend/vtc_out/U0/U_VIDEO_CTRL/AXI4_LITE_INTERFACE.SYNC2VIDCLK_I/data_sync_reg[0][28]/D
 30  CDC-3  Info      1-bit synchronized with ASYNC_REG property      3  Max Delay Datapath Only  lesion_i/video/hdmi_out/frontend/vtc_out/U0/U_VIDEO_CTRL/AXI4_LITE_INTERFACE.proc_sync1_reg[29]/C  lesion_i/video/hdmi_out/frontend/vtc_out/U0/U_VIDEO_CTRL/AXI4_LITE_INTERFACE.SYNC2VIDCLK_I/data_sync_reg[0][29]/D
 31  CDC-3  Info      1-bit synchronized with ASYNC_REG property      3  Max Delay Datapath Only  lesion_i/video/hdmi_out/frontend/vtc_out/U0/U_VIDEO_CTRL/AXI4_LITE_INTERFACE.proc_sync1_reg[30]/C  lesion_i/video/hdmi_out/frontend/vtc_out/U0/U_VIDEO_CTRL/AXI4_LITE_INTERFACE.SYNC2VIDCLK_I/data_sync_reg[0][30]/D
 32  CDC-3  Info      1-bit synchronized with ASYNC_REG property      3  Max Delay Datapath Only  lesion_i/video/hdmi_out/frontend/vtc_out/U0/U_VIDEO_CTRL/AXI4_LITE_INTERFACE.proc_sync1_reg[31]/C  lesion_i/video/hdmi_out/frontend/vtc_out/U0/U_VIDEO_CTRL/AXI4_LITE_INTERFACE.SYNC2VIDCLK_I/data_sync_reg[0][31]/D
 33  CDC-3  Info      1-bit synchronized with ASYNC_REG property      3  Max Delay Datapath Only  lesion_i/video/hdmi_out/frontend/vtc_out/U0/U_VIDEO_CTRL/AXI4_LITE_INTERFACE.proc_sync1_reg[34]/C  lesion_i/video/hdmi_out/frontend/vtc_out/U0/U_VIDEO_CTRL/AXI4_LITE_INTERFACE.SYNC2VIDCLK_I/data_sync_reg[0][34]/D
 34  CDC-3  Info      1-bit synchronized with ASYNC_REG property      3  Max Delay Datapath Only  lesion_i/video/hdmi_out/frontend/vtc_out/U0/U_VIDEO_CTRL/AXI4_LITE_INTERFACE.proc_sync1_reg[35]/C  lesion_i/video/hdmi_out/frontend/vtc_out/U0/U_VIDEO_CTRL/AXI4_LITE_INTERFACE.SYNC2VIDCLK_I/data_sync_reg[0][35]/D
 35  CDC-3  Info      1-bit synchronized with ASYNC_REG property      3  Max Delay Datapath Only  lesion_i/video/hdmi_out/frontend/vtc_out/U0/U_VIDEO_CTRL/AXI4_LITE_INTERFACE.proc_sync1_reg[36]/C  lesion_i/video/hdmi_out/frontend/vtc_out/U0/U_VIDEO_CTRL/AXI4_LITE_INTERFACE.SYNC2VIDCLK_I/data_sync_reg[0][36]/D
 36  CDC-3  Info      1-bit synchronized with ASYNC_REG property      3  Max Delay Datapath Only  lesion_i/video/hdmi_out/frontend/vtc_out/U0/U_VIDEO_CTRL/AXI4_LITE_INTERFACE.proc_sync1_reg[37]/C  lesion_i/video/hdmi_out/frontend/vtc_out/U0/U_VIDEO_CTRL/AXI4_LITE_INTERFACE.SYNC2VIDCLK_I/data_sync_reg[0][37]/D
 37  CDC-3  Info      1-bit synchronized with ASYNC_REG property      3  Max Delay Datapath Only  lesion_i/video/hdmi_out/frontend/vtc_out/U0/U_VIDEO_CTRL/AXI4_LITE_INTERFACE.proc_sync1_reg[38]/C  lesion_i/video/hdmi_out/frontend/vtc_out/U0/U_VIDEO_CTRL/AXI4_LITE_INTERFACE.SYNC2VIDCLK_I/data_sync_reg[0][38]/D
 38  CDC-3  Info      1-bit synchronized with ASYNC_REG property      3  Max Delay Datapath Only  lesion_i/video/hdmi_out/frontend/vtc_out/U0/U_VIDEO_CTRL/AXI4_LITE_INTERFACE.proc_sync1_reg[39]/C  lesion_i/video/hdmi_out/frontend/vtc_out/U0/U_VIDEO_CTRL/AXI4_LITE_INTERFACE.SYNC2VIDCLK_I/data_sync_reg[0][39]/D
 39  CDC-3  Info      1-bit synchronized with ASYNC_REG property      3  Max Delay Datapath Only  lesion_i/video/hdmi_out/frontend/vtc_out/U0/U_VIDEO_CTRL/AXI4_LITE_INTERFACE.proc_sync1_reg[41]/C  lesion_i/video/hdmi_out/frontend/vtc_out/U0/U_VIDEO_CTRL/AXI4_LITE_INTERFACE.SYNC2VIDCLK_I/data_sync_reg[0][41]/D
 40  CDC-3  Info      1-bit synchronized with ASYNC_REG property      3  Max Delay Datapath Only  lesion_i/video/hdmi_out/frontend/vtc_out/U0/U_VIDEO_CTRL/AXI4_LITE_INTERFACE.proc_sync1_reg[42]/C  lesion_i/video/hdmi_out/frontend/vtc_out/U0/U_VIDEO_CTRL/AXI4_LITE_INTERFACE.SYNC2VIDCLK_I/data_sync_reg[0][42]/D
 41  CDC-3  Info      1-bit synchronized with ASYNC_REG property      3  Max Delay Datapath Only  lesion_i/video/hdmi_out/frontend/vtc_out/U0/U_VIDEO_CTRL/AXI4_LITE_INTERFACE.proc_sync1_reg[43]/C  lesion_i/video/hdmi_out/frontend/vtc_out/U0/U_VIDEO_CTRL/AXI4_LITE_INTERFACE.SYNC2VIDCLK_I/data_sync_reg[0][43]/D
 42  CDC-3  Info      1-bit synchronized with ASYNC_REG property      3  Max Delay Datapath Only  lesion_i/video/hdmi_out/frontend/vtc_out/U0/U_VIDEO_CTRL/AXI4_LITE_INTERFACE.proc_sync1_reg[44]/C  lesion_i/video/hdmi_out/frontend/vtc_out/U0/U_VIDEO_CTRL/AXI4_LITE_INTERFACE.SYNC2VIDCLK_I/data_sync_reg[0][44]/D

Source Clock: clk_fpga_1
Destination Clock: axi_dynclk_0_PXL_CLK_O
CDC Type: No Common Primary Clock

Row  ID     Severity  Description                                 Depth  Exception   Source (From)                                                                                                                                                                                                  Destination (To)
---  -----  --------  ------------------------------------------  -----  ----------  -------------------------------------------------------------------------------------------------------------------------------------------------------------------------------------------------------------  ----------------------------------------------------------------------------------------------------------------------------------------------------------------------------------------------------------------------------
  1  CDC-3  Info      1-bit synchronized with ASYNC_REG property      4  False Path  lesion_i/video/hdmi_out/frontend/v_axi4s_vid_out_0/inst/COUPLER_INST/generate_async_fifo.FIFO_INST/XPM_FIFO_ASYNC_INST/gnuram_async_fifo.xpm_fifo_base_inst/xpm_fifo_rst_inst/gen_rst_ic.fifo_wr_rst_ic_reg/C  lesion_i/video/hdmi_out/frontend/v_axi4s_vid_out_0/inst/COUPLER_INST/generate_async_fifo.FIFO_INST/XPM_FIFO_ASYNC_INST/gnuram_async_fifo.xpm_fifo_base_inst/xpm_fifo_rst_inst/gen_rst_ic.wrst_rd_inst/syncstages_ff_reg[0]/D

Source Clock: axi_dynclk_0_PXL_CLK_O
Destination Clock: clk_fpga_0
CDC Type: Safely Timed

Row  ID     Severity  Description                                     Depth  Exception                Source (From)                                                                                                        Destination (To)
---  -----  --------  ----------------------------------------------  -----  -----------------------  -------------------------------------------------------------------------------------------------------------------  ----------------------------------------------------------------------------------------------------------------------------
  1  CDC-3  Info      1-bit synchronized with ASYNC_REG property          2  False Path               lesion_wrapper/lesion/video_imp_15QDWM9/hdmi_out_imp_1SB5NOD/frontend_imp_DZ8CGD/lesion_vtc_out_0/<hidden>/<hidden>  lesion_i/system_interrupts/U0/INTC_CORE_I/INTR_DETECT_GEN[2].ASYNC_GEN.intr_ff_reg[0]/D
  2  CDC-6  Warning   Multi-bit synchronized with ASYNC_REG property      3  Max Delay Datapath Only  lesion_i/video/hdmi_out/frontend/vtc_out/U0/U_VIDEO_CTRL/AXI4_LITE_INTERFACE.ipif_RdData_reg[31:0]/C                 lesion_i/video/hdmi_out/frontend/vtc_out/U0/U_VIDEO_CTRL/AXI4_LITE_INTERFACE.SYNC2PROCCLK_I/data_sync_reg[0][31:0]/D
  3  CDC-3  Info      1-bit synchronized with ASYNC_REG property          3  Max Delay Datapath Only  lesion_wrapper/lesion/video_imp_15QDWM9/hdmi_out_imp_1SB5NOD/frontend_imp_DZ8CGD/lesion_vtc_out_0/<hidden>/<hidden>  lesion_wrapper/lesion/video_imp_15QDWM9/hdmi_out_imp_1SB5NOD/frontend_imp_DZ8CGD/lesion_vtc_out_0/<hidden>/<hidden>/<hidden>
  4  CDC-3  Info      1-bit synchronized with ASYNC_REG property          3  Max Delay Datapath Only  lesion_wrapper/lesion/video_imp_15QDWM9/hdmi_out_imp_1SB5NOD/frontend_imp_DZ8CGD/lesion_vtc_out_0/<hidden>/<hidden>  lesion_wrapper/lesion/video_imp_15QDWM9/hdmi_out_imp_1SB5NOD/frontend_imp_DZ8CGD/lesion_vtc_out_0/<hidden>/<hidden>/<hidden>

Source Clock: clk_fpga_1
Destination Clock: clk_fpga_0
CDC Type: No Common Primary Clock

Row  ID     Severity  Description                                 Depth  Exception   Source (From)                                                                                                                                       Destination (To)
---  -----  --------  ------------------------------------------  -----  ----------  --------------------------------------------------------------------------------------------------------------------------------------------------  -----------------------------------------------------------------------------------------------------------------------------------------------------------------------------------
  1  CDC-3  Info      1-bit synchronized with ASYNC_REG property      3  False Path  lesion_i/video/axi_interconnect_0/m01_couplers/auto_cc/inst/gen_clock_conv.gen_async_lite_conv.clock_conv_lite_fwd_ar/dest_ack_reg/C                lesion_i/video/axi_interconnect_0/m01_couplers/auto_cc/inst/gen_clock_conv.gen_async_lite_conv.clock_conv_lite_fwd_ar/handshake/xpm_cdc_single_dest2src_inst/syncstages_ff_reg[0]/D
  2  CDC-3  Info      1-bit synchronized with ASYNC_REG property      3  False Path  lesion_i/video/axi_interconnect_0/m01_couplers/auto_cc/inst/gen_clock_conv.gen_async_lite_conv.clock_conv_lite_fwd_aw/dest_ack_reg/C                lesion_i/video/axi_interconnect_0/m01_couplers/auto_cc/inst/gen_clock_conv.gen_async_lite_conv.clock_conv_lite_fwd_aw/handshake/xpm_cdc_single_dest2src_inst/syncstages_ff_reg[0]/D
  3  CDC-3  Info      1-bit synchronized with ASYNC_REG property      3  False Path  lesion_i/video/axi_interconnect_0/m01_couplers/auto_cc/inst/gen_clock_conv.gen_async_lite_conv.clock_conv_lite_fwd_w/dest_ack_reg/C                 lesion_i/video/axi_interconnect_0/m01_couplers/auto_cc/inst/gen_clock_conv.gen_async_lite_conv.clock_conv_lite_fwd_w/handshake/xpm_cdc_single_dest2src_inst/syncstages_ff_reg[0]/D
  4  CDC-3  Info      1-bit synchronized with ASYNC_REG property      3  False Path  lesion_i/video/axi_interconnect_0/m01_couplers/auto_cc/inst/gen_clock_conv.gen_async_lite_conv.clock_conv_lite_resp_b/handshake/src_sendd_ff_reg/C  lesion_i/video/axi_interconnect_0/m01_couplers/auto_cc/inst/gen_clock_conv.gen_async_lite_conv.clock_conv_lite_resp_b/handshake/xpm_cdc_single_src2dest_inst/syncstages_ff_reg[0]/D
  5  CDC-3  Info      1-bit synchronized with ASYNC_REG property      3  False Path  lesion_i/video/axi_interconnect_0/m01_couplers/auto_cc/inst/gen_clock_conv.gen_async_lite_conv.clock_conv_lite_resp_r/handshake/src_sendd_ff_reg/C  lesion_i/video/axi_interconnect_0/m01_couplers/auto_cc/inst/gen_clock_conv.gen_async_lite_conv.clock_conv_lite_resp_r/handshake/xpm_cdc_single_src2dest_inst/syncstages_ff_reg[0]/D
  6  CDC-3  Info      1-bit synchronized with ASYNC_REG property      3  False Path  lesion_i/video/axi_interconnect_0/m02_couplers/auto_cc/inst/gen_clock_conv.gen_async_lite_conv.clock_conv_lite_fwd_ar/dest_ack_reg/C                lesion_i/video/axi_interconnect_0/m02_couplers/auto_cc/inst/gen_clock_conv.gen_async_lite_conv.clock_conv_lite_fwd_ar/handshake/xpm_cdc_single_dest2src_inst/syncstages_ff_reg[0]/D
  7  CDC-3  Info      1-bit synchronized with ASYNC_REG property      3  False Path  lesion_i/video/axi_interconnect_0/m02_couplers/auto_cc/inst/gen_clock_conv.gen_async_lite_conv.clock_conv_lite_fwd_aw/dest_ack_reg/C                lesion_i/video/axi_interconnect_0/m02_couplers/auto_cc/inst/gen_clock_conv.gen_async_lite_conv.clock_conv_lite_fwd_aw/handshake/xpm_cdc_single_dest2src_inst/syncstages_ff_reg[0]/D
  8  CDC-3  Info      1-bit synchronized with ASYNC_REG property      3  False Path  lesion_i/video/axi_interconnect_0/m02_couplers/auto_cc/inst/gen_clock_conv.gen_async_lite_conv.clock_conv_lite_fwd_w/dest_ack_reg/C                 lesion_i/video/axi_interconnect_0/m02_couplers/auto_cc/inst/gen_clock_conv.gen_async_lite_conv.clock_conv_lite_fwd_w/handshake/xpm_cdc_single_dest2src_inst/syncstages_ff_reg[0]/D
  9  CDC-3  Info      1-bit synchronized with ASYNC_REG property      3  False Path  lesion_i/video/axi_interconnect_0/m02_couplers/auto_cc/inst/gen_clock_conv.gen_async_lite_conv.clock_conv_lite_resp_b/handshake/src_sendd_ff_reg/C  lesion_i/video/axi_interconnect_0/m02_couplers/auto_cc/inst/gen_clock_conv.gen_async_lite_conv.clock_conv_lite_resp_b/handshake/xpm_cdc_single_src2dest_inst/syncstages_ff_reg[0]/D
 10  CDC-3  Info      1-bit synchronized with ASYNC_REG property      3  False Path  lesion_i/video/axi_interconnect_0/m02_couplers/auto_cc/inst/gen_clock_conv.gen_async_lite_conv.clock_conv_lite_resp_r/handshake/src_sendd_ff_reg/C  lesion_i/video/axi_interconnect_0/m02_couplers/auto_cc/inst/gen_clock_conv.gen_async_lite_conv.clock_conv_lite_resp_r/handshake/xpm_cdc_single_src2dest_inst/syncstages_ff_reg[0]/D
 11  CDC-3  Info      1-bit synchronized with ASYNC_REG property      3  False Path  lesion_i/video/axi_interconnect_0/m06_couplers/auto_cc/inst/gen_clock_conv.gen_async_lite_conv.clock_conv_lite_fwd_ar/dest_ack_reg/C                lesion_i/video/axi_interconnect_0/m06_couplers/auto_cc/inst/gen_clock_conv.gen_async_lite_conv.clock_conv_lite_fwd_ar/handshake/xpm_cdc_single_dest2src_inst/syncstages_ff_reg[0]/D
 12  CDC-3  Info      1-bit synchronized with ASYNC_REG property      3  False Path  lesion_i/video/axi_interconnect_0/m06_couplers/auto_cc/inst/gen_clock_conv.gen_async_lite_conv.clock_conv_lite_fwd_aw/dest_ack_reg/C                lesion_i/video/axi_interconnect_0/m06_couplers/auto_cc/inst/gen_clock_conv.gen_async_lite_conv.clock_conv_lite_fwd_aw/handshake/xpm_cdc_single_dest2src_inst/syncstages_ff_reg[0]/D
 13  CDC-3  Info      1-bit synchronized with ASYNC_REG property      3  False Path  lesion_i/video/axi_interconnect_0/m06_couplers/auto_cc/inst/gen_clock_conv.gen_async_lite_conv.clock_conv_lite_fwd_w/dest_ack_reg/C                 lesion_i/video/axi_interconnect_0/m06_couplers/auto_cc/inst/gen_clock_conv.gen_async_lite_conv.clock_conv_lite_fwd_w/handshake/xpm_cdc_single_dest2src_inst/syncstages_ff_reg[0]/D
 14  CDC-3  Info      1-bit synchronized with ASYNC_REG property      3  False Path  lesion_i/video/axi_interconnect_0/m06_couplers/auto_cc/inst/gen_clock_conv.gen_async_lite_conv.clock_conv_lite_resp_b/handshake/src_sendd_ff_reg/C  lesion_i/video/axi_interconnect_0/m06_couplers/auto_cc/inst/gen_clock_conv.gen_async_lite_conv.clock_conv_lite_resp_b/handshake/xpm_cdc_single_src2dest_inst/syncstages_ff_reg[0]/D
 15  CDC-3  Info      1-bit synchronized with ASYNC_REG property      3  False Path  lesion_i/video/axi_interconnect_0/m06_couplers/auto_cc/inst/gen_clock_conv.gen_async_lite_conv.clock_conv_lite_resp_r/handshake/src_sendd_ff_reg/C  lesion_i/video/axi_interconnect_0/m06_couplers/auto_cc/inst/gen_clock_conv.gen_async_lite_conv.clock_conv_lite_resp_r/handshake/xpm_cdc_single_src2dest_inst/syncstages_ff_reg[0]/D
 16  CDC-3  Info      1-bit synchronized with ASYNC_REG property      3  False Path  lesion_i/video/axi_interconnect_0/m07_couplers/auto_cc/inst/gen_clock_conv.gen_async_lite_conv.clock_conv_lite_fwd_ar/dest_ack_reg/C                lesion_i/video/axi_interconnect_0/m07_couplers/auto_cc/inst/gen_clock_conv.gen_async_lite_conv.clock_conv_lite_fwd_ar/handshake/xpm_cdc_single_dest2src_inst/syncstages_ff_reg[0]/D
 17  CDC-3  Info      1-bit synchronized with ASYNC_REG property      3  False Path  lesion_i/video/axi_interconnect_0/m07_couplers/auto_cc/inst/gen_clock_conv.gen_async_lite_conv.clock_conv_lite_fwd_aw/dest_ack_reg/C                lesion_i/video/axi_interconnect_0/m07_couplers/auto_cc/inst/gen_clock_conv.gen_async_lite_conv.clock_conv_lite_fwd_aw/handshake/xpm_cdc_single_dest2src_inst/syncstages_ff_reg[0]/D
 18  CDC-3  Info      1-bit synchronized with ASYNC_REG property      3  False Path  lesion_i/video/axi_interconnect_0/m07_couplers/auto_cc/inst/gen_clock_conv.gen_async_lite_conv.clock_conv_lite_fwd_w/dest_ack_reg/C                 lesion_i/video/axi_interconnect_0/m07_couplers/auto_cc/inst/gen_clock_conv.gen_async_lite_conv.clock_conv_lite_fwd_w/handshake/xpm_cdc_single_dest2src_inst/syncstages_ff_reg[0]/D
 19  CDC-3  Info      1-bit synchronized with ASYNC_REG property      3  False Path  lesion_i/video/axi_interconnect_0/m07_couplers/auto_cc/inst/gen_clock_conv.gen_async_lite_conv.clock_conv_lite_resp_b/handshake/src_sendd_ff_reg/C  lesion_i/video/axi_interconnect_0/m07_couplers/auto_cc/inst/gen_clock_conv.gen_async_lite_conv.clock_conv_lite_resp_b/handshake/xpm_cdc_single_src2dest_inst/syncstages_ff_reg[0]/D
 20  CDC-3  Info      1-bit synchronized with ASYNC_REG property      3  False Path  lesion_i/video/axi_interconnect_0/m07_couplers/auto_cc/inst/gen_clock_conv.gen_async_lite_conv.clock_conv_lite_resp_r/handshake/src_sendd_ff_reg/C  lesion_i/video/axi_interconnect_0/m07_couplers/auto_cc/inst/gen_clock_conv.gen_async_lite_conv.clock_conv_lite_resp_r/handshake/xpm_cdc_single_src2dest_inst/syncstages_ff_reg[0]/D
 21  CDC-3  Info      1-bit synchronized with ASYNC_REG property      5  False Path  lesion_i/video/axi_vdma/U0/AXI_LITE_REG_INTERFACE_I/GEN_MM2S_LITE_CROSSINGS.GEN_MM2S_CROSSINGS_ASYNC.MM2S_INTRPT_CROSSING_I/src_ff_reg/C            lesion_i/video/axi_vdma/U0/AXI_LITE_REG_INTERFACE_I/GEN_MM2S_LITE_CROSSINGS.GEN_MM2S_CROSSINGS_ASYNC.MM2S_INTRPT_CROSSING_I/syncstages_ff_reg[0]/D
 22  CDC-3  Info      1-bit synchronized with ASYNC_REG property      5  False Path  lesion_i/video/axi_vdma/U0/AXI_LITE_REG_INTERFACE_I/GEN_S2MM_LITE_CROSSINGS.GEN_S2MM_CROSSINGS_ASYNC.S2MM_INTRPT_CROSSING_I/src_ff_reg/C            lesion_i/video/axi_vdma/U0/AXI_LITE_REG_INTERFACE_I/GEN_S2MM_LITE_CROSSINGS.GEN_S2MM_CROSSINGS_ASYNC.S2MM_INTRPT_CROSSING_I/syncstages_ff_reg[0]/D
 23  CDC-3  Info      1-bit synchronized with ASYNC_REG property      4  False Path  lesion_i/video/axi_vdma/U0/I_RST_MODULE/GEN_RESET_FOR_MM2S.RESET_I/GEN_MIN_FOR_ASYNC.LITE_CLR_CDC_I/src_level_ff_reg/C                              lesion_i/video/axi_vdma/U0/I_RST_MODULE/GEN_RESET_FOR_MM2S.RESET_I/GEN_MIN_FOR_ASYNC.LITE_CLR_CDC_I/xpm_cdc_single_inst/syncstages_ff_reg[0]/D
 24  CDC-3  Info      1-bit synchronized with ASYNC_REG property      4  False Path  lesion_i/video/axi_vdma/U0/I_RST_MODULE/GEN_RESET_FOR_MM2S.RESET_I/GEN_MIN_FOR_ASYNC.LITE_IDLE_CDC_I/src_ff_reg/C                                   lesion_i/video/axi_vdma/U0/I_RST_MODULE/GEN_RESET_FOR_MM2S.RESET_I/GEN_MIN_FOR_ASYNC.LITE_IDLE_CDC_I/syncstages_ff_reg[0]/D
 25  CDC-3  Info      1-bit synchronized with ASYNC_REG property      4  False Path  lesion_i/video/axi_vdma/U0/I_RST_MODULE/GEN_RESET_FOR_MM2S.RESET_I/GEN_MIN_FOR_ASYNC.LITE_RESET_CDC_I/src_level_ff_reg/C                            lesion_i/video/axi_vdma/U0/I_RST_MODULE/GEN_RESET_FOR_MM2S.RESET_I/GEN_MIN_FOR_ASYNC.LITE_RESET_CDC_I/xpm_cdc_single_inst/syncstages_ff_reg[0]/D
 26  CDC-3  Info      1-bit synchronized with ASYNC_REG property      4  False Path  lesion_i/video/axi_vdma/U0/I_RST_MODULE/GEN_RESET_FOR_S2MM.RESET_I/GEN_MIN_FOR_ASYNC.LITE_CLR_CDC_I/src_level_ff_reg/C                              lesion_i/video/axi_vdma/U0/I_RST_MODULE/GEN_RESET_FOR_S2MM.RESET_I/GEN_MIN_FOR_ASYNC.LITE_CLR_CDC_I/xpm_cdc_single_inst/syncstages_ff_reg[0]/D
 27  CDC-3  Info      1-bit synchronized with ASYNC_REG property      4  False Path  lesion_i/video/axi_vdma/U0/I_RST_MODULE/GEN_RESET_FOR_S2MM.RESET_I/GEN_MIN_FOR_ASYNC.LITE_IDLE_CDC_I/src_ff_reg/C                                   lesion_i/video/axi_vdma/U0/I_RST_MODULE/GEN_RESET_FOR_S2MM.RESET_I/GEN_MIN_FOR_ASYNC.LITE_IDLE_CDC_I/syncstages_ff_reg[0]/D
 28  CDC-3  Info      1-bit synchronized with ASYNC_REG property      4  False Path  lesion_i/video/axi_vdma/U0/I_RST_MODULE/GEN_RESET_FOR_S2MM.RESET_I/GEN_MIN_FOR_ASYNC.LITE_RESET_CDC_I/src_level_ff_reg/C                            lesion_i/video/axi_vdma/U0/I_RST_MODULE/GEN_RESET_FOR_S2MM.RESET_I/GEN_MIN_FOR_ASYNC.LITE_RESET_CDC_I/xpm_cdc_single_inst/syncstages_ff_reg[0]/D

Source Clock: clk_fpga_2
Destination Clock: clk_fpga_0
CDC Type: No Common Primary Clock

Row  ID     Severity  Description                                 Depth  Exception   Source (From)                                                              Destination (To)
---  -----  --------  ------------------------------------------  -----  ----------  -------------------------------------------------------------------------  ----------------------------------------------------------------------------------------------------------------
  1  CDC-3  Info      1-bit synchronized with ASYNC_REG property      4  False Path  lesion_i/video/hdmi_in/frontend/dvi2rgb_0/U0/TMDS_ClockingX/aLocked_reg/C  lesion_i/video/hdmi_in/frontend/axi_gpio_hdmiin/U0/gpio_core_1/Dual.INPUT_DOUBLE_REGS5/syncstages_ff_reg[0][0]/D

Source Clock: hdmi_in_PixelClk
Destination Clock: clk_fpga_0
CDC Type: No Common Primary Clock

Row  ID     Severity  Description                                     Depth  Exception                Source (From)                                                                                                      Destination (To)
---  -----  --------  ----------------------------------------------  -----  -----------------------  -----------------------------------------------------------------------------------------------------------------  --------------------------------------------------------------------------------------------------------------------------
  1  CDC-3  Info      1-bit synchronized with ASYNC_REG property          2  False Path               lesion_wrapper/lesion/video_imp_15QDWM9/hdmi_in_imp_WH11TZ/frontend_imp_1R3YJ4E/lesion_vtc_in_0/<hidden>/<hidden>  lesion_i/system_interrupts/U0/INTC_CORE_I/INTR_DETECT_GEN[3].ASYNC_GEN.intr_ff_reg[0]/D
  2  CDC-6  Warning   Multi-bit synchronized with ASYNC_REG property      3  Max Delay Datapath Only  lesion_i/video/hdmi_in/frontend/vtc_in/U0/U_VIDEO_CTRL/AXI4_LITE_INTERFACE.ipif_RdData_reg[31:0]/C                 lesion_i/video/hdmi_in/frontend/vtc_in/U0/U_VIDEO_CTRL/AXI4_LITE_INTERFACE.SYNC2PROCCLK_I/data_sync_reg[0][31:0]/D
  3  CDC-3  Info      1-bit synchronized with ASYNC_REG property          3  Max Delay Datapath Only  lesion_wrapper/lesion/video_imp_15QDWM9/hdmi_in_imp_WH11TZ/frontend_imp_1R3YJ4E/lesion_vtc_in_0/<hidden>/<hidden>  lesion_wrapper/lesion/video_imp_15QDWM9/hdmi_in_imp_WH11TZ/frontend_imp_1R3YJ4E/lesion_vtc_in_0/<hidden>/<hidden>/<hidden>
  4  CDC-3  Info      1-bit synchronized with ASYNC_REG property          3  Max Delay Datapath Only  lesion_wrapper/lesion/video_imp_15QDWM9/hdmi_in_imp_WH11TZ/frontend_imp_1R3YJ4E/lesion_vtc_in_0/<hidden>/<hidden>  lesion_wrapper/lesion/video_imp_15QDWM9/hdmi_in_imp_WH11TZ/frontend_imp_1R3YJ4E/lesion_vtc_in_0/<hidden>/<hidden>/<hidden>

Source Clock: axi_dynclk_0_PXL_CLK_O
Destination Clock: clk_fpga_1
CDC Type: No Common Primary Clock

Row  ID     Severity  Description                                 Depth  Exception   Source (From)                                                                                                                                                                                                  Destination (To)
---  -----  --------  ------------------------------------------  -----  ----------  -------------------------------------------------------------------------------------------------------------------------------------------------------------------------------------------------------------  ----------------------------------------------------------------------------------------------------------------------------------------------------------------------------------------------------------------------------
  1  CDC-3  Info      1-bit synchronized with ASYNC_REG property      4  False Path  lesion_i/video/hdmi_out/frontend/v_axi4s_vid_out_0/inst/SYNC_INST/locked_reg/C                                                                                                                                 lesion_i/video/hdmi_out/frontend/v_axi4s_vid_out_0/inst/CDC_SINGLE_LOCKED_INST/xpm_cdc_single_inst/syncstages_ff_reg[0]/D
  2  CDC-3  Info      1-bit synchronized with ASYNC_REG property      4  False Path  lesion_i/video/hdmi_out/frontend/v_axi4s_vid_out_0/inst/COUPLER_INST/generate_async_fifo.FIFO_INST/XPM_FIFO_ASYNC_INST/gnuram_async_fifo.xpm_fifo_base_inst/xpm_fifo_rst_inst/gen_rst_ic.fifo_rd_rst_ic_reg/C  lesion_i/video/hdmi_out/frontend/v_axi4s_vid_out_0/inst/COUPLER_INST/generate_async_fifo.FIFO_INST/XPM_FIFO_ASYNC_INST/gnuram_async_fifo.xpm_fifo_base_inst/xpm_fifo_rst_inst/gen_rst_ic.rrst_wr_inst/syncstages_ff_reg[0]/D

Source Clock: clk_fpga_0
Destination Clock: clk_fpga_1
CDC Type: No Common Primary Clock

Row  ID     Severity  Description                                 Depth  Exception   Source (From)                                                                                                                                                        Destination (To)
---  -----  --------  ------------------------------------------  -----  ----------  -------------------------------------------------------------------------------------------------------------------------------------------------------------------  -------------------------------------------------------------------------------------------------------------------------------------------------------------------------------------------
  1  CDC-3  Info      1-bit synchronized with ASYNC_REG property      3  False Path  lesion_i/video/axi_interconnect_0/m01_couplers/auto_cc/inst/gen_clock_conv.gen_async_lite_conv.clock_conv_lite_fwd_ar/handshake/src_sendd_ff_reg/C                   lesion_i/video/axi_interconnect_0/m01_couplers/auto_cc/inst/gen_clock_conv.gen_async_lite_conv.clock_conv_lite_fwd_ar/handshake/xpm_cdc_single_src2dest_inst/syncstages_ff_reg[0]/D
  2  CDC-3  Info      1-bit synchronized with ASYNC_REG property      3  False Path  lesion_i/video/axi_interconnect_0/m01_couplers/auto_cc/inst/gen_clock_conv.gen_async_lite_conv.clock_conv_lite_fwd_aw/handshake/src_sendd_ff_reg/C                   lesion_i/video/axi_interconnect_0/m01_couplers/auto_cc/inst/gen_clock_conv.gen_async_lite_conv.clock_conv_lite_fwd_aw/handshake/xpm_cdc_single_src2dest_inst/syncstages_ff_reg[0]/D
  3  CDC-3  Info      1-bit synchronized with ASYNC_REG property      3  False Path  lesion_i/video/axi_interconnect_0/m01_couplers/auto_cc/inst/gen_clock_conv.gen_async_lite_conv.clock_conv_lite_fwd_w/handshake/src_sendd_ff_reg/C                    lesion_i/video/axi_interconnect_0/m01_couplers/auto_cc/inst/gen_clock_conv.gen_async_lite_conv.clock_conv_lite_fwd_w/handshake/xpm_cdc_single_src2dest_inst/syncstages_ff_reg[0]/D
  4  CDC-3  Info      1-bit synchronized with ASYNC_REG property      3  False Path  lesion_i/video/axi_interconnect_0/m01_couplers/auto_cc/inst/gen_clock_conv.gen_async_lite_conv.clock_conv_lite_resp_b/dest_ack_reg/C                                 lesion_i/video/axi_interconnect_0/m01_couplers/auto_cc/inst/gen_clock_conv.gen_async_lite_conv.clock_conv_lite_resp_b/handshake/xpm_cdc_single_dest2src_inst/syncstages_ff_reg[0]/D
  5  CDC-3  Info      1-bit synchronized with ASYNC_REG property      3  False Path  lesion_i/video/axi_interconnect_0/m01_couplers/auto_cc/inst/gen_clock_conv.gen_async_lite_conv.clock_conv_lite_resp_r/dest_ack_reg/C                                 lesion_i/video/axi_interconnect_0/m01_couplers/auto_cc/inst/gen_clock_conv.gen_async_lite_conv.clock_conv_lite_resp_r/handshake/xpm_cdc_single_dest2src_inst/syncstages_ff_reg[0]/D
  6  CDC-3  Info      1-bit synchronized with ASYNC_REG property      3  False Path  lesion_i/video/axi_interconnect_0/m02_couplers/auto_cc/inst/gen_clock_conv.gen_async_lite_conv.clock_conv_lite_fwd_ar/handshake/src_sendd_ff_reg/C                   lesion_i/video/axi_interconnect_0/m02_couplers/auto_cc/inst/gen_clock_conv.gen_async_lite_conv.clock_conv_lite_fwd_ar/handshake/xpm_cdc_single_src2dest_inst/syncstages_ff_reg[0]/D
  7  CDC-3  Info      1-bit synchronized with ASYNC_REG property      3  False Path  lesion_i/video/axi_interconnect_0/m02_couplers/auto_cc/inst/gen_clock_conv.gen_async_lite_conv.clock_conv_lite_fwd_aw/handshake/src_sendd_ff_reg/C                   lesion_i/video/axi_interconnect_0/m02_couplers/auto_cc/inst/gen_clock_conv.gen_async_lite_conv.clock_conv_lite_fwd_aw/handshake/xpm_cdc_single_src2dest_inst/syncstages_ff_reg[0]/D
  8  CDC-3  Info      1-bit synchronized with ASYNC_REG property      3  False Path  lesion_i/video/axi_interconnect_0/m02_couplers/auto_cc/inst/gen_clock_conv.gen_async_lite_conv.clock_conv_lite_fwd_w/handshake/src_sendd_ff_reg/C                    lesion_i/video/axi_interconnect_0/m02_couplers/auto_cc/inst/gen_clock_conv.gen_async_lite_conv.clock_conv_lite_fwd_w/handshake/xpm_cdc_single_src2dest_inst/syncstages_ff_reg[0]/D
  9  CDC-3  Info      1-bit synchronized with ASYNC_REG property      3  False Path  lesion_i/video/axi_interconnect_0/m02_couplers/auto_cc/inst/gen_clock_conv.gen_async_lite_conv.clock_conv_lite_resp_b/dest_ack_reg/C                                 lesion_i/video/axi_interconnect_0/m02_couplers/auto_cc/inst/gen_clock_conv.gen_async_lite_conv.clock_conv_lite_resp_b/handshake/xpm_cdc_single_dest2src_inst/syncstages_ff_reg[0]/D
 10  CDC-3  Info      1-bit synchronized with ASYNC_REG property      3  False Path  lesion_i/video/axi_interconnect_0/m02_couplers/auto_cc/inst/gen_clock_conv.gen_async_lite_conv.clock_conv_lite_resp_r/dest_ack_reg/C                                 lesion_i/video/axi_interconnect_0/m02_couplers/auto_cc/inst/gen_clock_conv.gen_async_lite_conv.clock_conv_lite_resp_r/handshake/xpm_cdc_single_dest2src_inst/syncstages_ff_reg[0]/D
 11  CDC-3  Info      1-bit synchronized with ASYNC_REG property      3  False Path  lesion_i/video/axi_interconnect_0/m06_couplers/auto_cc/inst/gen_clock_conv.gen_async_lite_conv.clock_conv_lite_fwd_ar/handshake/src_sendd_ff_reg/C                   lesion_i/video/axi_interconnect_0/m06_couplers/auto_cc/inst/gen_clock_conv.gen_async_lite_conv.clock_conv_lite_fwd_ar/handshake/xpm_cdc_single_src2dest_inst/syncstages_ff_reg[0]/D
 12  CDC-3  Info      1-bit synchronized with ASYNC_REG property      3  False Path  lesion_i/video/axi_interconnect_0/m06_couplers/auto_cc/inst/gen_clock_conv.gen_async_lite_conv.clock_conv_lite_fwd_aw/handshake/src_sendd_ff_reg/C                   lesion_i/video/axi_interconnect_0/m06_couplers/auto_cc/inst/gen_clock_conv.gen_async_lite_conv.clock_conv_lite_fwd_aw/handshake/xpm_cdc_single_src2dest_inst/syncstages_ff_reg[0]/D
 13  CDC-3  Info      1-bit synchronized with ASYNC_REG property      3  False Path  lesion_i/video/axi_interconnect_0/m06_couplers/auto_cc/inst/gen_clock_conv.gen_async_lite_conv.clock_conv_lite_fwd_w/handshake/src_sendd_ff_reg/C                    lesion_i/video/axi_interconnect_0/m06_couplers/auto_cc/inst/gen_clock_conv.gen_async_lite_conv.clock_conv_lite_fwd_w/handshake/xpm_cdc_single_src2dest_inst/syncstages_ff_reg[0]/D
 14  CDC-3  Info      1-bit synchronized with ASYNC_REG property      3  False Path  lesion_i/video/axi_interconnect_0/m06_couplers/auto_cc/inst/gen_clock_conv.gen_async_lite_conv.clock_conv_lite_resp_b/dest_ack_reg/C                                 lesion_i/video/axi_interconnect_0/m06_couplers/auto_cc/inst/gen_clock_conv.gen_async_lite_conv.clock_conv_lite_resp_b/handshake/xpm_cdc_single_dest2src_inst/syncstages_ff_reg[0]/D
 15  CDC-3  Info      1-bit synchronized with ASYNC_REG property      3  False Path  lesion_i/video/axi_interconnect_0/m06_couplers/auto_cc/inst/gen_clock_conv.gen_async_lite_conv.clock_conv_lite_resp_r/dest_ack_reg/C                                 lesion_i/video/axi_interconnect_0/m06_couplers/auto_cc/inst/gen_clock_conv.gen_async_lite_conv.clock_conv_lite_resp_r/handshake/xpm_cdc_single_dest2src_inst/syncstages_ff_reg[0]/D
 16  CDC-3  Info      1-bit synchronized with ASYNC_REG property      3  False Path  lesion_i/video/axi_interconnect_0/m07_couplers/auto_cc/inst/gen_clock_conv.gen_async_lite_conv.clock_conv_lite_fwd_ar/handshake/src_sendd_ff_reg/C                   lesion_i/video/axi_interconnect_0/m07_couplers/auto_cc/inst/gen_clock_conv.gen_async_lite_conv.clock_conv_lite_fwd_ar/handshake/xpm_cdc_single_src2dest_inst/syncstages_ff_reg[0]/D
 17  CDC-3  Info      1-bit synchronized with ASYNC_REG property      3  False Path  lesion_i/video/axi_interconnect_0/m07_couplers/auto_cc/inst/gen_clock_conv.gen_async_lite_conv.clock_conv_lite_fwd_aw/handshake/src_sendd_ff_reg/C                   lesion_i/video/axi_interconnect_0/m07_couplers/auto_cc/inst/gen_clock_conv.gen_async_lite_conv.clock_conv_lite_fwd_aw/handshake/xpm_cdc_single_src2dest_inst/syncstages_ff_reg[0]/D
 18  CDC-3  Info      1-bit synchronized with ASYNC_REG property      3  False Path  lesion_i/video/axi_interconnect_0/m07_couplers/auto_cc/inst/gen_clock_conv.gen_async_lite_conv.clock_conv_lite_fwd_w/handshake/src_sendd_ff_reg/C                    lesion_i/video/axi_interconnect_0/m07_couplers/auto_cc/inst/gen_clock_conv.gen_async_lite_conv.clock_conv_lite_fwd_w/handshake/xpm_cdc_single_src2dest_inst/syncstages_ff_reg[0]/D
 19  CDC-3  Info      1-bit synchronized with ASYNC_REG property      3  False Path  lesion_i/video/axi_interconnect_0/m07_couplers/auto_cc/inst/gen_clock_conv.gen_async_lite_conv.clock_conv_lite_resp_b/dest_ack_reg/C                                 lesion_i/video/axi_interconnect_0/m07_couplers/auto_cc/inst/gen_clock_conv.gen_async_lite_conv.clock_conv_lite_resp_b/handshake/xpm_cdc_single_dest2src_inst/syncstages_ff_reg[0]/D
 20  CDC-3  Info      1-bit synchronized with ASYNC_REG property      3  False Path  lesion_i/video/axi_interconnect_0/m07_couplers/auto_cc/inst/gen_clock_conv.gen_async_lite_conv.clock_conv_lite_resp_r/dest_ack_reg/C                                 lesion_i/video/axi_interconnect_0/m07_couplers/auto_cc/inst/gen_clock_conv.gen_async_lite_conv.clock_conv_lite_resp_r/handshake/xpm_cdc_single_dest2src_inst/syncstages_ff_reg[0]/D
 21  CDC-3  Info      1-bit synchronized with ASYNC_REG property      4  False Path  lesion_i/video/axi_vdma/U0/AXI_LITE_REG_INTERFACE_I/GEN_AXI_LITE_IF.AXI_LITE_IF_I/GEN_LITE_IS_ASYNC.GEN_ASYNC_LITE_ACCESS.LITE_WVALID_MM2S_CDC_I/src_level_ff_reg/C  lesion_i/video/axi_vdma/U0/AXI_LITE_REG_INTERFACE_I/GEN_AXI_LITE_IF.AXI_LITE_IF_I/GEN_LITE_IS_ASYNC.GEN_ASYNC_LITE_ACCESS.LITE_WVALID_MM2S_CDC_I/xpm_cdc_single_inst/syncstages_ff_reg[0]/D
 22  CDC-3  Info      1-bit synchronized with ASYNC_REG property      4  False Path  lesion_i/video/axi_vdma/U0/AXI_LITE_REG_INTERFACE_I/GEN_AXI_LITE_IF.AXI_LITE_IF_I/GEN_LITE_IS_ASYNC.GEN_ASYNC_LITE_ACCESS.LITE_WVALID_S2MM_CDC_I/src_level_ff_reg/C  lesion_i/video/axi_vdma/U0/AXI_LITE_REG_INTERFACE_I/GEN_AXI_LITE_IF.AXI_LITE_IF_I/GEN_LITE_IS_ASYNC.GEN_ASYNC_LITE_ACCESS.LITE_WVALID_S2MM_CDC_I/xpm_cdc_single_inst/syncstages_ff_reg[0]/D
 23  CDC-3  Info      1-bit synchronized with ASYNC_REG property      4  False Path  lesion_i/video/axi_vdma/U0/I_RST_MODULE/GEN_RESET_FOR_MM2S.RESET_I/GEN_MIN_FOR_ASYNC.LITE_MIN_CDC_I/src_ff_reg/C                                                     lesion_i/video/axi_vdma/U0/I_RST_MODULE/GEN_RESET_FOR_MM2S.RESET_I/GEN_MIN_FOR_ASYNC.LITE_MIN_CDC_I/syncstages_ff_reg[0]/D
 24  CDC-3  Info      1-bit synchronized with ASYNC_REG property      4  False Path  lesion_i/video/axi_vdma/U0/I_RST_MODULE/GEN_RESET_FOR_MM2S.RESET_I/GEN_RESET_FOR_ASYNC.HARD_RESET_CDC_I/src_ff_reg/C                                                 lesion_i/video/axi_vdma/U0/I_RST_MODULE/GEN_RESET_FOR_MM2S.RESET_I/GEN_RESET_FOR_ASYNC.HARD_RESET_CDC_I/syncstages_ff_reg[0]/D
 25  CDC-3  Info      1-bit synchronized with ASYNC_REG property      4  False Path  lesion_i/video/axi_vdma/U0/I_RST_MODULE/GEN_RESET_FOR_S2MM.RESET_I/GEN_MIN_FOR_ASYNC.LITE_MIN_CDC_I/src_ff_reg/C                                                     lesion_i/video/axi_vdma/U0/I_RST_MODULE/GEN_RESET_FOR_S2MM.RESET_I/GEN_MIN_FOR_ASYNC.LITE_MIN_CDC_I/syncstages_ff_reg[0]/D
 26  CDC-3  Info      1-bit synchronized with ASYNC_REG property      4  False Path  lesion_i/video/axi_vdma/U0/I_RST_MODULE/GEN_RESET_FOR_S2MM.RESET_I/GEN_RESET_FOR_ASYNC.HARD_RESET_CDC_I/src_ff_reg/C                                                 lesion_i/video/axi_vdma/U0/I_RST_MODULE/GEN_RESET_FOR_S2MM.RESET_I/GEN_RESET_FOR_ASYNC.HARD_RESET_CDC_I/syncstages_ff_reg[0]/D

Source Clock: hdmi_in_PixelClk
Destination Clock: clk_fpga_1
CDC Type: No Common Primary Clock

Row  ID     Severity  Description                                 Depth  Exception   Source (From)                                                                                                                                                                                                Destination (To)
---  -----  --------  ------------------------------------------  -----  ----------  -----------------------------------------------------------------------------------------------------------------------------------------------------------------------------------------------------------  --------------------------------------------------------------------------------------------------------------------------------------------------------------------------------------------------------------------------
  1  CDC-3  Info      1-bit synchronized with ASYNC_REG property      4  False Path  lesion_i/video/hdmi_in/frontend/v_vid_in_axi4s_0/inst/COUPLER_INST/generate_async_fifo.FIFO_INST/XPM_FIFO_ASYNC_INST/gnuram_async_fifo.xpm_fifo_base_inst/xpm_fifo_rst_inst/gen_rst_ic.fifo_wr_rst_ic_reg/C  lesion_i/video/hdmi_in/frontend/v_vid_in_axi4s_0/inst/COUPLER_INST/generate_async_fifo.FIFO_INST/XPM_FIFO_ASYNC_INST/gnuram_async_fifo.xpm_fifo_base_inst/xpm_fifo_rst_inst/gen_rst_ic.wrst_rd_inst/syncstages_ff_reg[0]/D

Source Clock: clk_fpga_0
Destination Clock: clk_fpga_2
CDC Type: No Common Primary Clock

Row  ID     Severity  Description                                              Depth  Exception   Source (From)                                             Destination (To)
---  -----  --------  -------------------------------------------------------  -----  ----------  --------------------------------------------------------  -----------------------------------------------------------------------------------------------------------
  1  CDC-9  Info      Asynchronous reset synchronized with ASYNC_REG property      2  False Path  lesion_i/reset0/U0/ACTIVE_LOW_PR_OUT_DFF[0].FDRE_PER_N/C  lesion_i/video/hdmi_in/frontend/dvi2rgb_0/U0/TMDS_ClockingX/LockLostReset/SyncAsyncx/oSyncStages_reg[0]/PRE

Source Clock: hdmi_in_PixelClk
Destination Clock: clk_fpga_2
CDC Type: No Common Primary Clock

Row  ID     Severity  Description                                 Depth  Exception   Source (From)                                                                                  Destination (To)
---  -----  --------  ------------------------------------------  -----  ----------  ---------------------------------------------------------------------------------------------  -----------------------------------------------------------------------------------------------------------------
  1  CDC-7  Critical  Asynchronous reset unknown CDC circuitry        0  False Path  lesion_i/video/hdmi_in/frontend/dvi2rgb_0/U0/LockLostReset/SyncAsyncx/oSyncStages_reg[1]/C     lesion_i/video/hdmi_in/frontend/dvi2rgb_0/U0/DataDecoders[0].DecoderX/SyncBaseOvf/iIn_q_reg/CLR
  2  CDC-7  Critical  Asynchronous reset unknown CDC circuitry        0  False Path  lesion_i/video/hdmi_in/frontend/dvi2rgb_0/U0/LockLostReset/SyncAsyncx/oSyncStages_reg[1]/C     lesion_i/video/hdmi_in/frontend/dvi2rgb_0/U0/DataDecoders[1].DecoderX/SyncBaseOvf/iIn_q_reg/CLR
  3  CDC-7  Critical  Asynchronous reset unknown CDC circuitry        0  False Path  lesion_i/video/hdmi_in/frontend/dvi2rgb_0/U0/LockLostReset/SyncAsyncx/oSyncStages_reg[1]/C     lesion_i/video/hdmi_in/frontend/dvi2rgb_0/U0/DataDecoders[2].DecoderX/SyncBaseOvf/iIn_q_reg/CLR
  4  CDC-3  Info      1-bit synchronized with ASYNC_REG property      2  False Path  lesion_i/video/hdmi_in/frontend/dvi2rgb_0/U0/DataDecoders[0].DecoderX/SyncBaseRst/iIn_q_reg/C  lesion_i/video/hdmi_in/frontend/dvi2rgb_0/U0/DataDecoders[0].DecoderX/SyncBaseRst/SyncAsyncx/oSyncStages_reg[0]/D
  5  CDC-3  Info      1-bit synchronized with ASYNC_REG property      2  False Path  lesion_i/video/hdmi_in/frontend/dvi2rgb_0/U0/DataDecoders[1].DecoderX/SyncBaseRst/iIn_q_reg/C  lesion_i/video/hdmi_in/frontend/dvi2rgb_0/U0/DataDecoders[1].DecoderX/SyncBaseRst/SyncAsyncx/oSyncStages_reg[0]/D
  6  CDC-3  Info      1-bit synchronized with ASYNC_REG property      2  False Path  lesion_i/video/hdmi_in/frontend/dvi2rgb_0/U0/DataDecoders[2].DecoderX/SyncBaseRst/iIn_q_reg/C  lesion_i/video/hdmi_in/frontend/dvi2rgb_0/U0/DataDecoders[2].DecoderX/SyncBaseRst/SyncAsyncx/oSyncStages_reg[0]/D

Source Clock: clk_fpga_0
Destination Clock: hdmi_in_PixelClk
CDC Type: No Common Primary Clock

Row  ID     Severity  Description                                 Depth  Exception                Source (From)                                                                                    Destination (To)
---  -----  --------  ------------------------------------------  -----  -----------------------  -----------------------------------------------------------------------------------------------  ---------------------------------------------------------------------------------------------------------------
  1  CDC-3  Info      1-bit synchronized with ASYNC_REG property      3  Max Delay Datapath Only  lesion_i/video/hdmi_in/frontend/vtc_in/U0/U_VIDEO_CTRL/AXI4_LITE_INTERFACE.proc_sync1_reg[0]/C   lesion_i/video/hdmi_in/frontend/vtc_in/U0/U_VIDEO_CTRL/AXI4_LITE_INTERFACE.SYNC2VIDCLK_I/data_sync_reg[0][0]/D
  2  CDC-3  Info      1-bit synchronized with ASYNC_REG property      3  Max Delay Datapath Only  lesion_i/video/hdmi_in/frontend/vtc_in/U0/U_VIDEO_CTRL/AXI4_LITE_INTERFACE.proc_sync1_reg[1]/C   lesion_i/video/hdmi_in/frontend/vtc_in/U0/U_VIDEO_CTRL/AXI4_LITE_INTERFACE.SYNC2VIDCLK_I/data_sync_reg[0][1]/D
  3  CDC-3  Info      1-bit synchronized with ASYNC_REG property      3  Max Delay Datapath Only  lesion_i/video/hdmi_in/frontend/vtc_in/U0/U_VIDEO_CTRL/AXI4_LITE_INTERFACE.proc_sync1_reg[2]/C   lesion_i/video/hdmi_in/frontend/vtc_in/U0/U_VIDEO_CTRL/AXI4_LITE_INTERFACE.SYNC2VIDCLK_I/data_sync_reg[0][2]/D
  4  CDC-3  Info      1-bit synchronized with ASYNC_REG property      3  Max Delay Datapath Only  lesion_i/video/hdmi_in/frontend/vtc_in/U0/U_VIDEO_CTRL/AXI4_LITE_INTERFACE.proc_sync1_reg[3]/C   lesion_i/video/hdmi_in/frontend/vtc_in/U0/U_VIDEO_CTRL/AXI4_LITE_INTERFACE.SYNC2VIDCLK_I/data_sync_reg[0][3]/D
  5  CDC-3  Info      1-bit synchronized with ASYNC_REG property      3  Max Delay Datapath Only  lesion_i/video/hdmi_in/frontend/vtc_in/U0/U_VIDEO_CTRL/AXI4_LITE_INTERFACE.proc_sync1_reg[4]/C   lesion_i/video/hdmi_in/frontend/vtc_in/U0/U_VIDEO_CTRL/AXI4_LITE_INTERFACE.SYNC2VIDCLK_I/data_sync_reg[0][4]/D
  6  CDC-3  Info      1-bit synchronized with ASYNC_REG property      3  Max Delay Datapath Only  lesion_i/video/hdmi_in/frontend/vtc_in/U0/U_VIDEO_CTRL/AXI4_LITE_INTERFACE.proc_sync1_reg[5]/C   lesion_i/video/hdmi_in/frontend/vtc_in/U0/U_VIDEO_CTRL/AXI4_LITE_INTERFACE.SYNC2VIDCLK_I/data_sync_reg[0][5]/D
  7  CDC-3  Info      1-bit synchronized with ASYNC_REG property      3  Max Delay Datapath Only  lesion_i/video/hdmi_in/frontend/vtc_in/U0/U_VIDEO_CTRL/AXI4_LITE_INTERFACE.proc_sync1_reg[6]/C   lesion_i/video/hdmi_in/frontend/vtc_in/U0/U_VIDEO_CTRL/AXI4_LITE_INTERFACE.SYNC2VIDCLK_I/data_sync_reg[0][6]/D
  8  CDC-3  Info      1-bit synchronized with ASYNC_REG property      3  Max Delay Datapath Only  lesion_i/video/hdmi_in/frontend/vtc_in/U0/U_VIDEO_CTRL/AXI4_LITE_INTERFACE.proc_sync1_reg[7]/C   lesion_i/video/hdmi_in/frontend/vtc_in/U0/U_VIDEO_CTRL/AXI4_LITE_INTERFACE.SYNC2VIDCLK_I/data_sync_reg[0][7]/D
  9  CDC-3  Info      1-bit synchronized with ASYNC_REG property      3  Max Delay Datapath Only  lesion_i/video/hdmi_in/frontend/vtc_in/U0/U_VIDEO_CTRL/AXI4_LITE_INTERFACE.proc_sync1_reg[8]/C   lesion_i/video/hdmi_in/frontend/vtc_in/U0/U_VIDEO_CTRL/AXI4_LITE_INTERFACE.SYNC2VIDCLK_I/data_sync_reg[0][8]/D
 10  CDC-3  Info      1-bit synchronized with ASYNC_REG property      3  Max Delay Datapath Only  lesion_i/video/hdmi_in/frontend/vtc_in/U0/U_VIDEO_CTRL/AXI4_LITE_INTERFACE.proc_sync1_reg[9]/C   lesion_i/video/hdmi_in/frontend/vtc_in/U0/U_VIDEO_CTRL/AXI4_LITE_INTERFACE.SYNC2VIDCLK_I/data_sync_reg[0][9]/D
 11  CDC-3  Info      1-bit synchronized with ASYNC_REG property      3  Max Delay Datapath Only  lesion_i/video/hdmi_in/frontend/vtc_in/U0/U_VIDEO_CTRL/AXI4_LITE_INTERFACE.proc_sync1_reg[10]/C  lesion_i/video/hdmi_in/frontend/vtc_in/U0/U_VIDEO_CTRL/AXI4_LITE_INTERFACE.SYNC2VIDCLK_I/data_sync_reg[0][10]/D
 12  CDC-3  Info      1-bit synchronized with ASYNC_REG property      3  Max Delay Datapath Only  lesion_i/video/hdmi_in/frontend/vtc_in/U0/U_VIDEO_CTRL/AXI4_LITE_INTERFACE.proc_sync1_reg[11]/C  lesion_i/video/hdmi_in/frontend/vtc_in/U0/U_VIDEO_CTRL/AXI4_LITE_INTERFACE.SYNC2VIDCLK_I/data_sync_reg[0][11]/D
 13  CDC-3  Info      1-bit synchronized with ASYNC_REG property      3  Max Delay Datapath Only  lesion_i/video/hdmi_in/frontend/vtc_in/U0/U_VIDEO_CTRL/AXI4_LITE_INTERFACE.proc_sync1_reg[12]/C  lesion_i/video/hdmi_in/frontend/vtc_in/U0/U_VIDEO_CTRL/AXI4_LITE_INTERFACE.SYNC2VIDCLK_I/data_sync_reg[0][12]/D
 14  CDC-3  Info      1-bit synchronized with ASYNC_REG property      3  Max Delay Datapath Only  lesion_i/video/hdmi_in/frontend/vtc_in/U0/U_VIDEO_CTRL/AXI4_LITE_INTERFACE.proc_sync1_reg[13]/C  lesion_i/video/hdmi_in/frontend/vtc_in/U0/U_VIDEO_CTRL/AXI4_LITE_INTERFACE.SYNC2VIDCLK_I/data_sync_reg[0][13]/D
 15  CDC-3  Info      1-bit synchronized with ASYNC_REG property      3  Max Delay Datapath Only  lesion_i/video/hdmi_in/frontend/vtc_in/U0/U_VIDEO_CTRL/AXI4_LITE_INTERFACE.proc_sync1_reg[14]/C  lesion_i/video/hdmi_in/frontend/vtc_in/U0/U_VIDEO_CTRL/AXI4_LITE_INTERFACE.SYNC2VIDCLK_I/data_sync_reg[0][14]/D
 16  CDC-3  Info      1-bit synchronized with ASYNC_REG property      3  Max Delay Datapath Only  lesion_i/video/hdmi_in/frontend/vtc_in/U0/U_VIDEO_CTRL/AXI4_LITE_INTERFACE.proc_sync1_reg[15]/C  lesion_i/video/hdmi_in/frontend/vtc_in/U0/U_VIDEO_CTRL/AXI4_LITE_INTERFACE.SYNC2VIDCLK_I/data_sync_reg[0][15]/D
 17  CDC-3  Info      1-bit synchronized with ASYNC_REG property      3  Max Delay Datapath Only  lesion_i/video/hdmi_in/frontend/vtc_in/U0/U_VIDEO_CTRL/AXI4_LITE_INTERFACE.proc_sync1_reg[16]/C  lesion_i/video/hdmi_in/frontend/vtc_in/U0/U_VIDEO_CTRL/AXI4_LITE_INTERFACE.SYNC2VIDCLK_I/data_sync_reg[0][16]/D
 18  CDC-3  Info      1-bit synchronized with ASYNC_REG property      3  Max Delay Datapath Only  lesion_i/video/hdmi_in/frontend/vtc_in/U0/U_VIDEO_CTRL/AXI4_LITE_INTERFACE.proc_sync1_reg[17]/C  lesion_i/video/hdmi_in/frontend/vtc_in/U0/U_VIDEO_CTRL/AXI4_LITE_INTERFACE.SYNC2VIDCLK_I/data_sync_reg[0][17]/D
 19  CDC-3  Info      1-bit synchronized with ASYNC_REG property      3  Max Delay Datapath Only  lesion_i/video/hdmi_in/frontend/vtc_in/U0/U_VIDEO_CTRL/AXI4_LITE_INTERFACE.proc_sync1_reg[18]/C  lesion_i/video/hdmi_in/frontend/vtc_in/U0/U_VIDEO_CTRL/AXI4_LITE_INTERFACE.SYNC2VIDCLK_I/data_sync_reg[0][18]/D
 20  CDC-3  Info      1-bit synchronized with ASYNC_REG property      3  Max Delay Datapath Only  lesion_i/video/hdmi_in/frontend/vtc_in/U0/U_VIDEO_CTRL/AXI4_LITE_INTERFACE.proc_sync1_reg[19]/C  lesion_i/video/hdmi_in/frontend/vtc_in/U0/U_VIDEO_CTRL/AXI4_LITE_INTERFACE.SYNC2VIDCLK_I/data_sync_reg[0][19]/D
 21  CDC-3  Info      1-bit synchronized with ASYNC_REG property      3  Max Delay Datapath Only  lesion_i/video/hdmi_in/frontend/vtc_in/U0/U_VIDEO_CTRL/AXI4_LITE_INTERFACE.proc_sync1_reg[20]/C  lesion_i/video/hdmi_in/frontend/vtc_in/U0/U_VIDEO_CTRL/AXI4_LITE_INTERFACE.SYNC2VIDCLK_I/data_sync_reg[0][20]/D
 22  CDC-3  Info      1-bit synchronized with ASYNC_REG property      3  Max Delay Datapath Only  lesion_i/video/hdmi_in/frontend/vtc_in/U0/U_VIDEO_CTRL/AXI4_LITE_INTERFACE.proc_sync1_reg[21]/C  lesion_i/video/hdmi_in/frontend/vtc_in/U0/U_VIDEO_CTRL/AXI4_LITE_INTERFACE.SYNC2VIDCLK_I/data_sync_reg[0][21]/D
 23  CDC-3  Info      1-bit synchronized with ASYNC_REG property      3  Max Delay Datapath Only  lesion_i/video/hdmi_in/frontend/vtc_in/U0/U_VIDEO_CTRL/AXI4_LITE_INTERFACE.proc_sync1_reg[22]/C  lesion_i/video/hdmi_in/frontend/vtc_in/U0/U_VIDEO_CTRL/AXI4_LITE_INTERFACE.SYNC2VIDCLK_I/data_sync_reg[0][22]/D
 24  CDC-3  Info      1-bit synchronized with ASYNC_REG property      3  Max Delay Datapath Only  lesion_i/video/hdmi_in/frontend/vtc_in/U0/U_VIDEO_CTRL/AXI4_LITE_INTERFACE.proc_sync1_reg[23]/C  lesion_i/video/hdmi_in/frontend/vtc_in/U0/U_VIDEO_CTRL/AXI4_LITE_INTERFACE.SYNC2VIDCLK_I/data_sync_reg[0][23]/D
 25  CDC-3  Info      1-bit synchronized with ASYNC_REG property      3  Max Delay Datapath Only  lesion_i/video/hdmi_in/frontend/vtc_in/U0/U_VIDEO_CTRL/AXI4_LITE_INTERFACE.proc_sync1_reg[24]/C  lesion_i/video/hdmi_in/frontend/vtc_in/U0/U_VIDEO_CTRL/AXI4_LITE_INTERFACE.SYNC2VIDCLK_I/data_sync_reg[0][24]/D
 26  CDC-3  Info      1-bit synchronized with ASYNC_REG property      3  Max Delay Datapath Only  lesion_i/video/hdmi_in/frontend/vtc_in/U0/U_VIDEO_CTRL/AXI4_LITE_INTERFACE.proc_sync1_reg[25]/C  lesion_i/video/hdmi_in/frontend/vtc_in/U0/U_VIDEO_CTRL/AXI4_LITE_INTERFACE.SYNC2VIDCLK_I/data_sync_reg[0][25]/D
 27  CDC-3  Info      1-bit synchronized with ASYNC_REG property      3  Max Delay Datapath Only  lesion_i/video/hdmi_in/frontend/vtc_in/U0/U_VIDEO_CTRL/AXI4_LITE_INTERFACE.proc_sync1_reg[26]/C  lesion_i/video/hdmi_in/frontend/vtc_in/U0/U_VIDEO_CTRL/AXI4_LITE_INTERFACE.SYNC2VIDCLK_I/data_sync_reg[0][26]/D
 28  CDC-3  Info      1-bit synchronized with ASYNC_REG property      3  Max Delay Datapath Only  lesion_i/video/hdmi_in/frontend/vtc_in/U0/U_VIDEO_CTRL/AXI4_LITE_INTERFACE.proc_sync1_reg[27]/C  lesion_i/video/hdmi_in/frontend/vtc_in/U0/U_VIDEO_CTRL/AXI4_LITE_INTERFACE.SYNC2VIDCLK_I/data_sync_reg[0][27]/D
 29  CDC-3  Info      1-bit synchronized with ASYNC_REG property      3  Max Delay Datapath Only  lesion_i/video/hdmi_in/frontend/vtc_in/U0/U_VIDEO_CTRL/AXI4_LITE_INTERFACE.proc_sync1_reg[28]/C  lesion_i/video/hdmi_in/frontend/vtc_in/U0/U_VIDEO_CTRL/AXI4_LITE_INTERFACE.SYNC2VIDCLK_I/data_sync_reg[0][28]/D
 30  CDC-3  Info      1-bit synchronized with ASYNC_REG property      3  Max Delay Datapath Only  lesion_i/video/hdmi_in/frontend/vtc_in/U0/U_VIDEO_CTRL/AXI4_LITE_INTERFACE.proc_sync1_reg[29]/C  lesion_i/video/hdmi_in/frontend/vtc_in/U0/U_VIDEO_CTRL/AXI4_LITE_INTERFACE.SYNC2VIDCLK_I/data_sync_reg[0][29]/D
 31  CDC-3  Info      1-bit synchronized with ASYNC_REG property      3  Max Delay Datapath Only  lesion_i/video/hdmi_in/frontend/vtc_in/U0/U_VIDEO_CTRL/AXI4_LITE_INTERFACE.proc_sync1_reg[30]/C  lesion_i/video/hdmi_in/frontend/vtc_in/U0/U_VIDEO_CTRL/AXI4_LITE_INTERFACE.SYNC2VIDCLK_I/data_sync_reg[0][30]/D
 32  CDC-3  Info      1-bit synchronized with ASYNC_REG property      3  Max Delay Datapath Only  lesion_i/video/hdmi_in/frontend/vtc_in/U0/U_VIDEO_CTRL/AXI4_LITE_INTERFACE.proc_sync1_reg[31]/C  lesion_i/video/hdmi_in/frontend/vtc_in/U0/U_VIDEO_CTRL/AXI4_LITE_INTERFACE.SYNC2VIDCLK_I/data_sync_reg[0][31]/D
 33  CDC-3  Info      1-bit synchronized with ASYNC_REG property      3  Max Delay Datapath Only  lesion_i/video/hdmi_in/frontend/vtc_in/U0/U_VIDEO_CTRL/AXI4_LITE_INTERFACE.proc_sync1_reg[34]/C  lesion_i/video/hdmi_in/frontend/vtc_in/U0/U_VIDEO_CTRL/AXI4_LITE_INTERFACE.SYNC2VIDCLK_I/data_sync_reg[0][34]/D
 34  CDC-3  Info      1-bit synchronized with ASYNC_REG property      3  Max Delay Datapath Only  lesion_i/video/hdmi_in/frontend/vtc_in/U0/U_VIDEO_CTRL/AXI4_LITE_INTERFACE.proc_sync1_reg[35]/C  lesion_i/video/hdmi_in/frontend/vtc_in/U0/U_VIDEO_CTRL/AXI4_LITE_INTERFACE.SYNC2VIDCLK_I/data_sync_reg[0][35]/D
 35  CDC-3  Info      1-bit synchronized with ASYNC_REG property      3  Max Delay Datapath Only  lesion_i/video/hdmi_in/frontend/vtc_in/U0/U_VIDEO_CTRL/AXI4_LITE_INTERFACE.proc_sync1_reg[36]/C  lesion_i/video/hdmi_in/frontend/vtc_in/U0/U_VIDEO_CTRL/AXI4_LITE_INTERFACE.SYNC2VIDCLK_I/data_sync_reg[0][36]/D
 36  CDC-3  Info      1-bit synchronized with ASYNC_REG property      3  Max Delay Datapath Only  lesion_i/video/hdmi_in/frontend/vtc_in/U0/U_VIDEO_CTRL/AXI4_LITE_INTERFACE.proc_sync1_reg[37]/C  lesion_i/video/hdmi_in/frontend/vtc_in/U0/U_VIDEO_CTRL/AXI4_LITE_INTERFACE.SYNC2VIDCLK_I/data_sync_reg[0][37]/D
 37  CDC-3  Info      1-bit synchronized with ASYNC_REG property      3  Max Delay Datapath Only  lesion_i/video/hdmi_in/frontend/vtc_in/U0/U_VIDEO_CTRL/AXI4_LITE_INTERFACE.proc_sync1_reg[38]/C  lesion_i/video/hdmi_in/frontend/vtc_in/U0/U_VIDEO_CTRL/AXI4_LITE_INTERFACE.SYNC2VIDCLK_I/data_sync_reg[0][38]/D
 38  CDC-3  Info      1-bit synchronized with ASYNC_REG property      3  Max Delay Datapath Only  lesion_i/video/hdmi_in/frontend/vtc_in/U0/U_VIDEO_CTRL/AXI4_LITE_INTERFACE.proc_sync1_reg[39]/C  lesion_i/video/hdmi_in/frontend/vtc_in/U0/U_VIDEO_CTRL/AXI4_LITE_INTERFACE.SYNC2VIDCLK_I/data_sync_reg[0][39]/D
 39  CDC-3  Info      1-bit synchronized with ASYNC_REG property      3  Max Delay Datapath Only  lesion_i/video/hdmi_in/frontend/vtc_in/U0/U_VIDEO_CTRL/AXI4_LITE_INTERFACE.proc_sync1_reg[41]/C  lesion_i/video/hdmi_in/frontend/vtc_in/U0/U_VIDEO_CTRL/AXI4_LITE_INTERFACE.SYNC2VIDCLK_I/data_sync_reg[0][41]/D
 40  CDC-3  Info      1-bit synchronized with ASYNC_REG property      3  Max Delay Datapath Only  lesion_i/video/hdmi_in/frontend/vtc_in/U0/U_VIDEO_CTRL/AXI4_LITE_INTERFACE.proc_sync1_reg[42]/C  lesion_i/video/hdmi_in/frontend/vtc_in/U0/U_VIDEO_CTRL/AXI4_LITE_INTERFACE.SYNC2VIDCLK_I/data_sync_reg[0][42]/D
 41  CDC-3  Info      1-bit synchronized with ASYNC_REG property      3  Max Delay Datapath Only  lesion_i/video/hdmi_in/frontend/vtc_in/U0/U_VIDEO_CTRL/AXI4_LITE_INTERFACE.proc_sync1_reg[43]/C  lesion_i/video/hdmi_in/frontend/vtc_in/U0/U_VIDEO_CTRL/AXI4_LITE_INTERFACE.SYNC2VIDCLK_I/data_sync_reg[0][43]/D
 42  CDC-3  Info      1-bit synchronized with ASYNC_REG property      3  Max Delay Datapath Only  lesion_i/video/hdmi_in/frontend/vtc_in/U0/U_VIDEO_CTRL/AXI4_LITE_INTERFACE.proc_sync1_reg[44]/C  lesion_i/video/hdmi_in/frontend/vtc_in/U0/U_VIDEO_CTRL/AXI4_LITE_INTERFACE.SYNC2VIDCLK_I/data_sync_reg[0][44]/D

Source Clock: clk_fpga_1
Destination Clock: hdmi_in_PixelClk
CDC Type: No Common Primary Clock

Row  ID     Severity  Description                                 Depth  Exception   Source (From)                                                                                                                                                                                                Destination (To)
---  -----  --------  ------------------------------------------  -----  ----------  -----------------------------------------------------------------------------------------------------------------------------------------------------------------------------------------------------------  --------------------------------------------------------------------------------------------------------------------------------------------------------------------------------------------------------------------------
  1  CDC-3  Info      1-bit synchronized with ASYNC_REG property      4  False Path  lesion_i/video/hdmi_in/frontend/v_vid_in_axi4s_0/inst/COUPLER_INST/generate_async_fifo.FIFO_INST/XPM_FIFO_ASYNC_INST/gnuram_async_fifo.xpm_fifo_base_inst/xpm_fifo_rst_inst/gen_rst_ic.fifo_rd_rst_ic_reg/C  lesion_i/video/hdmi_in/frontend/v_vid_in_axi4s_0/inst/COUPLER_INST/generate_async_fifo.FIFO_INST/XPM_FIFO_ASYNC_INST/gnuram_async_fifo.xpm_fifo_base_inst/xpm_fifo_rst_inst/gen_rst_ic.rrst_wr_inst/syncstages_ff_reg[0]/D

Source Clock: clk_fpga_2
Destination Clock: hdmi_in_PixelClk
CDC Type: No Common Primary Clock

Row  ID     Severity  Description                                              Depth  Exception   Source (From)                                                                                  Destination (To)
---  -----  --------  -------------------------------------------------------  -----  ----------  ---------------------------------------------------------------------------------------------  -----------------------------------------------------------------------------------------------------------------
  1  CDC-3  Info      1-bit synchronized with ASYNC_REG property                   2  False Path  lesion_i/video/hdmi_in/frontend/dvi2rgb_0/U0/DataDecoders[0].DecoderX/SyncBaseOvf/iIn_q_reg/C  lesion_i/video/hdmi_in/frontend/dvi2rgb_0/U0/DataDecoders[0].DecoderX/SyncBaseOvf/SyncAsyncx/oSyncStages_reg[0]/D
  2  CDC-3  Info      1-bit synchronized with ASYNC_REG property                   2  False Path  lesion_i/video/hdmi_in/frontend/dvi2rgb_0/U0/DataDecoders[1].DecoderX/SyncBaseOvf/iIn_q_reg/C  lesion_i/video/hdmi_in/frontend/dvi2rgb_0/U0/DataDecoders[1].DecoderX/SyncBaseOvf/SyncAsyncx/oSyncStages_reg[0]/D
  3  CDC-3  Info      1-bit synchronized with ASYNC_REG property                   2  False Path  lesion_i/video/hdmi_in/frontend/dvi2rgb_0/U0/DataDecoders[2].DecoderX/SyncBaseOvf/iIn_q_reg/C  lesion_i/video/hdmi_in/frontend/dvi2rgb_0/U0/DataDecoders[2].DecoderX/SyncBaseOvf/SyncAsyncx/oSyncStages_reg[0]/D
  4  CDC-9  Info      Asynchronous reset synchronized with ASYNC_REG property      2  False Path  lesion_i/video/hdmi_in/frontend/dvi2rgb_0/U0/TMDS_ClockingX/aLocked_reg/C                      lesion_i/video/hdmi_in/frontend/dvi2rgb_0/U0/LockLostReset/SyncAsyncx/oSyncStages_reg[0]/PRE
  5  CDC-3  Info      1-bit synchronized with ASYNC_REG property                   4  False Path  lesion_i/video/hdmi_in/frontend/dvi2rgb_0/U0/TMDS_ClockingX/aLocked_reg/C                      lesion_i/video/proc_sys_reset_pixelclk/U0/EXT_LPF/ACTIVE_LOW_AUX.ACT_LO_AUX/syncstages_ff_reg[0]/D

