================================================================
== Design Size Report
================================================================

* Total Instructions per Compilation Phase
+---------------+----------------------------+--------------+----------------------------------------------------------------------------------------+
| Phase         | Step                       | Instructions | Description                                                                            |
+---------------+----------------------------+--------------+----------------------------------------------------------------------------------------+
| Compile/Link  |                            | 1,178        | After all functions are compiled and linked into a single design                       |
|               |                            |              |                                                                                        |
| Unroll/Inline |                            |              | After user unroll and inline pragmas are applied                                       |
|               | (1) unroll                 | 1,814        | user unroll pragmas are applied                                                        |
|               | (2) simplification         | 1,341        | simplification of applied user unroll pragmas                                          |
|               | (3) inline                 | 1,361        | user inline pragmas are applied                                                        |
|               | (4) simplification         | 1,347        | simplification of applied user inline pragmas                                          |
|               |                            |              |                                                                                        |
| Array/Struct  |                            |              | After user array partition and struct aggregate/disaggregate pragmas are applied       |
|               | (1) array partition        | 6,277        | user array partition pragmas are applied                                               |
|               | (2) simplification         | 2,056        | simplification of applied user array partition & struct aggregate/disaggregate pragmas |
|               | (3) aggregate/disaggregate | 2,056        | user struct aggregate/disaggregate pragmas are applied                                 |
|               | (4) array reshape          | 2,056        | apply array reshape pragmas                                                            |
|               | (5) access patterns        | 2,074        | array access pattern optmizations                                                      |
|               |                            |              |                                                                                        |
| Performance   |                            |              | After transformations are applied to meet performance pragma targets                   |
|               | (1) loop simplification    | 2,066        | loop and instruction simplification                                                    |
|               | (2) parallelization        | 2,048        | loops are unrolled or pipelined to meet performance targets                            |
|               | (3) array partition        | 2,031        | arrays are partitioned to meet performance targets                                     |
|               | (4) simplification         | 2,031        | simplification of design after performance transformations                             |
|               |                            |              |                                                                                        |
| HW Transforms |                            |              | After hardware transfomations                                                          |
|               | (1) lowering               | 2,080        | initial conversion to HW specific instructions                                         |
|               | (2) optimizations          | 2,193        | high level synthesis optimizations                                                     |
+---------------+----------------------------+--------------+----------------------------------------------------------------------------------------+

* Instructions per Function for each Compilation Phase
+----------------+---------------------+--------------+---------------+--------------+-------------+---------------+
| Function       | Location            | Compile/Link | Unroll/Inline | Array/Struct | Performance | HW Transforms |
+----------------+---------------------+--------------+---------------+--------------+-------------+---------------+
| + lesion_accel | lesion_accel.cpp:79 | 1,178        | 1,347         | 2,074        | 2,031       | 2,193         |
|    rq          | lesion_accel.cpp:5  |   36         |   22          |   22         |   22        |   24          |
|  + convolution | lesion_accel.cpp:16 |  425         |  774          | 1,488        | 1,474       | 1,544         |
|     rq         | lesion_accel.cpp:5  |   36         |   22          |   22         |   22        |   24          |
+----------------+---------------------+--------------+---------------+--------------+-------------+---------------+

* Design Size Message Settings
+---------------------------------------------+--------+------------------------------------------------------------------+
| Message Setting                             | Value  | Description                                                      |
+---------------------------------------------+--------+------------------------------------------------------------------+
| config_compile -design_size_maximum_warning | 100000 | Show a warning when total design instructions exceeds this value |
+---------------------------------------------+--------+------------------------------------------------------------------+


