

================================================================
== Vitis HLS Report for 'lesion_accel_Pipeline_VITIS_LOOP_105_7_VITIS_LOOP_105_8_VITIS_LOOP_105_9'
================================================================
* Date:           Tue Sep 22 23:27:48 2026

* Version:        2025.2 (Build 6295257 on Nov 14 2025)
* Project:        lesion
* Solution:       solution1 (Vivado IP Flow Target)
* Product family: zynq
* Target device:  xc7z020-clg400-1


================================================================
== Performance Estimates
================================================================
+ Timing: 
    * Summary: 
    +--------+----------+-----------+------------+
    |  Clock |  Target  | Estimated | Uncertainty|
    +--------+----------+-----------+------------+
    |ap_clk  |  10.00 ns|  14.600 ns|     2.70 ns|
    +--------+----------+-----------+------------+

+ Latency: 
    * Summary: 
    +---------+---------+----------+----------+-----+-----+-------------------+
    |  Latency (cycles) |  Latency (absolute) |  Interval |      Pipeline     |
    |   min   |   max   |    min   |    max   | min | max |        Type       |
    +---------+---------+----------+----------+-----+-----+-------------------+
    |        ?|        ?|         ?|         ?|    0|    0|  loop pipeline stp|
    +---------+---------+----------+----------+-----+-----+-------------------+

    + Detail: 
        * Instance: 
        N/A

        * Loop: 
        +------------------------------------------------------+---------+---------+----------+-----------+-----------+------+----------+
        |                                                      |  Latency (cycles) | Iteration|  Initiation Interval  | Trip |          |
        |                       Loop Name                      |   min   |   max   |  Latency |  achieved |   target  | Count| Pipelined|
        +------------------------------------------------------+---------+---------+----------+-----------+-----------+------+----------+
        |- VITIS_LOOP_105_7_VITIS_LOOP_105_8_VITIS_LOOP_105_9  |        ?|        ?|        18|         14|          1|     ?|       yes|
        +------------------------------------------------------+---------+---------+----------+-----------+-----------+------+----------+



================================================================
== Utilization Estimates
================================================================
* Summary: 
+-----------------+---------+-----+--------+-------+-----+
|       Name      | BRAM_18K| DSP |   FF   |  LUT  | URAM|
+-----------------+---------+-----+--------+-------+-----+
|DSP              |        -|    -|       -|      -|    -|
|Expression       |        -|    -|       0|   1172|    -|
|FIFO             |        -|    -|       -|      -|    -|
|Instance         |        -|   11|     600|    300|    -|
|Memory           |        -|    -|       -|      -|    -|
|Multiplexer      |        -|    -|       0|    191|    -|
|Register         |        -|    -|    1146|      -|    -|
+-----------------+---------+-----+--------+-------+-----+
|Total            |        0|   11|    1746|   1663|    0|
+-----------------+---------+-----+--------+-------+-----+
|Available        |      280|  220|  106400|  53200|    0|
+-----------------+---------+-----+--------+-------+-----+
|Utilization (%)  |        0|    5|       1|      3|    0|
+-----------------+---------+-----+--------+-------+-----+

+ Detail: 
    * Instance: 
    +-------------------------+---------------------+---------+----+-----+-----+-----+
    |         Instance        |        Module       | BRAM_18K| DSP|  FF | LUT | URAM|
    +-------------------------+---------------------+---------+----+-----+-----+-----+
    |mul_31ns_32s_62_2_1_U61  |mul_31ns_32s_62_2_1  |        0|   4|  165|   50|    0|
    |mul_63s_32s_63_5_1_U63   |mul_63s_32s_63_5_1   |        0|   7|  435|  250|    0|
    +-------------------------+---------------------+---------+----+-----+-----+-----+
    |Total                    |                     |        0|  11|  600|  300|    0|
    +-------------------------+---------------------+---------+----+-----+-----+-----+

    * DSP: 
    N/A

    * Memory: 
    N/A

    * FIFO: 
    N/A

    * Expression: 
    +-----------------------------------------+----------+----+---+-----+------------+------------+
    |              Variable Name              | Operation| DSP| FF| LUT | Bitwidth P0| Bitwidth P1|
    +-----------------------------------------+----------+----+---+-----+------------+------------+
    |add_ln105_1_fu_444_p2                    |         +|   0|  0|   38|          31|           1|
    |add_ln105_2_fu_323_p2                    |         +|   0|  0|   38|          31|           1|
    |add_ln105_3_fu_351_p2                    |         +|   0|  0|   69|          62|           1|
    |add_ln105_4_fu_264_p2                    |         +|   0|  0|  100|          93|           1|
    |add_ln105_fu_276_p2                      |         +|   0|  0|   38|          31|           1|
    |add_ln107_1_fu_400_p2                    |         +|   0|  0|   70|          63|          63|
    |add_ln107_2_fu_433_p2                    |         +|   0|  0|   32|          32|          32|
    |add_ln107_3_fu_439_p2                    |         +|   0|  0|   32|          32|          32|
    |add_ln107_4_fu_458_p2                    |         +|   0|  0|   71|          64|          64|
    |add_ln107_5_fu_484_p2                    |         +|   0|  0|   64|          64|          64|
    |add_ln107_6_fu_470_p2                    |         +|   0|  0|   71|          64|          64|
    |add_ln107_7_fu_490_p2                    |         +|   0|  0|   64|          64|          64|
    |add_ln107_fu_391_p2                      |         +|   0|  0|   39|          32|          32|
    |ap_block_pp0_stage12_11001_grp2          |       and|   0|  0|    2|           1|           1|
    |ap_block_pp0_stage13_01001_grp3          |       and|   0|  0|    2|           1|           1|
    |ap_block_pp0_stage13_11001_grp3          |       and|   0|  0|    2|           1|           1|
    |ap_block_pp0_stage4_11001_grp4           |       and|   0|  0|    2|           1|           1|
    |ap_block_pp0_stage5_11001_grp1           |       and|   0|  0|    2|           1|           1|
    |ap_block_state13_io_grp2                 |       and|   0|  0|    2|           1|           1|
    |ap_block_state14_io_grp3                 |       and|   0|  0|    2|           1|           1|
    |ap_block_state14_pp0_stage13_iter0_grp3  |       and|   0|  0|    2|           1|           1|
    |ap_block_state6_io_grp1                  |       and|   0|  0|    2|           1|           1|
    |icmp_ln105_1_fu_282_p2                   |      icmp|   0|  0|   69|          62|          62|
    |icmp_ln105_2_fu_313_p2                   |      icmp|   0|  0|   38|          31|          31|
    |icmp_ln105_fu_259_p2                     |      icmp|   0|  0|  100|          93|          93|
    |or_ln105_fu_318_p2                       |        or|   0|  0|    2|           1|           1|
    |select_ln105_1_fu_406_p3                 |    select|   0|  0|   31|           1|           1|
    |select_ln105_3_fu_287_p3                 |    select|   0|  0|   31|           1|          31|
    |select_ln105_4_fu_329_p3                 |    select|   0|  0|   31|           1|          31|
    |select_ln105_5_fu_356_p3                 |    select|   0|  0|   62|           1|           1|
    |select_ln105_fu_306_p3                   |    select|   0|  0|   31|           1|           1|
    |x_4_mid2_fu_412_p3                       |    select|   0|  0|   31|           1|          31|
    |ap_enable_pp0                            |       xor|   0|  0|    2|           1|           2|
    +-----------------------------------------+----------+----+---+-----+------------+------------+
    |Total                                    |          |   0|  0| 1172|         866|         714|
    +-----------------------------------------+----------+----+---+-----+------------+------------+

    * Multiplexer: 
    +-----------------------------+----+-----------+-----+-----------+
    |             Name            | LUT| Input Size| Bits| Total Bits|
    +-----------------------------+----+-----------+-----+-----------+
    |ap_NS_fsm                    |  65|         15|    1|         15|
    |ap_done_int                  |   9|          2|    1|          2|
    |ap_enable_reg_pp0_iter0      |   9|          2|    1|          2|
    |ap_enable_reg_pp0_iter0_reg  |   9|          2|    1|          2|
    |ap_enable_reg_pp0_iter1      |   9|          2|    1|          2|
    |c_fu_108                     |   9|          2|   31|         62|
    |gmem_blk_n_AR                |   9|          2|    1|          2|
    |gmem_blk_n_AW                |   9|          2|    1|          2|
    |gmem_blk_n_B                 |   9|          2|    1|          2|
    |gmem_blk_n_R                 |   9|          2|    1|          2|
    |gmem_blk_n_W                 |   9|          2|    1|          2|
    |indvar_flatten110_fu_112     |   9|          2|   93|        186|
    |indvar_flatten97_fu_104      |   9|          2|   62|        124|
    |x_fu_96                      |   9|          2|   31|         62|
    |y_fu_100                     |   9|          2|   31|         62|
    +-----------------------------+----+-----------+-----+-----------+
    |Total                        | 191|         43|  258|        529|
    +-----------------------------+----+-----------+-----+-----------+

    * Register: 
    +-------------------------------------------+----+----+-----+-----------+
    |                    Name                   | FF | LUT| Bits| Const Bits|
    +-------------------------------------------+----+----+-----+-----------+
    |add_ln105_4_reg_586                        |  93|   0|   93|          0|
    |add_ln107_1_reg_649                        |  63|   0|   63|          0|
    |add_ln107_3_reg_659                        |  32|   0|   32|          0|
    |add_ln107_6_reg_670                        |  64|   0|   64|          0|
    |ap_CS_fsm                                  |  14|   0|   14|          0|
    |ap_block_pp0_stage4_subdone_grp0_done_reg  |   1|   0|    1|          0|
    |ap_block_pp0_stage5_subdone_grp0_done_reg  |   1|   0|    1|          0|
    |ap_done_reg                                |   1|   0|    1|          0|
    |ap_enable_reg_pp0_iter0_reg                |   1|   0|    1|          0|
    |ap_enable_reg_pp0_iter1                    |   1|   0|    1|          0|
    |c_fu_108                                   |  31|   0|   31|          0|
    |d_load_cast_reg_567                        |  31|   0|   32|          1|
    |gmem_addr_5_reg_680                        |  64|   0|   64|          0|
    |icmp_ln105_1_reg_596                       |   1|   0|    1|          0|
    |icmp_ln105_reg_582                         |   1|   0|    1|          0|
    |indvar_flatten110_fu_112                   |  93|   0|   93|          0|
    |indvar_flatten97_fu_104                    |  62|   0|   62|          0|
    |indvar_flatten97_load_reg_591              |  62|   0|   62|          0|
    |lshr_ln_reg_639                            |  30|   0|   30|          0|
    |mul_ln107_2_reg_675                        |  63|   0|   63|          0|
    |mul_ln107_reg_629                          |  62|   0|   62|          0|
    |or_ln105_reg_619                           |   1|   0|    1|          0|
    |select_ln105_3_reg_604                     |  31|   0|   31|          0|
    |select_ln105_4_reg_624                     |  31|   0|   31|          0|
    |sext_ln105_cast_reg_577                    |  62|   0|   62|          0|
    |sext_ln107_1_cast_reg_572                  |  63|   0|   63|          0|
    |trunc_ln107_reg_634                        |  32|   0|   32|          0|
    |x_4_mid2_reg_654                           |  31|   0|   31|          0|
    |x_fu_96                                    |  31|   0|   31|          0|
    |x_load_reg_614                             |  31|   0|   31|          0|
    |y_fu_100                                   |  31|   0|   31|          0|
    |zext_ln105_cast_reg_562                    |  31|   0|   64|         33|
    +-------------------------------------------+----+----+-----+-----------+
    |Total                                      |1146|   0| 1180|         34|
    +-------------------------------------------+----+----+-----+-----------+



================================================================
== Interface
================================================================
* Summary: 
+-----------------------+-----+-----+------------+--------------------------------------------------------------------------+--------------+
|       RTL Ports       | Dir | Bits|  Protocol  |                               Source Object                              |    C Type    |
+-----------------------+-----+-----+------------+--------------------------------------------------------------------------+--------------+
|ap_clk                 |   in|    1|  ap_ctrl_hs|  lesion_accel_Pipeline_VITIS_LOOP_105_7_VITIS_LOOP_105_8_VITIS_LOOP_105_9|  return value|
|ap_rst                 |   in|    1|  ap_ctrl_hs|  lesion_accel_Pipeline_VITIS_LOOP_105_7_VITIS_LOOP_105_8_VITIS_LOOP_105_9|  return value|
|ap_start               |   in|    1|  ap_ctrl_hs|  lesion_accel_Pipeline_VITIS_LOOP_105_7_VITIS_LOOP_105_8_VITIS_LOOP_105_9|  return value|
|ap_done                |  out|    1|  ap_ctrl_hs|  lesion_accel_Pipeline_VITIS_LOOP_105_7_VITIS_LOOP_105_8_VITIS_LOOP_105_9|  return value|
|ap_idle                |  out|    1|  ap_ctrl_hs|  lesion_accel_Pipeline_VITIS_LOOP_105_7_VITIS_LOOP_105_8_VITIS_LOOP_105_9|  return value|
|ap_ready               |  out|    1|  ap_ctrl_hs|  lesion_accel_Pipeline_VITIS_LOOP_105_7_VITIS_LOOP_105_8_VITIS_LOOP_105_9|  return value|
|grp_fu_747_p_din0      |  out|   32|  ap_ctrl_hs|  lesion_accel_Pipeline_VITIS_LOOP_105_7_VITIS_LOOP_105_8_VITIS_LOOP_105_9|  return value|
|grp_fu_747_p_din1      |  out|   32|  ap_ctrl_hs|  lesion_accel_Pipeline_VITIS_LOOP_105_7_VITIS_LOOP_105_8_VITIS_LOOP_105_9|  return value|
|grp_fu_747_p_dout0     |   in|   32|  ap_ctrl_hs|  lesion_accel_Pipeline_VITIS_LOOP_105_7_VITIS_LOOP_105_8_VITIS_LOOP_105_9|  return value|
|grp_fu_747_p_ce        |  out|    1|  ap_ctrl_hs|  lesion_accel_Pipeline_VITIS_LOOP_105_7_VITIS_LOOP_105_8_VITIS_LOOP_105_9|  return value|
|m_axi_gmem_0_AWVALID   |  out|    1|       m_axi|                                                                      gmem|       pointer|
|m_axi_gmem_0_AWREADY   |   in|    1|       m_axi|                                                                      gmem|       pointer|
|m_axi_gmem_0_AWADDR    |  out|   64|       m_axi|                                                                      gmem|       pointer|
|m_axi_gmem_0_AWID      |  out|    1|       m_axi|                                                                      gmem|       pointer|
|m_axi_gmem_0_AWLEN     |  out|   32|       m_axi|                                                                      gmem|       pointer|
|m_axi_gmem_0_AWSIZE    |  out|    3|       m_axi|                                                                      gmem|       pointer|
|m_axi_gmem_0_AWBURST   |  out|    2|       m_axi|                                                                      gmem|       pointer|
|m_axi_gmem_0_AWLOCK    |  out|    2|       m_axi|                                                                      gmem|       pointer|
|m_axi_gmem_0_AWCACHE   |  out|    4|       m_axi|                                                                      gmem|       pointer|
|m_axi_gmem_0_AWPROT    |  out|    3|       m_axi|                                                                      gmem|       pointer|
|m_axi_gmem_0_AWQOS     |  out|    4|       m_axi|                                                                      gmem|       pointer|
|m_axi_gmem_0_AWREGION  |  out|    4|       m_axi|                                                                      gmem|       pointer|
|m_axi_gmem_0_AWUSER    |  out|    1|       m_axi|                                                                      gmem|       pointer|
|m_axi_gmem_0_WVALID    |  out|    1|       m_axi|                                                                      gmem|       pointer|
|m_axi_gmem_0_WREADY    |   in|    1|       m_axi|                                                                      gmem|       pointer|
|m_axi_gmem_0_WDATA     |  out|    8|       m_axi|                                                                      gmem|       pointer|
|m_axi_gmem_0_WSTRB     |  out|    1|       m_axi|                                                                      gmem|       pointer|
|m_axi_gmem_0_WLAST     |  out|    1|       m_axi|                                                                      gmem|       pointer|
|m_axi_gmem_0_WID       |  out|    1|       m_axi|                                                                      gmem|       pointer|
|m_axi_gmem_0_WUSER     |  out|    1|       m_axi|                                                                      gmem|       pointer|
|m_axi_gmem_0_ARVALID   |  out|    1|       m_axi|                                                                      gmem|       pointer|
|m_axi_gmem_0_ARREADY   |   in|    1|       m_axi|                                                                      gmem|       pointer|
|m_axi_gmem_0_ARADDR    |  out|   64|       m_axi|                                                                      gmem|       pointer|
|m_axi_gmem_0_ARID      |  out|    1|       m_axi|                                                                      gmem|       pointer|
|m_axi_gmem_0_ARLEN     |  out|   32|       m_axi|                                                                      gmem|       pointer|
|m_axi_gmem_0_ARSIZE    |  out|    3|       m_axi|                                                                      gmem|       pointer|
|m_axi_gmem_0_ARBURST   |  out|    2|       m_axi|                                                                      gmem|       pointer|
|m_axi_gmem_0_ARLOCK    |  out|    2|       m_axi|                                                                      gmem|       pointer|
|m_axi_gmem_0_ARCACHE   |  out|    4|       m_axi|                                                                      gmem|       pointer|
|m_axi_gmem_0_ARPROT    |  out|    3|       m_axi|                                                                      gmem|       pointer|
|m_axi_gmem_0_ARQOS     |  out|    4|       m_axi|                                                                      gmem|       pointer|
|m_axi_gmem_0_ARREGION  |  out|    4|       m_axi|                                                                      gmem|       pointer|
|m_axi_gmem_0_ARUSER    |  out|    1|       m_axi|                                                                      gmem|       pointer|
|m_axi_gmem_0_RVALID    |   in|    1|       m_axi|                                                                      gmem|       pointer|
|m_axi_gmem_0_RREADY    |  out|    1|       m_axi|                                                                      gmem|       pointer|
|m_axi_gmem_0_RDATA     |   in|    8|       m_axi|                                                                      gmem|       pointer|
|m_axi_gmem_0_RLAST     |   in|    1|       m_axi|                                                                      gmem|       pointer|
|m_axi_gmem_0_RID       |   in|    1|       m_axi|                                                                      gmem|       pointer|
|m_axi_gmem_0_RFIFONUM  |   in|   13|       m_axi|                                                                      gmem|       pointer|
|m_axi_gmem_0_RUSER     |   in|    1|       m_axi|                                                                      gmem|       pointer|
|m_axi_gmem_0_RRESP     |   in|    2|       m_axi|                                                                      gmem|       pointer|
|m_axi_gmem_0_BVALID    |   in|    1|       m_axi|                                                                      gmem|       pointer|
|m_axi_gmem_0_BREADY    |  out|    1|       m_axi|                                                                      gmem|       pointer|
|m_axi_gmem_0_BRESP     |   in|    2|       m_axi|                                                                      gmem|       pointer|
|m_axi_gmem_0_BID       |   in|    1|       m_axi|                                                                      gmem|       pointer|
|m_axi_gmem_0_BUSER     |   in|    1|       m_axi|                                                                      gmem|       pointer|
|mul_ln105_1            |   in|   93|     ap_none|                                                               mul_ln105_1|        scalar|
|mul_ln105              |   in|   62|     ap_none|                                                                 mul_ln105|        scalar|
|select_ln105_2         |   in|   31|     ap_none|                                                            select_ln105_2|        scalar|
|sext_ln105             |   in|   32|     ap_none|                                                                sext_ln105|        scalar|
|w                      |   in|   32|     ap_none|                                                                         w|        scalar|
|sext_ln107_1           |   in|   32|     ap_none|                                                              sext_ln107_1|        scalar|
|d_load                 |   in|   31|     ap_none|                                                                    d_load|        scalar|
|arena                  |   in|   64|     ap_none|                                                                     arena|        scalar|
|zext_ln105             |   in|   31|     ap_none|                                                                zext_ln105|        scalar|
+-----------------------+-----+-----+------------+--------------------------------------------------------------------------+--------------+

