

================================================================
== Vitis HLS Report for 'lesion_accel_Pipeline_VITIS_LOOP_117_12'
================================================================
* Date:           Tue Sep 22 23:27:48 2026

* Version:        2025.2 (Build 6295257 on Nov 14 2025)
* Project:        lesion
* Solution:       solution1 (Vivado IP Flow Target)
* Product family: zynq
* Target device:  xc7z020-clg400-1


================================================================
== Performance Estimates
================================================================
+ Timing: 
    * Summary: 
    +--------+----------+-----------+------------+
    |  Clock |  Target  | Estimated | Uncertainty|
    +--------+----------+-----------+------------+
    |ap_clk  |  10.00 ns|  17.152 ns|     2.70 ns|
    +--------+----------+-----------+------------+

+ Latency: 
    * Summary: 
    +---------+---------+----------+----------+-----+-----+-------------------+
    |  Latency (cycles) |  Latency (absolute) |  Interval |      Pipeline     |
    |   min   |   max   |    min   |    max   | min | max |        Type       |
    +---------+---------+----------+----------+-----+-----+-------------------+
    |        ?|        ?|         ?|         ?|    0|    0|  loop pipeline stp|
    +---------+---------+----------+----------+-----+-----+-------------------+

    + Detail: 
        * Instance: 
        N/A

        * Loop: 
        +---------------------+---------+---------+----------+-----------+-----------+------+----------+
        |                     |  Latency (cycles) | Iteration|  Initiation Interval  | Trip |          |
        |      Loop Name      |   min   |   max   |  Latency |  achieved |   target  | Count| Pipelined|
        +---------------------+---------+---------+----------+-----------+-----------+------+----------+
        |- VITIS_LOOP_117_12  |        ?|        ?|        23|         22|          1|     ?|       yes|
        +---------------------+---------+---------+----------+-----------+-----------+------+----------+



================================================================
== Utilization Estimates
================================================================
* Summary: 
+-----------------+---------+-----+--------+-------+-----+
|       Name      | BRAM_18K| DSP |   FF   |  LUT  | URAM|
+-----------------+---------+-----+--------+-------+-----+
|DSP              |        -|    -|       -|      -|    -|
|Expression       |        -|    -|       0|    549|    -|
|FIFO             |        -|    -|       -|      -|    -|
|Instance         |        -|    -|       -|      -|    -|
|Memory           |        -|    -|       -|      -|    -|
|Multiplexer      |        -|    -|       0|    235|    -|
|Register         |        -|    -|     249|      -|    -|
+-----------------+---------+-----+--------+-------+-----+
|Total            |        0|    0|     249|    784|    0|
+-----------------+---------+-----+--------+-------+-----+
|Available        |      280|  220|  106400|  53200|    0|
+-----------------+---------+-----+--------+-------+-----+
|Utilization (%)  |        0|    0|      ~0|      1|    0|
+-----------------+---------+-----+--------+-------+-----+

+ Detail: 
    * Instance: 
    N/A

    * DSP: 
    N/A

    * Memory: 
    N/A

    * FIFO: 
    N/A

    * Expression: 
    +-----------------------------------------+----------+----+---+----+------------+------------+
    |              Variable Name              | Operation| DSP| FF| LUT| Bitwidth P0| Bitwidth P1|
    +-----------------------------------------+----------+----+---+----+------------+------------+
    |add_ln117_fu_185_p2                      |         +|   0|  0|  38|          31|           1|
    |add_ln119_1_fu_201_p2                    |         +|   0|  0|  64|          64|          64|
    |add_ln119_2_fu_245_p2                    |         +|   0|  0|  64|          64|          64|
    |add_ln119_3_fu_249_p2                    |         +|   0|  0|  64|          64|          64|
    |add_ln119_4_fu_213_p2                    |         +|   0|  0|  64|          64|          64|
    |add_ln119_5_fu_219_p2                    |         +|   0|  0|  64|          64|          64|
    |add_ln119_fu_195_p2                      |         +|   0|  0|  64|          64|          64|
    |ap_block_pp0_stage0_11001                |       and|   0|  0|   2|           1|           1|
    |ap_block_pp0_stage16_11001_grp3          |       and|   0|  0|   2|           1|           1|
    |ap_block_pp0_stage17_01001_grp4          |       and|   0|  0|   2|           1|           1|
    |ap_block_pp0_stage17_11001_grp4          |       and|   0|  0|   2|           1|           1|
    |ap_block_pp0_stage1_11001_grp1           |       and|   0|  0|   2|           1|           1|
    |ap_block_pp0_stage9_11001_grp2           |       and|   0|  0|   2|           1|           1|
    |ap_block_state10_io_grp2                 |       and|   0|  0|   2|           1|           1|
    |ap_block_state10_pp0_stage9_iter0_grp2   |       and|   0|  0|   2|           1|           1|
    |ap_block_state17_io_grp3                 |       and|   0|  0|   2|           1|           1|
    |ap_block_state18_io_grp4                 |       and|   0|  0|   2|           1|           1|
    |ap_block_state18_pp0_stage17_iter0_grp4  |       and|   0|  0|   2|           1|           1|
    |ap_block_state2_io_grp1                  |       and|   0|  0|   2|           1|           1|
    |ap_condition_529                         |       and|   0|  0|   2|           1|           1|
    |ap_condition_533                         |       and|   0|  0|   2|           1|           1|
    |ap_predicate_op70_readreq_state10        |       and|   0|  0|   2|           1|           1|
    |ap_predicate_op80_read_state18           |       and|   0|  0|   2|           1|           1|
    |icmp_ln117_fu_179_p2                     |      icmp|   0|  0|  39|          32|          32|
    |icmp_ln119_1_fu_261_p2                   |      icmp|   0|  0|  15|           8|           1|
    |icmp_ln119_fu_240_p2                     |      icmp|   0|  0|  39|          32|          32|
    |ap_enable_pp0                            |       xor|   0|  0|   2|           1|           2|
    +-----------------------------------------+----------+----+---+----+------------+------------+
    |Total                                    |          |   0|  0| 549|         504|         468|
    +-----------------------------------------+----------+----+---+----+------------+------------+

    * Multiplexer: 
    +--------------------------------+-----+-----------+-----+-----------+
    |              Name              | LUT | Input Size| Bits| Total Bits|
    +--------------------------------+-----+-----------+-----+-----------+
    |ap_NS_fsm                       |  113|         23|    1|         23|
    |ap_done_int                     |    9|          2|    1|          2|
    |ap_enable_reg_pp0_iter0         |    9|          2|    1|          2|
    |ap_enable_reg_pp0_iter0_reg     |    9|          2|    1|          2|
    |ap_enable_reg_pp0_iter1         |    9|          2|    1|          2|
    |ap_phi_mux_empty_phi_fu_148_p4  |    9|          2|    1|          2|
    |ap_sig_allocacmp_i              |    9|          2|   31|         62|
    |gmem_blk_n_AR                   |    9|          2|    1|          2|
    |gmem_blk_n_AW                   |    9|          2|    1|          2|
    |gmem_blk_n_B                    |    9|          2|    1|          2|
    |gmem_blk_n_R                    |    9|          2|    1|          2|
    |gmem_blk_n_W                    |    9|          2|    1|          2|
    |i_1_fu_72                       |    9|          2|   31|         62|
    |m_axi_gmem_0_ARADDR             |   14|          3|   64|        192|
    +--------------------------------+-----+-----------+-----+-----------+
    |Total                           |  235|         50|  137|        359|
    +--------------------------------+-----+-----------+-----+-----------+

    * Register: 
    +-------------------------------------------+----+----+-----+-----------+
    |                    Name                   | FF | LUT| Bits| Const Bits|
    +-------------------------------------------+----+----+-----+-----------+
    |ap_CS_fsm                                  |  22|   0|   22|          0|
    |ap_block_pp0_stage0_subdone_grp0_done_reg  |   1|   0|    1|          0|
    |ap_done_reg                                |   1|   0|    1|          0|
    |ap_enable_reg_pp0_iter0_reg                |   1|   0|    1|          0|
    |ap_enable_reg_pp0_iter1                    |   1|   0|    1|          0|
    |gmem_addr_3_reg_310                        |  64|   0|   64|          0|
    |gmem_addr_reg_304                          |  64|   0|   64|          0|
    |i_1_fu_72                                  |  31|   0|   31|          0|
    |icmp_ln117_reg_295                         |   1|   0|    1|          0|
    |icmp_ln119_reg_317                         |   1|   0|    1|          0|
    |zext_ln117_1_cast_reg_290                  |  31|   0|   64|         33|
    |zext_ln117_3_reg_299                       |  31|   0|   64|         33|
    +-------------------------------------------+----+----+-----+-----------+
    |Total                                      | 249|   0|  315|         66|
    +-------------------------------------------+----+----+-----+-----------+



================================================================
== Interface
================================================================
* Summary: 
+-----------------------+-----+-----+------------+-----------------------------------------+--------------+
|       RTL Ports       | Dir | Bits|  Protocol  |              Source Object              |    C Type    |
+-----------------------+-----+-----+------------+-----------------------------------------+--------------+
|ap_clk                 |   in|    1|  ap_ctrl_hs|  lesion_accel_Pipeline_VITIS_LOOP_117_12|  return value|
|ap_rst                 |   in|    1|  ap_ctrl_hs|  lesion_accel_Pipeline_VITIS_LOOP_117_12|  return value|
|ap_start               |   in|    1|  ap_ctrl_hs|  lesion_accel_Pipeline_VITIS_LOOP_117_12|  return value|
|ap_done                |  out|    1|  ap_ctrl_hs|  lesion_accel_Pipeline_VITIS_LOOP_117_12|  return value|
|ap_idle                |  out|    1|  ap_ctrl_hs|  lesion_accel_Pipeline_VITIS_LOOP_117_12|  return value|
|ap_ready               |  out|    1|  ap_ctrl_hs|  lesion_accel_Pipeline_VITIS_LOOP_117_12|  return value|
|m_axi_gmem_0_AWVALID   |  out|    1|       m_axi|                                     gmem|       pointer|
|m_axi_gmem_0_AWREADY   |   in|    1|       m_axi|                                     gmem|       pointer|
|m_axi_gmem_0_AWADDR    |  out|   64|       m_axi|                                     gmem|       pointer|
|m_axi_gmem_0_AWID      |  out|    1|       m_axi|                                     gmem|       pointer|
|m_axi_gmem_0_AWLEN     |  out|   32|       m_axi|                                     gmem|       pointer|
|m_axi_gmem_0_AWSIZE    |  out|    3|       m_axi|                                     gmem|       pointer|
|m_axi_gmem_0_AWBURST   |  out|    2|       m_axi|                                     gmem|       pointer|
|m_axi_gmem_0_AWLOCK    |  out|    2|       m_axi|                                     gmem|       pointer|
|m_axi_gmem_0_AWCACHE   |  out|    4|       m_axi|                                     gmem|       pointer|
|m_axi_gmem_0_AWPROT    |  out|    3|       m_axi|                                     gmem|       pointer|
|m_axi_gmem_0_AWQOS     |  out|    4|       m_axi|                                     gmem|       pointer|
|m_axi_gmem_0_AWREGION  |  out|    4|       m_axi|                                     gmem|       pointer|
|m_axi_gmem_0_AWUSER    |  out|    1|       m_axi|                                     gmem|       pointer|
|m_axi_gmem_0_WVALID    |  out|    1|       m_axi|                                     gmem|       pointer|
|m_axi_gmem_0_WREADY    |   in|    1|       m_axi|                                     gmem|       pointer|
|m_axi_gmem_0_WDATA     |  out|    8|       m_axi|                                     gmem|       pointer|
|m_axi_gmem_0_WSTRB     |  out|    1|       m_axi|                                     gmem|       pointer|
|m_axi_gmem_0_WLAST     |  out|    1|       m_axi|                                     gmem|       pointer|
|m_axi_gmem_0_WID       |  out|    1|       m_axi|                                     gmem|       pointer|
|m_axi_gmem_0_WUSER     |  out|    1|       m_axi|                                     gmem|       pointer|
|m_axi_gmem_0_ARVALID   |  out|    1|       m_axi|                                     gmem|       pointer|
|m_axi_gmem_0_ARREADY   |   in|    1|       m_axi|                                     gmem|       pointer|
|m_axi_gmem_0_ARADDR    |  out|   64|       m_axi|                                     gmem|       pointer|
|m_axi_gmem_0_ARID      |  out|    1|       m_axi|                                     gmem|       pointer|
|m_axi_gmem_0_ARLEN     |  out|   32|       m_axi|                                     gmem|       pointer|
|m_axi_gmem_0_ARSIZE    |  out|    3|       m_axi|                                     gmem|       pointer|
|m_axi_gmem_0_ARBURST   |  out|    2|       m_axi|                                     gmem|       pointer|
|m_axi_gmem_0_ARLOCK    |  out|    2|       m_axi|                                     gmem|       pointer|
|m_axi_gmem_0_ARCACHE   |  out|    4|       m_axi|                                     gmem|       pointer|
|m_axi_gmem_0_ARPROT    |  out|    3|       m_axi|                                     gmem|       pointer|
|m_axi_gmem_0_ARQOS     |  out|    4|       m_axi|                                     gmem|       pointer|
|m_axi_gmem_0_ARREGION  |  out|    4|       m_axi|                                     gmem|       pointer|
|m_axi_gmem_0_ARUSER    |  out|    1|       m_axi|                                     gmem|       pointer|
|m_axi_gmem_0_RVALID    |   in|    1|       m_axi|                                     gmem|       pointer|
|m_axi_gmem_0_RREADY    |  out|    1|       m_axi|                                     gmem|       pointer|
|m_axi_gmem_0_RDATA     |   in|    8|       m_axi|                                     gmem|       pointer|
|m_axi_gmem_0_RLAST     |   in|    1|       m_axi|                                     gmem|       pointer|
|m_axi_gmem_0_RID       |   in|    1|       m_axi|                                     gmem|       pointer|
|m_axi_gmem_0_RFIFONUM  |   in|   13|       m_axi|                                     gmem|       pointer|
|m_axi_gmem_0_RUSER     |   in|    1|       m_axi|                                     gmem|       pointer|
|m_axi_gmem_0_RRESP     |   in|    2|       m_axi|                                     gmem|       pointer|
|m_axi_gmem_0_BVALID    |   in|    1|       m_axi|                                     gmem|       pointer|
|m_axi_gmem_0_BREADY    |  out|    1|       m_axi|                                     gmem|       pointer|
|m_axi_gmem_0_BRESP     |   in|    2|       m_axi|                                     gmem|       pointer|
|m_axi_gmem_0_BID       |   in|    1|       m_axi|                                     gmem|       pointer|
|m_axi_gmem_0_BUSER     |   in|    1|       m_axi|                                     gmem|       pointer|
|mul_ln117              |   in|   32|     ap_none|                                mul_ln117|        scalar|
|zext_ln117             |   in|   31|     ap_none|                               zext_ln117|        scalar|
|arena                  |   in|   64|     ap_none|                                    arena|        scalar|
|zext_ln117_2           |   in|   31|     ap_none|                             zext_ln117_2|        scalar|
|d_load_6               |   in|   32|     ap_none|                                 d_load_6|        scalar|
|zext_ln117_1           |   in|   31|     ap_none|                             zext_ln117_1|        scalar|
+-----------------------+-----+-----+------------+-----------------------------------------+--------------+

