

================================================================
== Vitis HLS Report for 'lesion_accel_Pipeline_VITIS_LOOP_158_24'
================================================================
* Date:           Tue Sep 22 23:27:46 2026

* Version:        2025.2 (Build 6295257 on Nov 14 2025)
* Project:        lesion
* Solution:       solution1 (Vivado IP Flow Target)
* Product family: zynq
* Target device:  xc7z020-clg400-1


================================================================
== Performance Estimates
================================================================
+ Timing: 
    * Summary: 
    +--------+----------+----------+------------+
    |  Clock |  Target  | Estimated| Uncertainty|
    +--------+----------+----------+------------+
    |ap_clk  |  10.00 ns|  7.300 ns|     2.70 ns|
    +--------+----------+----------+------------+

+ Latency: 
    * Summary: 
    +---------+---------+----------+----------+-----+-----+-------------------+
    |  Latency (cycles) |  Latency (absolute) |  Interval |      Pipeline     |
    |   min   |   max   |    min   |    max   | min | max |        Type       |
    +---------+---------+----------+----------+-----+-----+-------------------+
    |       14|       14|  0.140 us|  0.140 us|    0|    0|  loop pipeline stp|
    +---------+---------+----------+----------+-----+-----+-------------------+

    + Detail: 
        * Instance: 
        N/A

        * Loop: 
        +---------------------+---------+---------+----------+-----------+-----------+------+----------+
        |                     |  Latency (cycles) | Iteration|  Initiation Interval  | Trip |          |
        |      Loop Name      |   min   |   max   |  Latency |  achieved |   target  | Count| Pipelined|
        +---------------------+---------+---------+----------+-----------+-----------+------+----------+
        |- VITIS_LOOP_158_24  |       12|       12|         3|          2|          1|     6|       yes|
        +---------------------+---------+---------+----------+-----------+-----------+------+----------+



================================================================
== Utilization Estimates
================================================================
* Summary: 
+-----------------+---------+-----+--------+-------+-----+
|       Name      | BRAM_18K| DSP |   FF   |  LUT  | URAM|
+-----------------+---------+-----+--------+-------+-----+
|DSP              |        -|    -|       -|      -|    -|
|Expression       |        -|    -|       0|     30|    -|
|FIFO             |        -|    -|       -|      -|    -|
|Instance         |        -|    -|       0|     31|    -|
|Memory           |        -|    -|       -|      -|    -|
|Multiplexer      |        -|    -|       0|     91|    -|
|Register         |        -|    -|      73|      -|    -|
+-----------------+---------+-----+--------+-------+-----+
|Total            |        0|    0|      73|    152|    0|
+-----------------+---------+-----+--------+-------+-----+
|Available        |      280|  220|  106400|  53200|    0|
+-----------------+---------+-----+--------+-------+-----+
|Utilization (%)  |        0|    0|      ~0|     ~0|    0|
+-----------------+---------+-----+--------+-------+-----+

+ Detail: 
    * Instance: 
    +---------------------------+-----------------------+---------+----+---+----+-----+
    |          Instance         |         Module        | BRAM_18K| DSP| FF| LUT| URAM|
    +---------------------------+-----------------------+---------+----+---+----+-----+
    |sparsemux_13_3_64_1_1_U18  |sparsemux_13_3_64_1_1  |        0|   0|  0|  31|    0|
    +---------------------------+-----------------------+---------+----+---+----+-----+
    |Total                      |                       |        0|   0|  0|  31|    0|
    +---------------------------+-----------------------+---------+----+---+----+-----+

    * DSP: 
    N/A

    * Memory: 
    N/A

    * FIFO: 
    N/A

    * Expression: 
    +--------------------------------+----------+----+---+----+------------+------------+
    |          Variable Name         | Operation| DSP| FF| LUT| Bitwidth P0| Bitwidth P1|
    +--------------------------------+----------+----+---+----+------------+------------+
    |add_ln158_fu_154_p2             |         +|   0|  0|  11|           3|           1|
    |ap_block_pp0_stage0_11001       |       and|   0|  0|   2|           1|           1|
    |ap_block_pp0_stage1_11001_grp1  |       and|   0|  0|   2|           1|           1|
    |ap_block_state2_io_grp1         |       and|   0|  0|   2|           1|           1|
    |icmp_ln158_fu_148_p2            |      icmp|   0|  0|  11|           3|           3|
    |ap_enable_pp0                   |       xor|   0|  0|   2|           1|           2|
    +--------------------------------+----------+----+---+----+------------+------------+
    |Total                           |          |   0|  0|  30|          10|           9|
    +--------------------------------+----------+----+---+----+------------+------------+

    * Multiplexer: 
    +-----------------------------+----+-----------+-----+-----------+
    |             Name            | LUT| Input Size| Bits| Total Bits|
    +-----------------------------+----+-----------+-----+-----------+
    |ap_NS_fsm                    |  14|          3|    1|          3|
    |ap_done_int                  |   9|          2|    1|          2|
    |ap_enable_reg_pp0_iter0      |   9|          2|    1|          2|
    |ap_enable_reg_pp0_iter0_reg  |   9|          2|    1|          2|
    |ap_enable_reg_pp0_iter1      |   9|          2|    1|          2|
    |ap_sig_allocacmp_i_2         |   9|          2|    3|          6|
    |controlmem_blk_n_W           |   9|          2|    1|          2|
    |i_fu_82                      |   9|          2|    3|          6|
    |m_axi_controlmem_0_WDATA     |  14|          3|   32|         96|
    +-----------------------------+----+-----------+-----+-----------+
    |Total                        |  91|         20|   44|        121|
    +-----------------------------+----+-----------+-----+-----------+

    * Register: 
    +-----------------------------+----+----+-----+-----------+
    |             Name            | FF | LUT| Bits| Const Bits|
    +-----------------------------+----+----+-----+-----------+
    |ap_CS_fsm                    |   2|   0|    2|          0|
    |ap_done_reg                  |   1|   0|    1|          0|
    |ap_enable_reg_pp0_iter0_reg  |   1|   0|    1|          0|
    |ap_enable_reg_pp0_iter1      |   1|   0|    1|          0|
    |i_fu_82                      |   3|   0|    3|          0|
    |icmp_ln158_reg_229           |   1|   0|    1|          0|
    |trunc_ln158_1_reg_238        |  32|   0|   32|          0|
    |trunc_ln158_reg_233          |  32|   0|   32|          0|
    +-----------------------------+----+----+-----+-----------+
    |Total                        |  73|   0|   73|          0|
    +-----------------------------+----+----+-----+-----------+



================================================================
== Interface
================================================================
* Summary: 
+-----------------------------+-----+-----+------------+-----------------------------------------+--------------+
|          RTL Ports          | Dir | Bits|  Protocol  |              Source Object              |    C Type    |
+-----------------------------+-----+-----+------------+-----------------------------------------+--------------+
|ap_clk                       |   in|    1|  ap_ctrl_hs|  lesion_accel_Pipeline_VITIS_LOOP_158_24|  return value|
|ap_rst                       |   in|    1|  ap_ctrl_hs|  lesion_accel_Pipeline_VITIS_LOOP_158_24|  return value|
|ap_start                     |   in|    1|  ap_ctrl_hs|  lesion_accel_Pipeline_VITIS_LOOP_158_24|  return value|
|ap_done                      |  out|    1|  ap_ctrl_hs|  lesion_accel_Pipeline_VITIS_LOOP_158_24|  return value|
|ap_idle                      |  out|    1|  ap_ctrl_hs|  lesion_accel_Pipeline_VITIS_LOOP_158_24|  return value|
|ap_ready                     |  out|    1|  ap_ctrl_hs|  lesion_accel_Pipeline_VITIS_LOOP_158_24|  return value|
|m_axi_controlmem_0_AWVALID   |  out|    1|       m_axi|                               controlmem|       pointer|
|m_axi_controlmem_0_AWREADY   |   in|    1|       m_axi|                               controlmem|       pointer|
|m_axi_controlmem_0_AWADDR    |  out|   64|       m_axi|                               controlmem|       pointer|
|m_axi_controlmem_0_AWID      |  out|    1|       m_axi|                               controlmem|       pointer|
|m_axi_controlmem_0_AWLEN     |  out|   32|       m_axi|                               controlmem|       pointer|
|m_axi_controlmem_0_AWSIZE    |  out|    3|       m_axi|                               controlmem|       pointer|
|m_axi_controlmem_0_AWBURST   |  out|    2|       m_axi|                               controlmem|       pointer|
|m_axi_controlmem_0_AWLOCK    |  out|    2|       m_axi|                               controlmem|       pointer|
|m_axi_controlmem_0_AWCACHE   |  out|    4|       m_axi|                               controlmem|       pointer|
|m_axi_controlmem_0_AWPROT    |  out|    3|       m_axi|                               controlmem|       pointer|
|m_axi_controlmem_0_AWQOS     |  out|    4|       m_axi|                               controlmem|       pointer|
|m_axi_controlmem_0_AWREGION  |  out|    4|       m_axi|                               controlmem|       pointer|
|m_axi_controlmem_0_AWUSER    |  out|    1|       m_axi|                               controlmem|       pointer|
|m_axi_controlmem_0_WVALID    |  out|    1|       m_axi|                               controlmem|       pointer|
|m_axi_controlmem_0_WREADY    |   in|    1|       m_axi|                               controlmem|       pointer|
|m_axi_controlmem_0_WDATA     |  out|   32|       m_axi|                               controlmem|       pointer|
|m_axi_controlmem_0_WSTRB     |  out|    4|       m_axi|                               controlmem|       pointer|
|m_axi_controlmem_0_WLAST     |  out|    1|       m_axi|                               controlmem|       pointer|
|m_axi_controlmem_0_WID       |  out|    1|       m_axi|                               controlmem|       pointer|
|m_axi_controlmem_0_WUSER     |  out|    1|       m_axi|                               controlmem|       pointer|
|m_axi_controlmem_0_ARVALID   |  out|    1|       m_axi|                               controlmem|       pointer|
|m_axi_controlmem_0_ARREADY   |   in|    1|       m_axi|                               controlmem|       pointer|
|m_axi_controlmem_0_ARADDR    |  out|   64|       m_axi|                               controlmem|       pointer|
|m_axi_controlmem_0_ARID      |  out|    1|       m_axi|                               controlmem|       pointer|
|m_axi_controlmem_0_ARLEN     |  out|   32|       m_axi|                               controlmem|       pointer|
|m_axi_controlmem_0_ARSIZE    |  out|    3|       m_axi|                               controlmem|       pointer|
|m_axi_controlmem_0_ARBURST   |  out|    2|       m_axi|                               controlmem|       pointer|
|m_axi_controlmem_0_ARLOCK    |  out|    2|       m_axi|                               controlmem|       pointer|
|m_axi_controlmem_0_ARCACHE   |  out|    4|       m_axi|                               controlmem|       pointer|
|m_axi_controlmem_0_ARPROT    |  out|    3|       m_axi|                               controlmem|       pointer|
|m_axi_controlmem_0_ARQOS     |  out|    4|       m_axi|                               controlmem|       pointer|
|m_axi_controlmem_0_ARREGION  |  out|    4|       m_axi|                               controlmem|       pointer|
|m_axi_controlmem_0_ARUSER    |  out|    1|       m_axi|                               controlmem|       pointer|
|m_axi_controlmem_0_RVALID    |   in|    1|       m_axi|                               controlmem|       pointer|
|m_axi_controlmem_0_RREADY    |  out|    1|       m_axi|                               controlmem|       pointer|
|m_axi_controlmem_0_RDATA     |   in|   32|       m_axi|                               controlmem|       pointer|
|m_axi_controlmem_0_RLAST     |   in|    1|       m_axi|                               controlmem|       pointer|
|m_axi_controlmem_0_RID       |   in|    1|       m_axi|                               controlmem|       pointer|
|m_axi_controlmem_0_RFIFONUM  |   in|    9|       m_axi|                               controlmem|       pointer|
|m_axi_controlmem_0_RUSER     |   in|    1|       m_axi|                               controlmem|       pointer|
|m_axi_controlmem_0_RRESP     |   in|    2|       m_axi|                               controlmem|       pointer|
|m_axi_controlmem_0_BVALID    |   in|    1|       m_axi|                               controlmem|       pointer|
|m_axi_controlmem_0_BREADY    |  out|    1|       m_axi|                               controlmem|       pointer|
|m_axi_controlmem_0_BRESP     |   in|    2|       m_axi|                               controlmem|       pointer|
|m_axi_controlmem_0_BID       |   in|    1|       m_axi|                               controlmem|       pointer|
|m_axi_controlmem_0_BUSER     |   in|    1|       m_axi|                               controlmem|       pointer|
|sext_ln158                   |   in|   62|     ap_none|                               sext_ln158|        scalar|
|inc49147_reload              |   in|   64|     ap_none|                          inc49147_reload|        scalar|
|add49449_reload              |   in|   64|     ap_none|                          add49449_reload|        scalar|
|add49751_reload              |   in|   64|     ap_none|                          add49751_reload|        scalar|
|add50153_reload              |   in|   64|     ap_none|                          add50153_reload|        scalar|
|add50555_reload              |   in|   64|     ap_none|                          add50555_reload|        scalar|
|add50957_reload              |   in|   64|     ap_none|                          add50957_reload|        scalar|
+-----------------------------+-----+-----+------------+-----------------------------------------+--------------+

