

================================================================
== Vitis HLS Report for 'lesion_accel_Pipeline_VITIS_LOOP_138_20_VITIS_LOOP_138_21'
================================================================
* Date:           Tue Sep 22 23:27:47 2026

* Version:        2025.2 (Build 6295257 on Nov 14 2025)
* Project:        lesion
* Solution:       solution1 (Vivado IP Flow Target)
* Product family: zynq
* Target device:  xc7z020-clg400-1


================================================================
== Performance Estimates
================================================================
+ Timing: 
    * Summary: 
    +--------+----------+----------+------------+
    |  Clock |  Target  | Estimated| Uncertainty|
    +--------+----------+----------+------------+
    |ap_clk  |  10.00 ns|  7.300 ns|     2.70 ns|
    +--------+----------+----------+------------+

+ Latency: 
    * Summary: 
    +---------+---------+----------+----------+-----+-----+-------------------+
    |  Latency (cycles) |  Latency (absolute) |  Interval |      Pipeline     |
    |   min   |   max   |    min   |    max   | min | max |        Type       |
    +---------+---------+----------+----------+-----+-----+-------------------+
    |       29|       29|  0.290 us|  0.290 us|    0|    0|  loop pipeline stp|
    +---------+---------+----------+----------+-----+-----+-------------------+

    + Detail: 
        * Instance: 
        N/A

        * Loop: 
        +---------------------------------------+---------+---------+----------+-----------+-----------+------+----------+
        |                                       |  Latency (cycles) | Iteration|  Initiation Interval  | Trip |          |
        |               Loop Name               |   min   |   max   |  Latency |  achieved |   target  | Count| Pipelined|
        +---------------------------------------+---------+---------+----------+-----------+-----------+------+----------+
        |- VITIS_LOOP_138_20_VITIS_LOOP_138_21  |       27|       27|        20|          1|          1|     9|       yes|
        +---------------------------------------+---------+---------+----------+-----------+-----------+------+----------+



================================================================
== Utilization Estimates
================================================================
* Summary: 
+-----------------+---------+-----+--------+-------+-----+
|       Name      | BRAM_18K| DSP |   FF   |  LUT  | URAM|
+-----------------+---------+-----+--------+-------+-----+
|DSP              |        -|    1|       -|      -|    -|
|Expression       |        -|    -|       0|    558|    -|
|FIFO             |        -|    -|       -|      -|    -|
|Instance         |        -|    -|       -|      -|    -|
|Memory           |        -|    -|       -|      -|    -|
|Multiplexer      |        -|    -|       0|     90|    -|
|Register         |        -|    -|     650|    128|    -|
+-----------------+---------+-----+--------+-------+-----+
|Total            |        0|    1|     650|    776|    0|
+-----------------+---------+-----+--------+-------+-----+
|Available        |      280|  220|  106400|  53200|    0|
+-----------------+---------+-----+--------+-------+-----+
|Utilization (%)  |        0|   ~0|      ~0|      1|    0|
+-----------------+---------+-----+--------+-------+-----+

+ Detail: 
    * Instance: 
    N/A

    * DSP: 
    +-----------------------------------+-------------------------------+--------------+
    |              Instance             |             Module            |  Expression  |
    +-----------------------------------+-------------------------------+--------------+
    |mac_muladd_8ns_3ns_14s_14_4_1_U29  |mac_muladd_8ns_3ns_14s_14_4_1  |  i0 * i1 + i2|
    +-----------------------------------+-------------------------------+--------------+

    * Memory: 
    N/A

    * FIFO: 
    N/A

    * Expression: 
    +---------------------------+----------+----+---+----+------------+------------+
    |       Variable Name       | Operation| DSP| FF| LUT| Bitwidth P0| Bitwidth P1|
    +---------------------------+----------+----+---+----+------------+------------+
    |add_ln138_fu_230_p2        |         +|   0|  0|  13|           4|           1|
    |add_ln142_1_fu_404_p2      |         +|   0|  0|  32|          32|          32|
    |add_ln142_2_fu_409_p2      |         +|   0|  0|  32|          32|          32|
    |add_ln142_3_fu_417_p2      |         +|   0|  0|  71|          64|          64|
    |add_ln142_fu_345_p2        |         +|   0|  0|  39|          32|          32|
    |dx_1_fu_290_p2             |         +|   0|  0|  11|           3|           1|
    |dy_2_fu_247_p2             |         +|   0|  0|  11|           3|           1|
    |xx_fu_353_p2               |         +|   0|  0|  39|          32|          32|
    |yy_fu_279_p2               |         +|   0|  0|  39|          32|          32|
    |icmp_ln138_1_fu_253_p2     |      icmp|   0|  0|  11|           3|           2|
    |icmp_ln138_fu_224_p2       |      icmp|   0|  0|  13|           4|           4|
    |icmp_ln141_1_fu_370_p2     |      icmp|   0|  0|  39|          32|          32|
    |icmp_ln141_fu_316_p2       |      icmp|   0|  0|  39|          32|          32|
    |icmp_ln142_1_fu_396_p2     |      icmp|   0|  0|  11|           3|           1|
    |icmp_ln142_fu_284_p2       |      icmp|   0|  0|  11|           3|           1|
    |ap_block_pp0_stage0_11001  |        or|   0|  0|   2|           1|           1|
    |select_ln136_fu_259_p3     |    select|   0|  0|   3|           1|           2|
    |select_ln138_fu_267_p3     |    select|   0|  0|   3|           1|           3|
    |select_ln141_2_fu_381_p3   |    select|   0|  0|  31|           1|          31|
    |select_ln141_fu_326_p3     |    select|   0|  0|  31|           1|          31|
    |select_ln142_1_fu_438_p3   |    select|   0|  0|   2|           1|           2|
    |select_ln142_2_fu_445_p3   |    select|   0|  0|   3|           1|           3|
    |select_ln142_fu_431_p3     |    select|   0|  0|   4|           1|           4|
    |xx_1_fu_388_p3             |    select|   0|  0|  31|           1|           1|
    |yy_1_fu_333_p3             |    select|   0|  0|  31|           1|           1|
    |ap_enable_pp0              |       xor|   0|  0|   2|           1|           2|
    |xor_ln141_1_fu_375_p2      |       xor|   0|  0|   2|           1|           2|
    |xor_ln141_fu_320_p2        |       xor|   0|  0|   2|           1|           2|
    +---------------------------+----------+----+---+----+------------+------------+
    |Total                      |          |   0|  0| 558|         324|         384|
    +---------------------------+----------+----+---+----+------------+------------+

    * Multiplexer: 
    +-----------------------------------------+----+-----------+-----+-----------+
    |                   Name                  | LUT| Input Size| Bits| Total Bits|
    +-----------------------------------------+----+-----------+-----+-----------+
    |ap_done_int                              |   9|          2|    1|          2|
    |ap_enable_reg_pp0_iter1                  |   9|          2|    1|          2|
    |ap_sig_allocacmp_indvar_flatten131_load  |   9|          2|    4|          8|
    |ap_sig_allocacmp_value_load_1            |   9|          2|   14|         28|
    |dx_fu_100                                |   9|          2|    3|          6|
    |dy_fu_104                                |   9|          2|    3|          6|
    |gmem_blk_n_AR                            |   9|          2|    1|          2|
    |gmem_blk_n_R                             |   9|          2|    1|          2|
    |indvar_flatten131_fu_108                 |   9|          2|    4|          8|
    |value_fu_96                              |   9|          2|   14|         28|
    +-----------------------------------------+----+-----------+-----+-----------+
    |Total                                    |  90|         20|   46|         92|
    +-----------------------------------------+----+-----------+-----+-----------+

    * Register: 
    +-------------------------------------------+----+----+-----+-----------+
    |                    Name                   | FF | LUT| Bits| Const Bits|
    +-------------------------------------------+----+----+-----+-----------+
    |add_ln142_2_reg_594                        |  32|   0|   32|          0|
    |add_ln142_reg_573                          |  32|   0|   32|          0|
    |ap_CS_fsm                                  |   1|   0|    1|          0|
    |ap_block_pp0_stage0_subdone_grp0_done_reg  |   1|   0|    1|          0|
    |ap_done_reg                                |   1|   0|    1|          0|
    |ap_enable_reg_pp0_iter1                    |   1|   0|    1|          0|
    |ap_enable_reg_pp0_iter10                   |   1|   0|    1|          0|
    |ap_enable_reg_pp0_iter11                   |   1|   0|    1|          0|
    |ap_enable_reg_pp0_iter12                   |   1|   0|    1|          0|
    |ap_enable_reg_pp0_iter13                   |   1|   0|    1|          0|
    |ap_enable_reg_pp0_iter14                   |   1|   0|    1|          0|
    |ap_enable_reg_pp0_iter15                   |   1|   0|    1|          0|
    |ap_enable_reg_pp0_iter16                   |   1|   0|    1|          0|
    |ap_enable_reg_pp0_iter17                   |   1|   0|    1|          0|
    |ap_enable_reg_pp0_iter18                   |   1|   0|    1|          0|
    |ap_enable_reg_pp0_iter19                   |   1|   0|    1|          0|
    |ap_enable_reg_pp0_iter2                    |   1|   0|    1|          0|
    |ap_enable_reg_pp0_iter3                    |   1|   0|    1|          0|
    |ap_enable_reg_pp0_iter4                    |   1|   0|    1|          0|
    |ap_enable_reg_pp0_iter5                    |   1|   0|    1|          0|
    |ap_enable_reg_pp0_iter6                    |   1|   0|    1|          0|
    |ap_enable_reg_pp0_iter7                    |   1|   0|    1|          0|
    |ap_enable_reg_pp0_iter8                    |   1|   0|    1|          0|
    |ap_enable_reg_pp0_iter9                    |   1|   0|    1|          0|
    |ap_loop_exit_ready_pp0_iter10_reg          |   1|   0|    1|          0|
    |ap_loop_exit_ready_pp0_iter11_reg          |   1|   0|    1|          0|
    |ap_loop_exit_ready_pp0_iter12_reg          |   1|   0|    1|          0|
    |ap_loop_exit_ready_pp0_iter13_reg          |   1|   0|    1|          0|
    |ap_loop_exit_ready_pp0_iter14_reg          |   1|   0|    1|          0|
    |ap_loop_exit_ready_pp0_iter15_reg          |   1|   0|    1|          0|
    |ap_loop_exit_ready_pp0_iter16_reg          |   1|   0|    1|          0|
    |ap_loop_exit_ready_pp0_iter17_reg          |   1|   0|    1|          0|
    |ap_loop_exit_ready_pp0_iter18_reg          |   1|   0|    1|          0|
    |ap_loop_exit_ready_pp0_iter1_reg           |   1|   0|    1|          0|
    |ap_loop_exit_ready_pp0_iter2_reg           |   1|   0|    1|          0|
    |ap_loop_exit_ready_pp0_iter3_reg           |   1|   0|    1|          0|
    |ap_loop_exit_ready_pp0_iter4_reg           |   1|   0|    1|          0|
    |ap_loop_exit_ready_pp0_iter5_reg           |   1|   0|    1|          0|
    |ap_loop_exit_ready_pp0_iter6_reg           |   1|   0|    1|          0|
    |ap_loop_exit_ready_pp0_iter7_reg           |   1|   0|    1|          0|
    |ap_loop_exit_ready_pp0_iter8_reg           |   1|   0|    1|          0|
    |ap_loop_exit_ready_pp0_iter9_reg           |   1|   0|    1|          0|
    |d_load_cast_reg_536                        |  31|   0|   32|          1|
    |dx_fu_100                                  |   3|   0|    3|          0|
    |dy_fu_104                                  |   3|   0|    3|          0|
    |gmem_addr_read_reg_605                     |   8|   0|    8|          0|
    |gmem_addr_reg_599                          |  64|   0|   64|          0|
    |icmp_ln138_reg_551                         |   1|   0|    1|          0|
    |icmp_ln142_1_reg_588                       |   1|   0|    1|          0|
    |icmp_ln142_reg_568                         |   1|   0|    1|          0|
    |indvar_flatten131_fu_108                   |   4|   0|    4|          0|
    |mul_ln142_reg_578                          |  32|   0|   32|          0|
    |select_ln136_reg_555                       |   3|   0|    3|          0|
    |value_fu_96                                |  14|   0|   14|          0|
    |xx_1_reg_583                               |  31|   0|   31|          0|
    |yy_reg_561                                 |  32|   0|   32|          0|
    |zext_ln140_1_cast_reg_541                  |  31|   0|   32|          1|
    |zext_ln140_cast_reg_546                    |  31|   0|   32|          1|
    |icmp_ln138_reg_551                         |  64|  32|    1|          0|
    |icmp_ln142_1_reg_588                       |  64|  32|    1|          0|
    |icmp_ln142_reg_568                         |  64|  32|    1|          0|
    |select_ln136_reg_555                       |  64|  32|    3|          0|
    +-------------------------------------------+----+----+-----+-----------+
    |Total                                      | 650| 128|  403|          3|
    +-------------------------------------------+----+----+-----+-----------+



================================================================
== Interface
================================================================
* Summary: 
+-----------------------+-----+-----+------------+-----------------------------------------------------------+--------------+
|       RTL Ports       | Dir | Bits|  Protocol  |                       Source Object                       |    C Type    |
+-----------------------+-----+-----+------------+-----------------------------------------------------------+--------------+
|ap_clk                 |   in|    1|  ap_ctrl_hs|  lesion_accel_Pipeline_VITIS_LOOP_138_20_VITIS_LOOP_138_21|  return value|
|ap_rst                 |   in|    1|  ap_ctrl_hs|  lesion_accel_Pipeline_VITIS_LOOP_138_20_VITIS_LOOP_138_21|  return value|
|ap_start               |   in|    1|  ap_ctrl_hs|  lesion_accel_Pipeline_VITIS_LOOP_138_20_VITIS_LOOP_138_21|  return value|
|ap_done                |  out|    1|  ap_ctrl_hs|  lesion_accel_Pipeline_VITIS_LOOP_138_20_VITIS_LOOP_138_21|  return value|
|ap_idle                |  out|    1|  ap_ctrl_hs|  lesion_accel_Pipeline_VITIS_LOOP_138_20_VITIS_LOOP_138_21|  return value|
|ap_ready               |  out|    1|  ap_ctrl_hs|  lesion_accel_Pipeline_VITIS_LOOP_138_20_VITIS_LOOP_138_21|  return value|
|grp_fu_747_p_din0      |  out|   32|  ap_ctrl_hs|  lesion_accel_Pipeline_VITIS_LOOP_138_20_VITIS_LOOP_138_21|  return value|
|grp_fu_747_p_din1      |  out|   32|  ap_ctrl_hs|  lesion_accel_Pipeline_VITIS_LOOP_138_20_VITIS_LOOP_138_21|  return value|
|grp_fu_747_p_dout0     |   in|   32|  ap_ctrl_hs|  lesion_accel_Pipeline_VITIS_LOOP_138_20_VITIS_LOOP_138_21|  return value|
|grp_fu_747_p_ce        |  out|    1|  ap_ctrl_hs|  lesion_accel_Pipeline_VITIS_LOOP_138_20_VITIS_LOOP_138_21|  return value|
|m_axi_gmem_0_AWVALID   |  out|    1|       m_axi|                                                       gmem|       pointer|
|m_axi_gmem_0_AWREADY   |   in|    1|       m_axi|                                                       gmem|       pointer|
|m_axi_gmem_0_AWADDR    |  out|   64|       m_axi|                                                       gmem|       pointer|
|m_axi_gmem_0_AWID      |  out|    1|       m_axi|                                                       gmem|       pointer|
|m_axi_gmem_0_AWLEN     |  out|   32|       m_axi|                                                       gmem|       pointer|
|m_axi_gmem_0_AWSIZE    |  out|    3|       m_axi|                                                       gmem|       pointer|
|m_axi_gmem_0_AWBURST   |  out|    2|       m_axi|                                                       gmem|       pointer|
|m_axi_gmem_0_AWLOCK    |  out|    2|       m_axi|                                                       gmem|       pointer|
|m_axi_gmem_0_AWCACHE   |  out|    4|       m_axi|                                                       gmem|       pointer|
|m_axi_gmem_0_AWPROT    |  out|    3|       m_axi|                                                       gmem|       pointer|
|m_axi_gmem_0_AWQOS     |  out|    4|       m_axi|                                                       gmem|       pointer|
|m_axi_gmem_0_AWREGION  |  out|    4|       m_axi|                                                       gmem|       pointer|
|m_axi_gmem_0_AWUSER    |  out|    1|       m_axi|                                                       gmem|       pointer|
|m_axi_gmem_0_WVALID    |  out|    1|       m_axi|                                                       gmem|       pointer|
|m_axi_gmem_0_WREADY    |   in|    1|       m_axi|                                                       gmem|       pointer|
|m_axi_gmem_0_WDATA     |  out|    8|       m_axi|                                                       gmem|       pointer|
|m_axi_gmem_0_WSTRB     |  out|    1|       m_axi|                                                       gmem|       pointer|
|m_axi_gmem_0_WLAST     |  out|    1|       m_axi|                                                       gmem|       pointer|
|m_axi_gmem_0_WID       |  out|    1|       m_axi|                                                       gmem|       pointer|
|m_axi_gmem_0_WUSER     |  out|    1|       m_axi|                                                       gmem|       pointer|
|m_axi_gmem_0_ARVALID   |  out|    1|       m_axi|                                                       gmem|       pointer|
|m_axi_gmem_0_ARREADY   |   in|    1|       m_axi|                                                       gmem|       pointer|
|m_axi_gmem_0_ARADDR    |  out|   64|       m_axi|                                                       gmem|       pointer|
|m_axi_gmem_0_ARID      |  out|    1|       m_axi|                                                       gmem|       pointer|
|m_axi_gmem_0_ARLEN     |  out|   32|       m_axi|                                                       gmem|       pointer|
|m_axi_gmem_0_ARSIZE    |  out|    3|       m_axi|                                                       gmem|       pointer|
|m_axi_gmem_0_ARBURST   |  out|    2|       m_axi|                                                       gmem|       pointer|
|m_axi_gmem_0_ARLOCK    |  out|    2|       m_axi|                                                       gmem|       pointer|
|m_axi_gmem_0_ARCACHE   |  out|    4|       m_axi|                                                       gmem|       pointer|
|m_axi_gmem_0_ARPROT    |  out|    3|       m_axi|                                                       gmem|       pointer|
|m_axi_gmem_0_ARQOS     |  out|    4|       m_axi|                                                       gmem|       pointer|
|m_axi_gmem_0_ARREGION  |  out|    4|       m_axi|                                                       gmem|       pointer|
|m_axi_gmem_0_ARUSER    |  out|    1|       m_axi|                                                       gmem|       pointer|
|m_axi_gmem_0_RVALID    |   in|    1|       m_axi|                                                       gmem|       pointer|
|m_axi_gmem_0_RREADY    |  out|    1|       m_axi|                                                       gmem|       pointer|
|m_axi_gmem_0_RDATA     |   in|    8|       m_axi|                                                       gmem|       pointer|
|m_axi_gmem_0_RLAST     |   in|    1|       m_axi|                                                       gmem|       pointer|
|m_axi_gmem_0_RID       |   in|    1|       m_axi|                                                       gmem|       pointer|
|m_axi_gmem_0_RFIFONUM  |   in|   13|       m_axi|                                                       gmem|       pointer|
|m_axi_gmem_0_RUSER     |   in|    1|       m_axi|                                                       gmem|       pointer|
|m_axi_gmem_0_RRESP     |   in|    2|       m_axi|                                                       gmem|       pointer|
|m_axi_gmem_0_BVALID    |   in|    1|       m_axi|                                                       gmem|       pointer|
|m_axi_gmem_0_BREADY    |  out|    1|       m_axi|                                                       gmem|       pointer|
|m_axi_gmem_0_BRESP     |   in|    2|       m_axi|                                                       gmem|       pointer|
|m_axi_gmem_0_BID       |   in|    1|       m_axi|                                                       gmem|       pointer|
|m_axi_gmem_0_BUSER     |   in|    1|       m_axi|                                                       gmem|       pointer|
|zext_ln140             |   in|   31|     ap_none|                                                 zext_ln140|        scalar|
|h                      |   in|   32|     ap_none|                                                          h|        scalar|
|add_ln87               |   in|   31|     ap_none|                                                   add_ln87|        scalar|
|empty                  |   in|   32|     ap_none|                                                      empty|        scalar|
|w                      |   in|   32|     ap_none|                                                          w|        scalar|
|zext_ln140_1           |   in|   31|     ap_none|                                               zext_ln140_1|        scalar|
|add_ln87_1             |   in|   31|     ap_none|                                                 add_ln87_1|        scalar|
|d_load                 |   in|   31|     ap_none|                                                     d_load|        scalar|
|arena                  |   in|   64|     ap_none|                                                      arena|        scalar|
|value_10_out           |  out|   14|      ap_vld|                                               value_10_out|       pointer|
|value_10_out_ap_vld    |  out|    1|      ap_vld|                                               value_10_out|       pointer|
+-----------------------+-----+-----+------------+-----------------------------------------------------------+--------------+

