

================================================================
== Vitis HLS Report for 'rq'
================================================================
* Date:           Sun Sep 27 08:32:14 2026

* Version:        2025.2 (Build 6295257 on Nov 14 2025)
* Project:        lesion
* Solution:       solution1 (Vivado IP Flow Target)
* Product family: zynq
* Target device:  xc7z020-clg400-1


================================================================
== Performance Estimates
================================================================
+ Timing: 
    * Summary: 
    +--------+----------+----------+------------+
    |  Clock |  Target  | Estimated| Uncertainty|
    +--------+----------+----------+------------+
    |ap_clk  |  10.00 ns|  7.014 ns|     2.70 ns|
    +--------+----------+----------+------------+

+ Latency: 
    * Summary: 
    +---------+---------+-----------+-----------+-----+-----+---------+
    |  Latency (cycles) |   Latency (absolute)  |  Interval | Pipeline|
    |   min   |   max   |    min    |    max    | min | max |   Type  |
    +---------+---------+-----------+-----------+-----+-----+---------+
    |        6|        6|  60.000 ns|  60.000 ns|    1|    1|      yes|
    +---------+---------+-----------+-----------+-----+-----+---------+

    + Detail: 
        * Instance: 
        N/A

        * Loop: 
        N/A



================================================================
== Utilization Estimates
================================================================
* Summary: 
+-----------------+---------+-----+--------+-------+-----+
|       Name      | BRAM_18K| DSP |   FF   |  LUT  | URAM|
+-----------------+---------+-----+--------+-------+-----+
|DSP              |        -|    -|       -|      -|    -|
|Expression       |        -|    -|       0|    967|    -|
|FIFO             |        -|    -|       -|      -|    -|
|Instance         |        -|    4|     165|     50|    -|
|Memory           |        -|    -|       -|      -|    -|
|Multiplexer      |        -|    -|       0|     14|    -|
|Register         |        -|    -|     773|     96|    -|
+-----------------+---------+-----+--------+-------+-----+
|Total            |        0|    4|     938|   1127|    0|
+-----------------+---------+-----+--------+-------+-----+
|Available        |      280|  220|  106400|  53200|    0|
+-----------------+---------+-----+--------+-------+-----+
|Utilization (%)  |        0|    1|      ~0|      2|    0|
+-----------------+---------+-----+--------+-------+-----+

+ Detail: 
    * Instance: 
    +------------------------+--------------------+---------+----+-----+----+-----+
    |        Instance        |       Module       | BRAM_18K| DSP|  FF | LUT| URAM|
    +------------------------+--------------------+---------+----+-----+----+-----+
    |mul_32s_32s_64_2_0_U14  |mul_32s_32s_64_2_0  |        0|   4|  165|  50|    0|
    +------------------------+--------------------+---------+----+-----+----+-----+
    |Total                   |                    |        0|   4|  165|  50|    0|
    +------------------------+--------------------+---------+----+-----+----+-----+

    * DSP: 
    N/A

    * Memory: 
    N/A

    * FIFO: 
    N/A

    * Expression: 
    +-------------------------+----------+----+---+-----+------------+------------+
    |      Variable Name      | Operation| DSP| FF| LUT | Bitwidth P0| Bitwidth P1|
    +-------------------------+----------+----+---+-----+------------+------------+
    |add_ln9_1_fu_126_p2      |         +|   0|  0|   71|          64|          64|
    |add_ln9_fu_96_p2         |         +|   0|  0|   39|          32|           2|
    |sub_ln10_fu_139_p2       |         -|   0|  0|   71|           1|          64|
    |sub_ln9_fu_111_p2        |         -|   0|  0|   70|           1|          63|
    |y_fu_134_p2              |      ashr|   0|  0|  182|          64|          64|
    |icmp_ln11_fu_160_p2      |      icmp|   0|  0|   64|          57|           1|
    |icmp_ln12_fu_178_p2      |      icmp|   0|  0|   71|          64|          64|
    |select_ln12_1_fu_195_p3  |    select|   0|  0|    8|           1|           8|
    |select_ln12_2_fu_171_p3  |    select|   0|  0|    9|           1|           1|
    |select_ln12_fu_184_p3    |    select|   0|  0|    9|           1|           1|
    |select_ln9_fu_116_p3     |    select|   0|  0|   63|           1|          63|
    |y_1_fu_144_p3            |    select|   0|  0|   64|           1|          64|
    |y_2_fu_165_p3            |    select|   0|  0|   64|           1|           7|
    |shl_ln9_fu_105_p2        |       shl|   0|  0|  182|           1|          64|
    +-------------------------+----------+----+---+-----+------------+------------+
    |Total                    |          |   0|  0|  967|         290|         530|
    +-------------------------+----------+----+---+-----+------------+------------+

    * Multiplexer: 
    +-----------+----+-----------+-----+-----------+
    |    Name   | LUT| Input Size| Bits| Total Bits|
    +-----------+----+-----------+-----+-----------+
    |ap_return  |  14|          3|    8|         24|
    +-----------+----+-----------+-----+-----------+
    |Total      |  14|          3|    8|         24|
    +-----------+----+-----------+-----+-----------+

    * Register: 
    +---------------------------+----+----+-----+-----------+
    |            Name           | FF | LUT| Bits| Const Bits|
    +---------------------------+----+----+-----+-----------+
    |add_ln9_1_reg_242          |  64|   0|   64|          0|
    |ap_ce_reg                  |   1|   0|    1|          0|
    |ap_return_int_reg          |   8|   0|    8|          0|
    |icmp_ln11_reg_263          |   1|   0|    1|          0|
    |multiplier_int_reg         |  32|   0|   32|          0|
    |relu_int_reg               |   1|   0|    1|          0|
    |relu_read_reg_203          |   1|   0|    1|          0|
    |shift_int_reg              |  32|   0|   32|          0|
    |shift_read_reg_209         |  32|   0|   32|          0|
    |shl_ln9_reg_237            |  64|   0|   64|          0|
    |tmp_1_reg_258              |  57|   0|   57|          0|
    |tmp_reg_231                |   1|   0|    1|          0|
    |trunc_ln8_reg_225          |  63|   0|   63|          0|
    |x_int_reg                  |  32|   0|   32|          0|
    |y_1_reg_253                |  64|   0|   64|          0|
    |y_1_reg_253_pp0_iter5_reg  |  64|   0|   64|          0|
    |y_reg_247                  |  64|   0|   64|          0|
    |relu_read_reg_203          |  64|  32|    1|          0|
    |shift_read_reg_209         |  64|  32|   32|          0|
    |tmp_reg_231                |  64|  32|    1|          0|
    +---------------------------+----+----+-----+-----------+
    |Total                      | 773|  96|  615|          0|
    +---------------------------+----+----+-----+-----------+



================================================================
== Interface
================================================================
* Summary: 
+------------+-----+-----+------------+--------------+--------------+
|  RTL Ports | Dir | Bits|  Protocol  | Source Object|    C Type    |
+------------+-----+-----+------------+--------------+--------------+
|ap_clk      |   in|    1|  ap_ctrl_hs|            rq|  return value|
|ap_rst      |   in|    1|  ap_ctrl_hs|            rq|  return value|
|ap_return   |  out|    8|  ap_ctrl_hs|            rq|  return value|
|ap_ce       |   in|    1|  ap_ctrl_hs|            rq|  return value|
|x           |   in|   32|     ap_none|             x|        scalar|
|multiplier  |   in|   32|     ap_none|    multiplier|        scalar|
|shift       |   in|   32|     ap_none|         shift|        scalar|
|relu        |   in|    1|     ap_none|          relu|        scalar|
+------------+-----+-----+------------+--------------+--------------+

